ca65 V2.19 - Git 92fa7cb23
Main file   : build/nes/src/nes/appkey.c.149386.0.s
Current file: build/nes/src/nes/appkey.c.149386.0.s

000000r 1               ;
000000r 1               ; File generated by cc65 v 2.19 - Git 92fa7cb23
000000r 1               ;
000000r 1               	.fopt		compiler,"cc65 v 2.19 - Git 92fa7cb23"
000000r 1               	.setcpu		"6502"
000000r 1               	.smart		on
000000r 1               	.autoimport	on
000000r 1               	.case		on
000000r 1               	.debuginfo	off
000000r 1               	.importzp	c_sp, sreg, regsave, regbank
000000r 1               	.importzp	tmp1, tmp2, tmp3, tmp4, ptr1, ptr2, ptr3, ptr4
000000r 1               	.macpack	longbranch
000000r 2               .macro  jeq     Target
000000r 2                       .if     .match(Target, 0)
000000r 2                       bne     *+5
000000r 2                       jmp     Target
000000r 2                       .elseif .def(Target) .and .const((*-2)-(Target)) .and ((*+2)-(Target) <= 127)
000000r 2                               beq     Target
000000r 2                       .else
000000r 2                               bne     *+5
000000r 2                               jmp     Target
000000r 2                       .endif
000000r 2               .endmacro
000000r 2               .macro  jne     Target
000000r 2                       .if     .match(Target, 0)
000000r 2                               beq     *+5
000000r 2                               jmp     Target
000000r 2                       .elseif .def(Target) .and .const((*-2)-(Target)) .and ((*+2)-(Target) <= 127)
000000r 2                               bne     Target
000000r 2                       .else
000000r 2                               beq     *+5
000000r 2                               jmp     Target
000000r 2                       .endif
000000r 2               .endmacro
000000r 2               .macro  jmi     Target
000000r 2                       .if     .match(Target, 0)
000000r 2                               bpl     *+5
000000r 2                               jmp     Target
000000r 2                       .elseif .def(Target) .and .const((*-2)-(Target)) .and ((*+2)-(Target) <= 127)
000000r 2                               bmi     Target
000000r 2                       .else
000000r 2                               bpl     *+5
000000r 2                               jmp     Target
000000r 2                       .endif
000000r 2               .endmacro
000000r 2               .macro  jpl     Target
000000r 2                       .if     .match(Target, 0)
000000r 2                               bmi     *+5
000000r 2                               jmp     Target
000000r 2                       .elseif .def(Target) .and .const((*-2)-(Target)) .and ((*+2)-(Target) <= 127)
000000r 2                               bpl     Target
000000r 2                       .else
000000r 2                               bmi     *+5
000000r 2                               jmp     Target
000000r 2                       .endif
000000r 2               .endmacro
000000r 2               .macro  jcs     Target
000000r 2                       .if     .match(Target, 0)
000000r 2                               bcc     *+5
000000r 2                               jmp     Target
000000r 2                       .elseif .def(Target) .and .const((*-2)-(Target)) .and ((*+2)-(Target) <= 127)
000000r 2                               bcs     Target
000000r 2                       .else
000000r 2                               bcc     *+5
000000r 2                               jmp     Target
000000r 2                       .endif
000000r 2               .endmacro
000000r 2               .macro  jcc     Target
000000r 2                       .if     .match(Target, 0)
000000r 2                               bcs     *+5
000000r 2                               jmp     Target
000000r 2                       .elseif .def(Target) .and .const((*-2)-(Target)) .and ((*+2)-(Target) <= 127)
000000r 2                               bcc     Target
000000r 2                       .else
000000r 2                               bcs     *+5
000000r 2                               jmp     Target
000000r 2                       .endif
000000r 2               .endmacro
000000r 2               .macro  jvs     Target
000000r 2                       .if     .match(Target, 0)
000000r 2                               bvc     *+5
000000r 2                               jmp     Target
000000r 2                       .elseif .def(Target) .and .const((*-2)-(Target)) .and ((*+2)-(Target) <= 127)
000000r 2                               bvs     Target
000000r 2                       .else
000000r 2                               bvc     *+5
000000r 2                               jmp     Target
000000r 2                       .endif
000000r 2               .endmacro
000000r 2               .macro  jvc     Target
000000r 2                       .if     .match(Target, 0)
000000r 2                               bvs     *+5
000000r 2                               jmp     Target
000000r 2                       .elseif .def(Target) .and .const((*-2)-(Target)) .and ((*+2)-(Target) <= 127)
000000r 2                               bvc     Target
000000r 2                       .else
000000r 2                               bvs     *+5
000000r 2                               jmp     Target
000000r 2                       .endif
000000r 2               .endmacro
000000r 2               
000000r 1               	.import		_strlen
000000r 1               	.import		_fuji_read_appkey_common
000000r 1               	.import		_fuji_write_appkey
000000r 1               	.import		_ak_creator_id
000000r 1               	.import		_ak_app_id
000000r 1               	.import		_ak_appkey_size
000000r 1               	.export		_read_appkey
000000r 1               	.export		_write_appkey
000000r 1               
000000r 1               ; ---------------------------------------------------------------
000000r 1               ; void __near__ read_appkey (unsigned int creator_id, unsigned char app_id, unsigned char key_id, char *data)
000000r 1               ; ---------------------------------------------------------------
000000r 1               
000000r 1               .segment	"CODE"
000000r 1               
000000r 1               .proc	_read_appkey: near
000000r 1               
000000r 1               .segment	"CODE"
000000r 1               
000000r 1  20 rr rr     	jsr     pushax
000003r 1  20 rr rr     	jsr     push0
000006r 1  A0 07        	ldy     #$07
000008r 1  20 rr rr     	jsr     ldaxysp
00000Br 1  8D rr rr     	sta     _ak_creator_id
00000Er 1  8E rr rr     	stx     _ak_creator_id+1
000011r 1  A0 05        	ldy     #$05
000013r 1  B1 rr        	lda     (c_sp),y
000015r 1  8D rr rr     	sta     _ak_app_id
000018r 1  A9 00        	lda     #$00
00001Ar 1  8D rr rr     	sta     _ak_appkey_size
00001Dr 1  88           	dey
00001Er 1  B1 rr        	lda     (c_sp),y
000020r 1  20 rr rr     	jsr     pusha
000023r 1  A9 01        	lda     #$01
000025r 1  20 rr rr     	jsr     leaa0sp
000028r 1  20 rr rr     	jsr     pushax
00002Br 1  A0 06        	ldy     #$06
00002Dr 1  20 rr rr     	jsr     ldaxysp
000030r 1  20 rr rr     	jsr     _fuji_read_appkey_common
000033r 1  AA           	tax
000034r 1  D0 03        	bne     L0002
000036r 1  20 rr rr     	jsr     stax0sp
000039r 1  20 rr rr     L0002:	jsr     ldax0sp
00003Cr 1  18           	clc
00003Dr 1  A0 02        	ldy     #$02
00003Fr 1  71 rr        	adc     (c_sp),y
000041r 1  85 rr        	sta     ptr1
000043r 1  8A           	txa
000044r 1  C8           	iny
000045r 1  71 rr        	adc     (c_sp),y
000047r 1  85 rr        	sta     ptr1+1
000049r 1  A9 00        	lda     #$00
00004Br 1  A8           	tay
00004Cr 1  91 rr        	sta     (ptr1),y
00004Er 1  4C rr rr     	jmp     incsp8
000051r 1               
000051r 1               .endproc
000051r 1               
000051r 1               ; ---------------------------------------------------------------
000051r 1               ; void __near__ write_appkey (unsigned int creator_id, unsigned char app_id, unsigned char key_id, const char *data)
000051r 1               ; ---------------------------------------------------------------
000051r 1               
000051r 1               .segment	"CODE"
000051r 1               
000051r 1               .proc	_write_appkey: near
000051r 1               
000051r 1               .segment	"CODE"
000051r 1               
000051r 1  20 rr rr     	jsr     pushax
000054r 1  A0 05        	ldy     #$05
000056r 1  20 rr rr     	jsr     ldaxysp
000059r 1  8D rr rr     	sta     _ak_creator_id
00005Cr 1  8E rr rr     	stx     _ak_creator_id+1
00005Fr 1  A0 03        	ldy     #$03
000061r 1  B1 rr        	lda     (c_sp),y
000063r 1  8D rr rr     	sta     _ak_app_id
000066r 1  A9 00        	lda     #$00
000068r 1  8D rr rr     	sta     _ak_appkey_size
00006Br 1  88           	dey
00006Cr 1  B1 rr        	lda     (c_sp),y
00006Er 1  20 rr rr     	jsr     pusha
000071r 1  A0 02        	ldy     #$02
000073r 1  20 rr rr     	jsr     ldaxysp
000076r 1  20 rr rr     	jsr     _strlen
000079r 1  20 rr rr     	jsr     pushax
00007Cr 1  A0 04        	ldy     #$04
00007Er 1  20 rr rr     	jsr     ldaxysp
000081r 1  20 rr rr     	jsr     _fuji_write_appkey
000084r 1  4C rr rr     	jmp     incsp6
000087r 1               
000087r 1               .endproc
000087r 1               
000087r 1               
