ca65 V2.19 - Git 92fa7cb23
Main file   : src/nes/chr.s
Current file: src/nes/chr.s

000000r 1               ; GENERATED by src/nes/mkchr.py -- the background pattern table at PPU $1000.
000000r 1               ; cc65's own font occupies CHARS ($0000); this is the one the game points
000000r 1               ; PPUCTRL at. Do not edit.
000000r 1               
000000r 1                       .segment "CHARS1"
000000r 1               
000000r 1  00 00 00 00          .byte $00, $00, $00, $00, $00, $00, $00, $00, $00, $00, $00, $00, $00, $00, $00, $00 ; tile $00
000004r 1  00 00 00 00  
000008r 1  00 00 00 00  
000010r 1  18 18 18 18          .byte $18, $18, $18, $18, $00, $18, $18, $00, $00, $00, $00, $00, $00, $00, $00, $00 ; tile $01
000014r 1  00 18 18 00  
000018r 1  00 00 00 00  
000020r 1  6C 6C 24 48          .byte $6C, $6C, $24, $48, $00, $00, $00, $00, $00, $00, $00, $00, $00, $00, $00, $00 ; tile $02
000024r 1  00 00 00 00  
000028r 1  00 00 00 00  
000030r 1  00 28 7C 28          .byte $00, $28, $7C, $28, $7C, $28, $00, $00, $00, $00, $00, $00, $00, $00, $00, $00 ; tile $03
000034r 1  7C 28 00 00  
000038r 1  00 00 00 00  
000040r 1  10 3C 50 38          .byte $10, $3C, $50, $38, $14, $78, $10, $00, $00, $00, $00, $00, $00, $00, $00, $00 ; tile $04
000044r 1  14 78 10 00  
000048r 1  00 00 00 00  
000050r 1  42 A4 48 10          .byte $42, $A4, $48, $10, $24, $4A, $84, $00, $00, $00, $00, $00, $00, $00, $00, $00 ; tile $05
000054r 1  24 4A 84 00  
000058r 1  00 00 00 00  
000060r 1  70 C8 E8 70          .byte $70, $C8, $E8, $70, $9E, $8C, $76, $00, $00, $00, $00, $00, $00, $00, $00, $00 ; tile $06
000064r 1  9E 8C 76 00  
000068r 1  00 00 00 00  
000070r 1  30 30 10 20          .byte $30, $30, $10, $20, $00, $00, $00, $00, $00, $00, $00, $00, $00, $00, $00, $00 ; tile $07
000074r 1  00 00 00 00  
000078r 1  00 00 00 00  
000080r 1  0C 18 30 30          .byte $0C, $18, $30, $30, $30, $18, $0C, $00, $00, $00, $00, $00, $00, $00, $00, $00 ; tile $08
000084r 1  30 18 0C 00  
000088r 1  00 00 00 00  
000090r 1  30 18 0C 0C          .byte $30, $18, $0C, $0C, $0C, $18, $30, $00, $00, $00, $00, $00, $00, $00, $00, $00 ; tile $09
000094r 1  0C 18 30 00  
000098r 1  00 00 00 00  
0000A0r 1  00 10 54 38          .byte $00, $10, $54, $38, $54, $10, $00, $00, $00, $00, $00, $00, $00, $00, $00, $00 ; tile $0A
0000A4r 1  54 10 00 00  
0000A8r 1  00 00 00 00  
0000B0r 1  00 10 10 7C          .byte $00, $10, $10, $7C, $10, $10, $00, $00, $00, $00, $00, $00, $00, $00, $00, $00 ; tile $0B
0000B4r 1  10 10 00 00  
0000B8r 1  00 00 00 00  
0000C0r 1  00 00 00 30          .byte $00, $00, $00, $30, $30, $10, $20, $00, $00, $00, $00, $00, $00, $00, $00, $00 ; tile $0C
0000C4r 1  30 10 20 00  
0000C8r 1  00 00 00 00  
0000D0r 1  00 00 00 7C          .byte $00, $00, $00, $7C, $00, $00, $00, $00, $00, $00, $00, $00, $00, $00, $00, $00 ; tile $0D
0000D4r 1  00 00 00 00  
0000D8r 1  00 00 00 00  
0000E0r 1  00 00 00 00          .byte $00, $00, $00, $00, $00, $30, $30, $00, $00, $00, $00, $00, $00, $00, $00, $00 ; tile $0E
0000E4r 1  00 30 30 00  
0000E8r 1  00 00 00 00  
0000F0r 1  02 04 08 10          .byte $02, $04, $08, $10, $20, $40, $80, $00, $00, $00, $00, $00, $00, $00, $00, $00 ; tile $0F
0000F4r 1  20 40 80 00  
0000F8r 1  00 00 00 00  
000100r 1  38 4C C6 C6          .byte $38, $4C, $C6, $C6, $C6, $64, $38, $00, $00, $00, $00, $00, $00, $00, $00, $00 ; tile $10
000104r 1  C6 64 38 00  
000108r 1  00 00 00 00  
000110r 1  18 38 18 18          .byte $18, $38, $18, $18, $18, $18, $7E, $00, $00, $00, $00, $00, $00, $00, $00, $00 ; tile $11
000114r 1  18 18 7E 00  
000118r 1  00 00 00 00  
000120r 1  7C C6 0E 3C          .byte $7C, $C6, $0E, $3C, $78, $E0, $FE, $00, $00, $00, $00, $00, $00, $00, $00, $00 ; tile $12
000124r 1  78 E0 FE 00  
000128r 1  00 00 00 00  
000130r 1  7E 0C 18 3C          .byte $7E, $0C, $18, $3C, $06, $C6, $7C, $00, $00, $00, $00, $00, $00, $00, $00, $00 ; tile $13
000134r 1  06 C6 7C 00  
000138r 1  00 00 00 00  
000140r 1  1C 3C 6C CC          .byte $1C, $3C, $6C, $CC, $FE, $0C, $0C, $00, $00, $00, $00, $00, $00, $00, $00, $00 ; tile $14
000144r 1  FE 0C 0C 00  
000148r 1  00 00 00 00  
000150r 1  FC C0 FC 06          .byte $FC, $C0, $FC, $06, $06, $C6, $7C, $00, $00, $00, $00, $00, $00, $00, $00, $00 ; tile $15
000154r 1  06 C6 7C 00  
000158r 1  00 00 00 00  
000160r 1  3C 60 C0 FC          .byte $3C, $60, $C0, $FC, $C6, $C6, $7C, $00, $00, $00, $00, $00, $00, $00, $00, $00 ; tile $16
000164r 1  C6 C6 7C 00  
000168r 1  00 00 00 00  
000170r 1  FE C6 0C 18          .byte $FE, $C6, $0C, $18, $30, $30, $30, $00, $00, $00, $00, $00, $00, $00, $00, $00 ; tile $17
000174r 1  30 30 30 00  
000178r 1  00 00 00 00  
000180r 1  78 C4 E4 78          .byte $78, $C4, $E4, $78, $9E, $86, $7C, $00, $00, $00, $00, $00, $00, $00, $00, $00 ; tile $18
000184r 1  9E 86 7C 00  
000188r 1  00 00 00 00  
000190r 1  7C C6 C6 7E          .byte $7C, $C6, $C6, $7E, $06, $0C, $78, $00, $00, $00, $00, $00, $00, $00, $00, $00 ; tile $19
000194r 1  06 0C 78 00  
000198r 1  00 00 00 00  
0001A0r 1  00 30 30 00          .byte $00, $30, $30, $00, $00, $30, $30, $00, $00, $00, $00, $00, $00, $00, $00, $00 ; tile $1A
0001A4r 1  00 30 30 00  
0001A8r 1  00 00 00 00  
0001B0r 1  30 30 00 30          .byte $30, $30, $00, $30, $30, $10, $20, $00, $00, $00, $00, $00, $00, $00, $00, $00 ; tile $1B
0001B4r 1  30 10 20 00  
0001B8r 1  00 00 00 00  
0001C0r 1  00 0C 18 30          .byte $00, $0C, $18, $30, $18, $0C, $00, $00, $00, $00, $00, $00, $00, $00, $00, $00 ; tile $1C
0001C4r 1  18 0C 00 00  
0001C8r 1  00 00 00 00  
0001D0r 1  00 00 7C 00          .byte $00, $00, $7C, $00, $7C, $00, $00, $00, $00, $00, $00, $00, $00, $00, $00, $00 ; tile $1D
0001D4r 1  7C 00 00 00  
0001D8r 1  00 00 00 00  
0001E0r 1  00 30 18 0C          .byte $00, $30, $18, $0C, $18, $30, $00, $00, $00, $00, $00, $00, $00, $00, $00, $00 ; tile $1E
0001E4r 1  18 30 00 00  
0001E8r 1  00 00 00 00  
0001F0r 1  7C C6 1C 30          .byte $7C, $C6, $1C, $30, $00, $30, $30, $00, $00, $00, $00, $00, $00, $00, $00, $00 ; tile $1F
0001F4r 1  00 30 30 00  
0001F8r 1  00 00 00 00  
000200r 1  7C C6 F6 D6          .byte $7C, $C6, $F6, $D6, $FC, $C0, $7C, $00, $00, $00, $00, $00, $00, $00, $00, $00 ; tile $20
000204r 1  FC C0 7C 00  
000208r 1  00 00 00 00  
000210r 1  38 6C C6 C6          .byte $38, $6C, $C6, $C6, $FE, $C6, $C6, $00, $00, $00, $00, $00, $00, $00, $00, $00 ; tile $21
000214r 1  FE C6 C6 00  
000218r 1  00 00 00 00  
000220r 1  FC C6 C6 FC          .byte $FC, $C6, $C6, $FC, $C6, $C6, $FC, $00, $00, $00, $00, $00, $00, $00, $00, $00 ; tile $22
000224r 1  C6 C6 FC 00  
000228r 1  00 00 00 00  
000230r 1  3C 66 C0 C0          .byte $3C, $66, $C0, $C0, $C0, $66, $3C, $00, $00, $00, $00, $00, $00, $00, $00, $00 ; tile $23
000234r 1  C0 66 3C 00  
000238r 1  00 00 00 00  
000240r 1  F8 CC C6 C6          .byte $F8, $CC, $C6, $C6, $C6, $CC, $F8, $00, $00, $00, $00, $00, $00, $00, $00, $00 ; tile $24
000244r 1  C6 CC F8 00  
000248r 1  00 00 00 00  
000250r 1  FE C0 C0 FC          .byte $FE, $C0, $C0, $FC, $C0, $C0, $FE, $00, $00, $00, $00, $00, $00, $00, $00, $00 ; tile $25
000254r 1  C0 C0 FE 00  
000258r 1  00 00 00 00  
000260r 1  FE C0 C0 FC          .byte $FE, $C0, $C0, $FC, $C0, $C0, $C0, $00, $00, $00, $00, $00, $00, $00, $00, $00 ; tile $26
000264r 1  C0 C0 C0 00  
000268r 1  00 00 00 00  
000270r 1  3E 60 C0 CE          .byte $3E, $60, $C0, $CE, $C6, $66, $3E, $00, $00, $00, $00, $00, $00, $00, $00, $00 ; tile $27
000274r 1  C6 66 3E 00  
000278r 1  00 00 00 00  
000280r 1  C6 C6 C6 FE          .byte $C6, $C6, $C6, $FE, $C6, $C6, $C6, $00, $00, $00, $00, $00, $00, $00, $00, $00 ; tile $28
000284r 1  C6 C6 C6 00  
000288r 1  00 00 00 00  
000290r 1  7E 18 18 18          .byte $7E, $18, $18, $18, $18, $18, $7E, $00, $00, $00, $00, $00, $00, $00, $00, $00 ; tile $29
000294r 1  18 18 7E 00  
000298r 1  00 00 00 00  
0002A0r 1  06 06 06 06          .byte $06, $06, $06, $06, $C6, $C6, $7C, $00, $00, $00, $00, $00, $00, $00, $00, $00 ; tile $2A
0002A4r 1  C6 C6 7C 00  
0002A8r 1  00 00 00 00  
0002B0r 1  C6 CC D8 F0          .byte $C6, $CC, $D8, $F0, $F8, $DC, $CE, $00, $00, $00, $00, $00, $00, $00, $00, $00 ; tile $2B
0002B4r 1  F8 DC CE 00  
0002B8r 1  00 00 00 00  
0002C0r 1  C0 C0 C0 C0          .byte $C0, $C0, $C0, $C0, $C0, $C0, $FE, $00, $00, $00, $00, $00, $00, $00, $00, $00 ; tile $2C
0002C4r 1  C0 C0 FE 00  
0002C8r 1  00 00 00 00  
0002D0r 1  C6 EE FE FE          .byte $C6, $EE, $FE, $FE, $D6, $C6, $C6, $00, $00, $00, $00, $00, $00, $00, $00, $00 ; tile $2D
0002D4r 1  D6 C6 C6 00  
0002D8r 1  00 00 00 00  
0002E0r 1  C6 E6 F6 FE          .byte $C6, $E6, $F6, $FE, $DE, $CE, $C6, $00, $00, $00, $00, $00, $00, $00, $00, $00 ; tile $2E
0002E4r 1  DE CE C6 00  
0002E8r 1  00 00 00 00  
0002F0r 1  7C C6 C6 C6          .byte $7C, $C6, $C6, $C6, $C6, $C6, $7C, $00, $00, $00, $00, $00, $00, $00, $00, $00 ; tile $2F
0002F4r 1  C6 C6 7C 00  
0002F8r 1  00 00 00 00  
000300r 1  FC C6 C6 C6          .byte $FC, $C6, $C6, $C6, $FC, $C0, $C0, $00, $00, $00, $00, $00, $00, $00, $00, $00 ; tile $30
000304r 1  FC C0 C0 00  
000308r 1  00 00 00 00  
000310r 1  7C C6 C6 C6          .byte $7C, $C6, $C6, $C6, $DE, $CC, $7A, $00, $00, $00, $00, $00, $00, $00, $00, $00 ; tile $31
000314r 1  DE CC 7A 00  
000318r 1  00 00 00 00  
000320r 1  FC C6 C6 CE          .byte $FC, $C6, $C6, $CE, $F8, $DC, $CE, $00, $00, $00, $00, $00, $00, $00, $00, $00 ; tile $32
000324r 1  F8 DC CE 00  
000328r 1  00 00 00 00  
000330r 1  78 CC C0 7C          .byte $78, $CC, $C0, $7C, $06, $C6, $7C, $00, $00, $00, $00, $00, $00, $00, $00, $00 ; tile $33
000334r 1  06 C6 7C 00  
000338r 1  00 00 00 00  
000340r 1  7E 18 18 18          .byte $7E, $18, $18, $18, $18, $18, $18, $00, $00, $00, $00, $00, $00, $00, $00, $00 ; tile $34
000344r 1  18 18 18 00  
000348r 1  00 00 00 00  
000350r 1  C6 C6 C6 C6          .byte $C6, $C6, $C6, $C6, $C6, $C6, $7C, $00, $00, $00, $00, $00, $00, $00, $00, $00 ; tile $35
000354r 1  C6 C6 7C 00  
000358r 1  00 00 00 00  
000360r 1  C6 C6 C6 EE          .byte $C6, $C6, $C6, $EE, $7C, $38, $10, $00, $00, $00, $00, $00, $00, $00, $00, $00 ; tile $36
000364r 1  7C 38 10 00  
000368r 1  00 00 00 00  
000370r 1  C6 C6 C6 D6          .byte $C6, $C6, $C6, $D6, $FE, $EE, $C6, $00, $00, $00, $00, $00, $00, $00, $00, $00 ; tile $37
000374r 1  FE EE C6 00  
000378r 1  00 00 00 00  
000380r 1  C6 EE 7C 38          .byte $C6, $EE, $7C, $38, $7C, $EE, $C6, $00, $00, $00, $00, $00, $00, $00, $00, $00 ; tile $38
000384r 1  7C EE C6 00  
000388r 1  00 00 00 00  
000390r 1  66 66 66 3C          .byte $66, $66, $66, $3C, $18, $18, $18, $00, $00, $00, $00, $00, $00, $00, $00, $00 ; tile $39
000394r 1  18 18 18 00  
000398r 1  00 00 00 00  
0003A0r 1  FE 0E 1C 38          .byte $FE, $0E, $1C, $38, $70, $E0, $FE, $00, $00, $00, $00, $00, $00, $00, $00, $00 ; tile $3A
0003A4r 1  70 E0 FE 00  
0003A8r 1  00 00 00 00  
0003B0r 1  38 30 30 30          .byte $38, $30, $30, $30, $30, $30, $38, $00, $00, $00, $00, $00, $00, $00, $00, $00 ; tile $3B
0003B4r 1  30 30 38 00  
0003B8r 1  00 00 00 00  
0003C0r 1  80 40 20 10          .byte $80, $40, $20, $10, $08, $04, $02, $00, $00, $00, $00, $00, $00, $00, $00, $00 ; tile $3C
0003C4r 1  08 04 02 00  
0003C8r 1  00 00 00 00  
0003D0r 1  38 18 18 18          .byte $38, $18, $18, $18, $18, $18, $38, $00, $00, $00, $00, $00, $00, $00, $00, $00 ; tile $3D
0003D4r 1  18 18 38 00  
0003D8r 1  00 00 00 00  
0003E0r 1  10 28 00 00          .byte $10, $28, $00, $00, $00, $00, $00, $00, $00, $00, $00, $00, $00, $00, $00, $00 ; tile $3E
0003E4r 1  00 00 00 00  
0003E8r 1  00 00 00 00  
0003F0r 1  00 00 00 00          .byte $00, $00, $00, $00, $00, $00, $FE, $00, $00, $00, $00, $00, $00, $00, $00, $00 ; tile $3F
0003F4r 1  00 00 FE 00  
0003F8r 1  00 00 00 00  
000400r 1  FF FF FF FF          .byte $FF, $FF, $FF, $FF, $FF, $FF, $FF, $FF, $FF, $FF, $FF, $FF, $FF, $FF, $FF, $FF ; tile $40
000404r 1  FF FF FF FF  
000408r 1  FF FF FF FF  
000410r 1  FF FF FF FF          .byte $FF, $FF, $FF, $FF, $FF, $FF, $FF, $FF, $E7, $E7, $E7, $E7, $FF, $E7, $E7, $FF ; tile $41
000414r 1  FF FF FF FF  
000418r 1  E7 E7 E7 E7  
000420r 1  FF FF FF FF          .byte $FF, $FF, $FF, $FF, $FF, $FF, $FF, $FF, $93, $93, $DB, $B7, $FF, $FF, $FF, $FF ; tile $42
000424r 1  FF FF FF FF  
000428r 1  93 93 DB B7  
000430r 1  FF FF FF FF          .byte $FF, $FF, $FF, $FF, $FF, $FF, $FF, $FF, $FF, $D7, $83, $D7, $83, $D7, $FF, $FF ; tile $43
000434r 1  FF FF FF FF  
000438r 1  FF D7 83 D7  
000440r 1  FF FF FF FF          .byte $FF, $FF, $FF, $FF, $FF, $FF, $FF, $FF, $EF, $C3, $AF, $C7, $EB, $87, $EF, $FF ; tile $44
000444r 1  FF FF FF FF  
000448r 1  EF C3 AF C7  
000450r 1  FF FF FF FF          .byte $FF, $FF, $FF, $FF, $FF, $FF, $FF, $FF, $BD, $5B, $B7, $EF, $DB, $B5, $7B, $FF ; tile $45
000454r 1  FF FF FF FF  
000458r 1  BD 5B B7 EF  
000460r 1  FF FF FF FF          .byte $FF, $FF, $FF, $FF, $FF, $FF, $FF, $FF, $8F, $37, $17, $8F, $61, $73, $89, $FF ; tile $46
000464r 1  FF FF FF FF  
000468r 1  8F 37 17 8F  
000470r 1  FF FF FF FF          .byte $FF, $FF, $FF, $FF, $FF, $FF, $FF, $FF, $CF, $CF, $EF, $DF, $FF, $FF, $FF, $FF ; tile $47
000474r 1  FF FF FF FF  
000478r 1  CF CF EF DF  
000480r 1  FF FF FF FF          .byte $FF, $FF, $FF, $FF, $FF, $FF, $FF, $FF, $F3, $E7, $CF, $CF, $CF, $E7, $F3, $FF ; tile $48
000484r 1  FF FF FF FF  
000488r 1  F3 E7 CF CF  
000490r 1  FF FF FF FF          .byte $FF, $FF, $FF, $FF, $FF, $FF, $FF, $FF, $CF, $E7, $F3, $F3, $F3, $E7, $CF, $FF ; tile $49
000494r 1  FF FF FF FF  
000498r 1  CF E7 F3 F3  
0004A0r 1  FF FF FF FF          .byte $FF, $FF, $FF, $FF, $FF, $FF, $FF, $FF, $FF, $EF, $AB, $C7, $AB, $EF, $FF, $FF ; tile $4A
0004A4r 1  FF FF FF FF  
0004A8r 1  FF EF AB C7  
0004B0r 1  FF FF FF FF          .byte $FF, $FF, $FF, $FF, $FF, $FF, $FF, $FF, $FF, $EF, $EF, $83, $EF, $EF, $FF, $FF ; tile $4B
0004B4r 1  FF FF FF FF  
0004B8r 1  FF EF EF 83  
0004C0r 1  FF FF FF FF          .byte $FF, $FF, $FF, $FF, $FF, $FF, $FF, $FF, $FF, $FF, $FF, $CF, $CF, $EF, $DF, $FF ; tile $4C
0004C4r 1  FF FF FF FF  
0004C8r 1  FF FF FF CF  
0004D0r 1  FF FF FF FF          .byte $FF, $FF, $FF, $FF, $FF, $FF, $FF, $FF, $FF, $FF, $FF, $83, $FF, $FF, $FF, $FF ; tile $4D
0004D4r 1  FF FF FF FF  
0004D8r 1  FF FF FF 83  
0004E0r 1  FF FF FF FF          .byte $FF, $FF, $FF, $FF, $FF, $FF, $FF, $FF, $FF, $FF, $FF, $FF, $FF, $CF, $CF, $FF ; tile $4E
0004E4r 1  FF FF FF FF  
0004E8r 1  FF FF FF FF  
0004F0r 1  FF FF FF FF          .byte $FF, $FF, $FF, $FF, $FF, $FF, $FF, $FF, $FD, $FB, $F7, $EF, $DF, $BF, $7F, $FF ; tile $4F
0004F4r 1  FF FF FF FF  
0004F8r 1  FD FB F7 EF  
000500r 1  FF FF FF FF          .byte $FF, $FF, $FF, $FF, $FF, $FF, $FF, $FF, $C7, $B3, $39, $39, $39, $9B, $C7, $FF ; tile $50
000504r 1  FF FF FF FF  
000508r 1  C7 B3 39 39  
000510r 1  FF FF FF FF          .byte $FF, $FF, $FF, $FF, $FF, $FF, $FF, $FF, $E7, $C7, $E7, $E7, $E7, $E7, $81, $FF ; tile $51
000514r 1  FF FF FF FF  
000518r 1  E7 C7 E7 E7  
000520r 1  FF FF FF FF          .byte $FF, $FF, $FF, $FF, $FF, $FF, $FF, $FF, $83, $39, $F1, $C3, $87, $1F, $01, $FF ; tile $52
000524r 1  FF FF FF FF  
000528r 1  83 39 F1 C3  
000530r 1  FF FF FF FF          .byte $FF, $FF, $FF, $FF, $FF, $FF, $FF, $FF, $81, $F3, $E7, $C3, $F9, $39, $83, $FF ; tile $53
000534r 1  FF FF FF FF  
000538r 1  81 F3 E7 C3  
000540r 1  FF FF FF FF          .byte $FF, $FF, $FF, $FF, $FF, $FF, $FF, $FF, $E3, $C3, $93, $33, $01, $F3, $F3, $FF ; tile $54
000544r 1  FF FF FF FF  
000548r 1  E3 C3 93 33  
000550r 1  FF FF FF FF          .byte $FF, $FF, $FF, $FF, $FF, $FF, $FF, $FF, $03, $3F, $03, $F9, $F9, $39, $83, $FF ; tile $55
000554r 1  FF FF FF FF  
000558r 1  03 3F 03 F9  
000560r 1  FF FF FF FF          .byte $FF, $FF, $FF, $FF, $FF, $FF, $FF, $FF, $C3, $9F, $3F, $03, $39, $39, $83, $FF ; tile $56
000564r 1  FF FF FF FF  
000568r 1  C3 9F 3F 03  
000570r 1  FF FF FF FF          .byte $FF, $FF, $FF, $FF, $FF, $FF, $FF, $FF, $01, $39, $F3, $E7, $CF, $CF, $CF, $FF ; tile $57
000574r 1  FF FF FF FF  
000578r 1  01 39 F3 E7  
000580r 1  FF FF FF FF          .byte $FF, $FF, $FF, $FF, $FF, $FF, $FF, $FF, $87, $3B, $1B, $87, $61, $79, $83, $FF ; tile $58
000584r 1  FF FF FF FF  
000588r 1  87 3B 1B 87  
000590r 1  FF FF FF FF          .byte $FF, $FF, $FF, $FF, $FF, $FF, $FF, $FF, $83, $39, $39, $81, $F9, $F3, $87, $FF ; tile $59
000594r 1  FF FF FF FF  
000598r 1  83 39 39 81  
0005A0r 1  FF FF FF FF          .byte $FF, $FF, $FF, $FF, $FF, $FF, $FF, $FF, $FF, $CF, $CF, $FF, $FF, $CF, $CF, $FF ; tile $5A
0005A4r 1  FF FF FF FF  
0005A8r 1  FF CF CF FF  
0005B0r 1  FF FF FF FF          .byte $FF, $FF, $FF, $FF, $FF, $FF, $FF, $FF, $CF, $CF, $FF, $CF, $CF, $EF, $DF, $FF ; tile $5B
0005B4r 1  FF FF FF FF  
0005B8r 1  CF CF FF CF  
0005C0r 1  FF FF FF FF          .byte $FF, $FF, $FF, $FF, $FF, $FF, $FF, $FF, $FF, $F3, $E7, $CF, $E7, $F3, $FF, $FF ; tile $5C
0005C4r 1  FF FF FF FF  
0005C8r 1  FF F3 E7 CF  
0005D0r 1  FF FF FF FF          .byte $FF, $FF, $FF, $FF, $FF, $FF, $FF, $FF, $FF, $FF, $83, $FF, $83, $FF, $FF, $FF ; tile $5D
0005D4r 1  FF FF FF FF  
0005D8r 1  FF FF 83 FF  
0005E0r 1  FF FF FF FF          .byte $FF, $FF, $FF, $FF, $FF, $FF, $FF, $FF, $FF, $CF, $E7, $F3, $E7, $CF, $FF, $FF ; tile $5E
0005E4r 1  FF FF FF FF  
0005E8r 1  FF CF E7 F3  
0005F0r 1  FF FF FF FF          .byte $FF, $FF, $FF, $FF, $FF, $FF, $FF, $FF, $83, $39, $E3, $CF, $FF, $CF, $CF, $FF ; tile $5F
0005F4r 1  FF FF FF FF  
0005F8r 1  83 39 E3 CF  
000600r 1  FF FF FF FF          .byte $FF, $FF, $FF, $FF, $FF, $FF, $FF, $FF, $83, $39, $09, $29, $03, $3F, $83, $FF ; tile $60
000604r 1  FF FF FF FF  
000608r 1  83 39 09 29  
000610r 1  FF FF FF FF          .byte $FF, $FF, $FF, $FF, $FF, $FF, $FF, $FF, $C7, $93, $39, $39, $01, $39, $39, $FF ; tile $61
000614r 1  FF FF FF FF  
000618r 1  C7 93 39 39  
000620r 1  FF FF FF FF          .byte $FF, $FF, $FF, $FF, $FF, $FF, $FF, $FF, $03, $39, $39, $03, $39, $39, $03, $FF ; tile $62
000624r 1  FF FF FF FF  
000628r 1  03 39 39 03  
000630r 1  FF FF FF FF          .byte $FF, $FF, $FF, $FF, $FF, $FF, $FF, $FF, $C3, $99, $3F, $3F, $3F, $99, $C3, $FF ; tile $63
000634r 1  FF FF FF FF  
000638r 1  C3 99 3F 3F  
000640r 1  FF FF FF FF          .byte $FF, $FF, $FF, $FF, $FF, $FF, $FF, $FF, $07, $33, $39, $39, $39, $33, $07, $FF ; tile $64
000644r 1  FF FF FF FF  
000648r 1  07 33 39 39  
000650r 1  FF FF FF FF          .byte $FF, $FF, $FF, $FF, $FF, $FF, $FF, $FF, $01, $3F, $3F, $03, $3F, $3F, $01, $FF ; tile $65
000654r 1  FF FF FF FF  
000658r 1  01 3F 3F 03  
000660r 1  FF FF FF FF          .byte $FF, $FF, $FF, $FF, $FF, $FF, $FF, $FF, $01, $3F, $3F, $03, $3F, $3F, $3F, $FF ; tile $66
000664r 1  FF FF FF FF  
000668r 1  01 3F 3F 03  
000670r 1  FF FF FF FF          .byte $FF, $FF, $FF, $FF, $FF, $FF, $FF, $FF, $C1, $9F, $3F, $31, $39, $99, $C1, $FF ; tile $67
000674r 1  FF FF FF FF  
000678r 1  C1 9F 3F 31  
000680r 1  FF FF FF FF          .byte $FF, $FF, $FF, $FF, $FF, $FF, $FF, $FF, $39, $39, $39, $01, $39, $39, $39, $FF ; tile $68
000684r 1  FF FF FF FF  
000688r 1  39 39 39 01  
000690r 1  FF FF FF FF          .byte $FF, $FF, $FF, $FF, $FF, $FF, $FF, $FF, $81, $E7, $E7, $E7, $E7, $E7, $81, $FF ; tile $69
000694r 1  FF FF FF FF  
000698r 1  81 E7 E7 E7  
0006A0r 1  FF FF FF FF          .byte $FF, $FF, $FF, $FF, $FF, $FF, $FF, $FF, $F9, $F9, $F9, $F9, $39, $39, $83, $FF ; tile $6A
0006A4r 1  FF FF FF FF  
0006A8r 1  F9 F9 F9 F9  
0006B0r 1  FF FF FF FF          .byte $FF, $FF, $FF, $FF, $FF, $FF, $FF, $FF, $39, $33, $27, $0F, $07, $23, $31, $FF ; tile $6B
0006B4r 1  FF FF FF FF  
0006B8r 1  39 33 27 0F  
0006C0r 1  FF FF FF FF          .byte $FF, $FF, $FF, $FF, $FF, $FF, $FF, $FF, $3F, $3F, $3F, $3F, $3F, $3F, $01, $FF ; tile $6C
0006C4r 1  FF FF FF FF  
0006C8r 1  3F 3F 3F 3F  
0006D0r 1  FF FF FF FF          .byte $FF, $FF, $FF, $FF, $FF, $FF, $FF, $FF, $39, $11, $01, $01, $29, $39, $39, $FF ; tile $6D
0006D4r 1  FF FF FF FF  
0006D8r 1  39 11 01 01  
0006E0r 1  FF FF FF FF          .byte $FF, $FF, $FF, $FF, $FF, $FF, $FF, $FF, $39, $19, $09, $01, $21, $31, $39, $FF ; tile $6E
0006E4r 1  FF FF FF FF  
0006E8r 1  39 19 09 01  
0006F0r 1  FF FF FF FF          .byte $FF, $FF, $FF, $FF, $FF, $FF, $FF, $FF, $83, $39, $39, $39, $39, $39, $83, $FF ; tile $6F
0006F4r 1  FF FF FF FF  
0006F8r 1  83 39 39 39  
000700r 1  FF FF FF FF          .byte $FF, $FF, $FF, $FF, $FF, $FF, $FF, $FF, $03, $39, $39, $39, $03, $3F, $3F, $FF ; tile $70
000704r 1  FF FF FF FF  
000708r 1  03 39 39 39  
000710r 1  FF FF FF FF          .byte $FF, $FF, $FF, $FF, $FF, $FF, $FF, $FF, $83, $39, $39, $39, $21, $33, $85, $FF ; tile $71
000714r 1  FF FF FF FF  
000718r 1  83 39 39 39  
000720r 1  FF FF FF FF          .byte $FF, $FF, $FF, $FF, $FF, $FF, $FF, $FF, $03, $39, $39, $31, $07, $23, $31, $FF ; tile $72
000724r 1  FF FF FF FF  
000728r 1  03 39 39 31  
000730r 1  FF FF FF FF          .byte $FF, $FF, $FF, $FF, $FF, $FF, $FF, $FF, $87, $33, $3F, $83, $F9, $39, $83, $FF ; tile $73
000734r 1  FF FF FF FF  
000738r 1  87 33 3F 83  
000740r 1  FF FF FF FF          .byte $FF, $FF, $FF, $FF, $FF, $FF, $FF, $FF, $81, $E7, $E7, $E7, $E7, $E7, $E7, $FF ; tile $74
000744r 1  FF FF FF FF  
000748r 1  81 E7 E7 E7  
000750r 1  FF FF FF FF          .byte $FF, $FF, $FF, $FF, $FF, $FF, $FF, $FF, $39, $39, $39, $39, $39, $39, $83, $FF ; tile $75
000754r 1  FF FF FF FF  
000758r 1  39 39 39 39  
000760r 1  FF FF FF FF          .byte $FF, $FF, $FF, $FF, $FF, $FF, $FF, $FF, $39, $39, $39, $11, $83, $C7, $EF, $FF ; tile $76
000764r 1  FF FF FF FF  
000768r 1  39 39 39 11  
000770r 1  FF FF FF FF          .byte $FF, $FF, $FF, $FF, $FF, $FF, $FF, $FF, $39, $39, $39, $29, $01, $11, $39, $FF ; tile $77
000774r 1  FF FF FF FF  
000778r 1  39 39 39 29  
000780r 1  FF FF FF FF          .byte $FF, $FF, $FF, $FF, $FF, $FF, $FF, $FF, $39, $11, $83, $C7, $83, $11, $39, $FF ; tile $78
000784r 1  FF FF FF FF  
000788r 1  39 11 83 C7  
000790r 1  FF FF FF FF          .byte $FF, $FF, $FF, $FF, $FF, $FF, $FF, $FF, $99, $99, $99, $C3, $E7, $E7, $E7, $FF ; tile $79
000794r 1  FF FF FF FF  
000798r 1  99 99 99 C3  
0007A0r 1  FF FF FF FF          .byte $FF, $FF, $FF, $FF, $FF, $FF, $FF, $FF, $01, $F1, $E3, $C7, $8F, $1F, $01, $FF ; tile $7A
0007A4r 1  FF FF FF FF  
0007A8r 1  01 F1 E3 C7  
0007B0r 1  FF FF FF FF          .byte $FF, $FF, $FF, $FF, $FF, $FF, $FF, $FF, $C7, $CF, $CF, $CF, $CF, $CF, $C7, $FF ; tile $7B
0007B4r 1  FF FF FF FF  
0007B8r 1  C7 CF CF CF  
0007C0r 1  FF FF FF FF          .byte $FF, $FF, $FF, $FF, $FF, $FF, $FF, $FF, $7F, $BF, $DF, $EF, $F7, $FB, $FD, $FF ; tile $7C
0007C4r 1  FF FF FF FF  
0007C8r 1  7F BF DF EF  
0007D0r 1  FF FF FF FF          .byte $FF, $FF, $FF, $FF, $FF, $FF, $FF, $FF, $C7, $E7, $E7, $E7, $E7, $E7, $C7, $FF ; tile $7D
0007D4r 1  FF FF FF FF  
0007D8r 1  C7 E7 E7 E7  
0007E0r 1  FF FF FF FF          .byte $FF, $FF, $FF, $FF, $FF, $FF, $FF, $FF, $EF, $D7, $FF, $FF, $FF, $FF, $FF, $FF ; tile $7E
0007E4r 1  FF FF FF FF  
0007E8r 1  EF D7 FF FF  
0007F0r 1  FF FF FF FF          .byte $FF, $FF, $FF, $FF, $FF, $FF, $FF, $FF, $FF, $FF, $FF, $FF, $FF, $FF, $01, $FF ; tile $7F
0007F4r 1  FF FF FF FF  
0007F8r 1  FF FF FF FF  
000800r 1  00 00 00 00          .byte $00, $00, $00, $00, $00, $00, $00, $00, $00, $00, $00, $00, $00, $00, $3F, $FF ; tile $80
000804r 1  00 00 00 00  
000808r 1  00 00 00 00  
000810r 1  00 00 00 00          .byte $00, $00, $00, $00, $00, $00, $00, $00, $FF, $3F, $00, $00, $00, $00, $00, $00 ; tile $81
000814r 1  00 00 00 00  
000818r 1  FF 3F 00 00  
000820r 1  00 00 00 00          .byte $00, $00, $00, $00, $00, $00, $00, $00, $00, $00, $00, $00, $00, $00, $FF, $FF ; tile $82
000824r 1  00 00 00 00  
000828r 1  00 00 00 00  
000830r 1  00 00 00 00          .byte $00, $00, $00, $00, $00, $00, $00, $00, $FF, $FF, $00, $00, $00, $00, $00, $00 ; tile $83
000834r 1  00 00 00 00  
000838r 1  FF FF 00 00  
000840r 1  00 00 00 00          .byte $00, $00, $00, $00, $00, $00, $00, $00, $00, $00, $00, $00, $00, $00, $3E, $FF ; tile $84
000844r 1  00 00 00 00  
000848r 1  00 00 00 00  
000850r 1  00 00 00 00          .byte $00, $00, $00, $00, $00, $00, $00, $00, $FF, $3E, $00, $00, $00, $00, $00, $00 ; tile $85
000854r 1  00 00 00 00  
000858r 1  FF 3E 00 00  
000860r 1  00 00 00 00          .byte $00, $00, $00, $00, $00, $00, $00, $00, $C0, $C0, $C0, $C0, $C0, $C0, $C0, $C0 ; tile $86
000864r 1  00 00 00 00  
000868r 1  C0 C0 C0 C0  
000870r 1  00 00 00 00          .byte $00, $00, $00, $00, $00, $00, $00, $00, $C0, $00, $00, $00, $00, $00, $00, $00 ; tile $87
000874r 1  00 00 00 00  
000878r 1  C0 00 00 00  
000880r 1  00 00 00 00          .byte $00, $00, $00, $00, $00, $00, $00, $00, $00, $00, $00, $00, $00, $00, $00, $C0 ; tile $88
000884r 1  00 00 00 00  
000888r 1  00 00 00 00  
000890r 1  00 00 00 00          .byte $00, $00, $00, $00, $00, $00, $00, $00, $00, $00, $00, $03, $07, $0E, $1C, $18 ; tile $89
000894r 1  00 00 00 00  
000898r 1  00 00 00 03  
0008A0r 1  00 00 00 00          .byte $00, $00, $00, $00, $00, $00, $00, $00, $00, $00, $00, $C0, $E0, $70, $38, $18 ; tile $8A
0008A4r 1  00 00 00 00  
0008A8r 1  00 00 00 C0  
0008B0r 1  00 00 00 00          .byte $00, $00, $00, $00, $00, $00, $00, $00, $00, $00, $00, $FF, $FF, $00, $00, $00 ; tile $8B
0008B4r 1  00 00 00 00  
0008B8r 1  00 00 00 FF  
0008C0r 1  00 00 00 00          .byte $00, $00, $00, $00, $00, $00, $00, $00, $18, $1C, $0E, $07, $03, $00, $00, $00 ; tile $8C
0008C4r 1  00 00 00 00  
0008C8r 1  18 1C 0E 07  
0008D0r 1  00 00 00 00          .byte $00, $00, $00, $00, $00, $00, $00, $00, $18, $38, $70, $E0, $C0, $00, $00, $00 ; tile $8D
0008D4r 1  00 00 00 00  
0008D8r 1  18 38 70 E0  
0008E0r 1  00 00 00 00          .byte $00, $00, $00, $00, $00, $00, $00, $00, $18, $18, $18, $18, $18, $18, $18, $18 ; tile $8E
0008E4r 1  00 00 00 00  
0008E8r 1  18 18 18 18  
0008F0r 1  00 00 00 00          .byte $00, $00, $00, $00, $00, $00, $00, $00, $00, $3C, $5A, $66, $66, $5A, $3C, $00 ; tile $8F
0008F4r 1  00 00 00 00  
0008F8r 1  00 3C 5A 66  
000900r 1  3F 3F 3F 3F          .byte $3F, $3F, $3F, $3F, $3F, $3F, $3F, $3F, $C0, $C0, $C0, $C0, $C0, $C0, $C0, $C0 ; tile $90
000904r 1  3F 3F 3F 3F  
000908r 1  C0 C0 C0 C0  
000910r 1  3F 13 25 09          .byte $3F, $13, $25, $09, $13, $25, $09, $13, $C0, $EC, $DA, $F6, $EC, $DA, $F6, $EC ; tile $91
000914r 1  13 25 09 13  
000918r 1  C0 EC DA F6  
000920r 1  13 09 25 13          .byte $13, $09, $25, $13, $09, $25, $13, $09, $EC, $F6, $DA, $EC, $F6, $DA, $EC, $F6 ; tile $92
000924r 1  09 25 13 09  
000928r 1  EC F6 DA EC  
000930r 1  09 13 25 09          .byte $09, $13, $25, $09, $13, $25, $09, $3F, $F6, $EC, $DA, $F6, $EC, $DA, $F6, $C0 ; tile $93
000934r 1  13 25 09 3F  
000938r 1  F6 EC DA F6  
000940r 1  3F 29 24 32          .byte $3F, $29, $24, $32, $29, $24, $32, $29, $C0, $D6, $DB, $CD, $D6, $DB, $CD, $D6 ; tile $94
000944r 1  29 24 32 29  
000948r 1  C0 D6 DB CD  
000950r 1  FF 93 25 49          .byte $FF, $93, $25, $49, $93, $25, $49, $93, $00, $6C, $DA, $B6, $6C, $DA, $B6, $6C ; tile $95
000954r 1  93 25 49 93  
000958r 1  00 6C DA B6  
000960r 1  29 32 24 29          .byte $29, $32, $24, $29, $32, $24, $29, $32, $D6, $CD, $DB, $D6, $CD, $DB, $D6, $CD ; tile $96
000964r 1  32 24 29 32  
000968r 1  D6 CD DB D6  
000970r 1  93 49 25 93          .byte $93, $49, $25, $93, $49, $25, $93, $49, $6C, $B6, $DA, $6C, $B6, $DA, $6C, $B6 ; tile $97
000974r 1  49 25 93 49  
000978r 1  6C B6 DA 6C  
000980r 1  32 29 24 32          .byte $32, $29, $24, $32, $29, $24, $32, $3F, $CD, $D6, $DB, $CD, $D6, $DB, $CD, $C0 ; tile $98
000984r 1  29 24 32 3F  
000988r 1  CD D6 DB CD  
000990r 1  49 93 25 49          .byte $49, $93, $25, $49, $93, $25, $49, $FF, $B6, $6C, $DA, $B6, $6C, $DA, $B6, $00 ; tile $99
000994r 1  93 25 49 FF  
000998r 1  B6 6C DA B6  
0009A0r 1  3F FF 24 32          .byte $3F, $FF, $24, $32, $29, $24, $FF, $3F, $C0, $FF, $DB, $CD, $D6, $DB, $FF, $C0 ; tile $9A
0009A4r 1  29 24 FF 3F  
0009A8r 1  C0 FF DB CD  
0009B0r 1  FF FF 25 49          .byte $FF, $FF, $25, $49, $93, $25, $FF, $FF, $00, $FF, $DA, $B6, $6C, $DA, $FF, $00 ; tile $9B
0009B4r 1  93 25 FF FF  
0009B8r 1  00 FF DA B6  
0009C0r 1  FF FF FF FF          .byte $FF, $FF, $FF, $FF, $FF, $FF, $FF, $FF, $00, $00, $00, $00, $00, $00, $00, $00 ; tile $9C
0009C4r 1  FF FF FF FF  
0009C8r 1  00 00 00 00  
0009D0r 1  FF C7 BB FB          .byte $FF, $C7, $BB, $FB, $F7, $EF, $DF, $83, $00, $38, $44, $04, $08, $10, $20, $7C ; tile $9D
0009D4r 1  F7 EF DF 83  
0009D8r 1  00 38 44 04  
0009E0r 1  FF C7 BB FB          .byte $FF, $C7, $BB, $FB, $E7, $FB, $BB, $C7, $00, $38, $44, $04, $18, $04, $44, $38 ; tile $9E
0009E4r 1  E7 FB BB C7  
0009E8r 1  00 38 44 04  
0009F0r 1  FF F7 E7 D7          .byte $FF, $F7, $E7, $D7, $B7, $83, $F7, $F7, $00, $08, $18, $28, $48, $7C, $08, $08 ; tile $9F
0009F4r 1  B7 83 F7 F7  
0009F8r 1  00 08 18 28  
000A00r 1  FF 83 BF 87          .byte $FF, $83, $BF, $87, $FB, $FB, $BB, $C7, $00, $7C, $40, $78, $04, $04, $44, $38 ; tile $A0
000A04r 1  FB FB BB C7  
000A08r 1  00 7C 40 78  
000A10r 1  FF E7 DF BF          .byte $FF, $E7, $DF, $BF, $87, $BB, $BB, $C7, $00, $18, $20, $40, $78, $44, $44, $38 ; tile $A1
000A14r 1  87 BB BB C7  
000A18r 1  00 18 20 40  
000A20r 1  FF 83 FB F7          .byte $FF, $83, $FB, $F7, $EF, $DF, $DF, $DF, $00, $7C, $04, $08, $10, $20, $20, $20 ; tile $A2
000A24r 1  EF DF DF DF  
000A28r 1  00 7C 04 08  
000A30r 1  FF C7 BB BB          .byte $FF, $C7, $BB, $BB, $C7, $BB, $BB, $C7, $00, $38, $44, $44, $38, $44, $44, $38 ; tile $A3
000A34r 1  C7 BB BB C7  
000A38r 1  00 38 44 44  
000A40r 1  FF C7 BB BB          .byte $FF, $C7, $BB, $BB, $C3, $FB, $F7, $CF, $00, $38, $44, $44, $3C, $04, $08, $30 ; tile $A4
000A44r 1  C3 FB F7 CF  
000A48r 1  00 38 44 44  
000A50r 1  FF B3 2D AD          .byte $FF, $B3, $2D, $AD, $AD, $AD, $AD, $B3, $00, $4C, $D2, $52, $52, $52, $52, $4C ; tile $A5
000A54r 1  AD AD AD B3  
000A58r 1  00 4C D2 52  
000A60r 1  FF FB FB FB          .byte $FF, $FB, $FB, $FB, $FB, $FB, $BB, $C7, $00, $04, $04, $04, $04, $04, $44, $38 ; tile $A6
000A64r 1  FB FB BB C7  
000A68r 1  00 04 04 04  
000A70r 1  FF C7 BB BB          .byte $FF, $C7, $BB, $BB, $BB, $AB, $B7, $CB, $00, $38, $44, $44, $44, $54, $48, $34 ; tile $A7
000A74r 1  BB AB B7 CB  
000A78r 1  00 38 44 44  
000A80r 1  FF BB B7 AF          .byte $FF, $BB, $B7, $AF, $9F, $AF, $B7, $BB, $00, $44, $48, $50, $60, $50, $48, $44 ; tile $A8
000A84r 1  9F AF B7 BB  
000A88r 1  00 44 48 50  
000A90r 1  FF E3 DD DD          .byte $FF, $E3, $DD, $DD, $C1, $DD, $DD, $DD, $00, $1C, $22, $22, $3E, $22, $22, $22 ; tile $A9
000A94r 1  C1 DD DD DD  
000A98r 1  00 1C 22 22  
000AA0r 1  FF FF FF FF          .byte $FF, $FF, $FF, $FF, $FF, $FF, $FF, $FF, $00, $38, $44, $04, $08, $10, $20, $7C ; tile $AA
000AA4r 1  FF FF FF FF  
000AA8r 1  00 38 44 04  
000AB0r 1  FF FF FF FF          .byte $FF, $FF, $FF, $FF, $FF, $FF, $FF, $FF, $00, $38, $44, $04, $18, $04, $44, $38 ; tile $AB
000AB4r 1  FF FF FF FF  
000AB8r 1  00 38 44 04  
000AC0r 1  FF FF FF FF          .byte $FF, $FF, $FF, $FF, $FF, $FF, $FF, $FF, $00, $08, $18, $28, $48, $7C, $08, $08 ; tile $AC
000AC4r 1  FF FF FF FF  
000AC8r 1  00 08 18 28  
000AD0r 1  FF FF FF FF          .byte $FF, $FF, $FF, $FF, $FF, $FF, $FF, $FF, $00, $7C, $40, $78, $04, $04, $44, $38 ; tile $AD
000AD4r 1  FF FF FF FF  
000AD8r 1  00 7C 40 78  
000AE0r 1  FF FF FF FF          .byte $FF, $FF, $FF, $FF, $FF, $FF, $FF, $FF, $00, $18, $20, $40, $78, $44, $44, $38 ; tile $AE
000AE4r 1  FF FF FF FF  
000AE8r 1  00 18 20 40  
000AF0r 1  FF FF FF FF          .byte $FF, $FF, $FF, $FF, $FF, $FF, $FF, $FF, $00, $7C, $04, $08, $10, $20, $20, $20 ; tile $AF
000AF4r 1  FF FF FF FF  
000AF8r 1  00 7C 04 08  
000B00r 1  FF FF FF FF          .byte $FF, $FF, $FF, $FF, $FF, $FF, $FF, $FF, $00, $38, $44, $44, $38, $44, $44, $38 ; tile $B0
000B04r 1  FF FF FF FF  
000B08r 1  00 38 44 44  
000B10r 1  FF FF FF FF          .byte $FF, $FF, $FF, $FF, $FF, $FF, $FF, $FF, $00, $38, $44, $44, $3C, $04, $08, $30 ; tile $B1
000B14r 1  FF FF FF FF  
000B18r 1  00 38 44 44  
000B20r 1  FF FF FF FF          .byte $FF, $FF, $FF, $FF, $FF, $FF, $FF, $FF, $00, $4C, $D2, $52, $52, $52, $52, $4C ; tile $B2
000B24r 1  FF FF FF FF  
000B28r 1  00 4C D2 52  
000B30r 1  FF FF FF FF          .byte $FF, $FF, $FF, $FF, $FF, $FF, $FF, $FF, $00, $04, $04, $04, $04, $04, $44, $38 ; tile $B3
000B34r 1  FF FF FF FF  
000B38r 1  00 04 04 04  
000B40r 1  FF FF FF FF          .byte $FF, $FF, $FF, $FF, $FF, $FF, $FF, $FF, $00, $38, $44, $44, $44, $54, $48, $34 ; tile $B4
000B44r 1  FF FF FF FF  
000B48r 1  00 38 44 44  
000B50r 1  FF FF FF FF          .byte $FF, $FF, $FF, $FF, $FF, $FF, $FF, $FF, $00, $44, $48, $50, $60, $50, $48, $44 ; tile $B5
000B54r 1  FF FF FF FF  
000B58r 1  00 44 48 50  
000B60r 1  FF FF FF FF          .byte $FF, $FF, $FF, $FF, $FF, $FF, $FF, $FF, $00, $1C, $22, $22, $3E, $22, $22, $22 ; tile $B6
000B64r 1  FF FF FF FF  
000B68r 1  00 1C 22 22  
000B70r 1  EF C7 83 01          .byte $EF, $C7, $83, $01, $83, $C7, $EF, $FF, $10, $38, $7C, $FE, $7C, $38, $10, $00 ; tile $B7
000B74r 1  83 C7 EF FF  
000B78r 1  10 38 7C FE  
000B80r 1  FF 93 01 01          .byte $FF, $93, $01, $01, $83, $C7, $EF, $FF, $00, $6C, $FE, $FE, $7C, $38, $10, $00 ; tile $B8
000B84r 1  83 C7 EF FF  
000B88r 1  00 6C FE FE  
000B90r 1  FF FF FF FF          .byte $FF, $FF, $FF, $FF, $FF, $FF, $FF, $FF, $10, $38, $7C, $FE, $EE, $10, $7C, $00 ; tile $B9
000B94r 1  FF FF FF FF  
000B98r 1  10 38 7C FE  
000BA0r 1  FF FF FF FF          .byte $FF, $FF, $FF, $FF, $FF, $FF, $FF, $FF, $38, $38, $D6, $FE, $EE, $10, $7C, $00 ; tile $BA
000BA4r 1  FF FF FF FF  
000BA8r 1  38 38 D6 FE  
000BB0r 1  F0 C0 80 80          .byte $F0, $C0, $80, $80, $00, $00, $00, $00, $F0, $C0, $80, $80, $00, $00, $00, $00 ; tile $BB
000BB4r 1  00 00 00 00  
000BB8r 1  F0 C0 80 80  
000BC0r 1  0F 03 01 01          .byte $0F, $03, $01, $01, $00, $00, $00, $00, $0F, $03, $01, $01, $00, $00, $00, $00 ; tile $BC
000BC4r 1  00 00 00 00  
000BC8r 1  0F 03 01 01  
000BD0r 1  00 00 00 00          .byte $00, $00, $00, $00, $80, $80, $C0, $F0, $00, $00, $00, $00, $80, $80, $C0, $F0 ; tile $BD
000BD4r 1  80 80 C0 F0  
000BD8r 1  00 00 00 00  
000BE0r 1  00 00 00 00          .byte $00, $00, $00, $00, $01, $01, $03, $0F, $00, $00, $00, $00, $01, $01, $03, $0F ; tile $BE
000BE4r 1  01 01 03 0F  
000BE8r 1  00 00 00 00  
000BF0r 1  FF FF FF FF          .byte $FF, $FF, $FF, $FF, $FF, $FF, $FF, $00, $FF, $FF, $FF, $FF, $FF, $FF, $FF, $FF ; tile $BF
000BF4r 1  FF FF FF 00  
000BF8r 1  FF FF FF FF  
000C00r 1  FF FF FF FF          .byte $FF, $FF, $FF, $FF, $FF, $FF, $FF, $00, $C7, $B3, $39, $39, $39, $9B, $C7, $FF ; tile $C0
000C04r 1  FF FF FF 00  
000C08r 1  C7 B3 39 39  
000C10r 1  FF FF FF FF          .byte $FF, $FF, $FF, $FF, $FF, $FF, $FF, $00, $E7, $C7, $E7, $E7, $E7, $E7, $81, $FF ; tile $C1
000C14r 1  FF FF FF 00  
000C18r 1  E7 C7 E7 E7  
000C20r 1  FF FF FF FF          .byte $FF, $FF, $FF, $FF, $FF, $FF, $FF, $00, $83, $39, $F1, $C3, $87, $1F, $01, $FF ; tile $C2
000C24r 1  FF FF FF 00  
000C28r 1  83 39 F1 C3  
000C30r 1  FF FF FF FF          .byte $FF, $FF, $FF, $FF, $FF, $FF, $FF, $00, $81, $F3, $E7, $C3, $F9, $39, $83, $FF ; tile $C3
000C34r 1  FF FF FF 00  
000C38r 1  81 F3 E7 C3  
000C40r 1  FF FF FF FF          .byte $FF, $FF, $FF, $FF, $FF, $FF, $FF, $00, $E3, $C3, $93, $33, $01, $F3, $F3, $FF ; tile $C4
000C44r 1  FF FF FF 00  
000C48r 1  E3 C3 93 33  
000C50r 1  FF FF FF FF          .byte $FF, $FF, $FF, $FF, $FF, $FF, $FF, $00, $03, $3F, $03, $F9, $F9, $39, $83, $FF ; tile $C5
000C54r 1  FF FF FF 00  
000C58r 1  03 3F 03 F9  
000C60r 1  FF FF FF FF          .byte $FF, $FF, $FF, $FF, $FF, $FF, $FF, $00, $C3, $9F, $3F, $03, $39, $39, $83, $FF ; tile $C6
000C64r 1  FF FF FF 00  
000C68r 1  C3 9F 3F 03  
000C70r 1  FF FF FF FF          .byte $FF, $FF, $FF, $FF, $FF, $FF, $FF, $00, $01, $39, $F3, $E7, $CF, $CF, $CF, $FF ; tile $C7
000C74r 1  FF FF FF 00  
000C78r 1  01 39 F3 E7  
000C80r 1  FF FF FF FF          .byte $FF, $FF, $FF, $FF, $FF, $FF, $FF, $00, $87, $3B, $1B, $87, $61, $79, $83, $FF ; tile $C8
000C84r 1  FF FF FF 00  
000C88r 1  87 3B 1B 87  
000C90r 1  FF FF FF FF          .byte $FF, $FF, $FF, $FF, $FF, $FF, $FF, $00, $83, $39, $39, $81, $F9, $F3, $87, $FF ; tile $C9
000C94r 1  FF FF FF 00  
000C98r 1  83 39 39 81  
000CA0r 1  FF FF FF FF          .byte $FF, $FF, $FF, $FF, $FF, $FF, $FF, $00, $C7, $93, $39, $39, $01, $39, $39, $FF ; tile $CA
000CA4r 1  FF FF FF 00  
000CA8r 1  C7 93 39 39  
000CB0r 1  FF FF FF FF          .byte $FF, $FF, $FF, $FF, $FF, $FF, $FF, $00, $03, $39, $39, $03, $39, $39, $03, $FF ; tile $CB
000CB4r 1  FF FF FF 00  
000CB8r 1  03 39 39 03  
000CC0r 1  FF FF FF FF          .byte $FF, $FF, $FF, $FF, $FF, $FF, $FF, $00, $C3, $99, $3F, $3F, $3F, $99, $C3, $FF ; tile $CC
000CC4r 1  FF FF FF 00  
000CC8r 1  C3 99 3F 3F  
000CD0r 1  FF FF FF FF          .byte $FF, $FF, $FF, $FF, $FF, $FF, $FF, $00, $07, $33, $39, $39, $39, $33, $07, $FF ; tile $CD
000CD4r 1  FF FF FF 00  
000CD8r 1  07 33 39 39  
000CE0r 1  FF FF FF FF          .byte $FF, $FF, $FF, $FF, $FF, $FF, $FF, $00, $01, $3F, $3F, $03, $3F, $3F, $01, $FF ; tile $CE
000CE4r 1  FF FF FF 00  
000CE8r 1  01 3F 3F 03  
000CF0r 1  FF FF FF FF          .byte $FF, $FF, $FF, $FF, $FF, $FF, $FF, $00, $01, $3F, $3F, $03, $3F, $3F, $3F, $FF ; tile $CF
000CF4r 1  FF FF FF 00  
000CF8r 1  01 3F 3F 03  
000D00r 1  FF FF FF FF          .byte $FF, $FF, $FF, $FF, $FF, $FF, $FF, $00, $C1, $9F, $3F, $31, $39, $99, $C1, $FF ; tile $D0
000D04r 1  FF FF FF 00  
000D08r 1  C1 9F 3F 31  
000D10r 1  FF FF FF FF          .byte $FF, $FF, $FF, $FF, $FF, $FF, $FF, $00, $39, $39, $39, $01, $39, $39, $39, $FF ; tile $D1
000D14r 1  FF FF FF 00  
000D18r 1  39 39 39 01  
000D20r 1  FF FF FF FF          .byte $FF, $FF, $FF, $FF, $FF, $FF, $FF, $00, $81, $E7, $E7, $E7, $E7, $E7, $81, $FF ; tile $D2
000D24r 1  FF FF FF 00  
000D28r 1  81 E7 E7 E7  
000D30r 1  FF FF FF FF          .byte $FF, $FF, $FF, $FF, $FF, $FF, $FF, $00, $F9, $F9, $F9, $F9, $39, $39, $83, $FF ; tile $D3
000D34r 1  FF FF FF 00  
000D38r 1  F9 F9 F9 F9  
000D40r 1  FF FF FF FF          .byte $FF, $FF, $FF, $FF, $FF, $FF, $FF, $00, $39, $33, $27, $0F, $07, $23, $31, $FF ; tile $D4
000D44r 1  FF FF FF 00  
000D48r 1  39 33 27 0F  
000D50r 1  FF FF FF FF          .byte $FF, $FF, $FF, $FF, $FF, $FF, $FF, $00, $3F, $3F, $3F, $3F, $3F, $3F, $01, $FF ; tile $D5
000D54r 1  FF FF FF 00  
000D58r 1  3F 3F 3F 3F  
000D60r 1  FF FF FF FF          .byte $FF, $FF, $FF, $FF, $FF, $FF, $FF, $00, $39, $11, $01, $01, $29, $39, $39, $FF ; tile $D6
000D64r 1  FF FF FF 00  
000D68r 1  39 11 01 01  
000D70r 1  FF FF FF FF          .byte $FF, $FF, $FF, $FF, $FF, $FF, $FF, $00, $39, $19, $09, $01, $21, $31, $39, $FF ; tile $D7
000D74r 1  FF FF FF 00  
000D78r 1  39 19 09 01  
000D80r 1  FF FF FF FF          .byte $FF, $FF, $FF, $FF, $FF, $FF, $FF, $00, $83, $39, $39, $39, $39, $39, $83, $FF ; tile $D8
000D84r 1  FF FF FF 00  
000D88r 1  83 39 39 39  
000D90r 1  FF FF FF FF          .byte $FF, $FF, $FF, $FF, $FF, $FF, $FF, $00, $03, $39, $39, $39, $03, $3F, $3F, $FF ; tile $D9
000D94r 1  FF FF FF 00  
000D98r 1  03 39 39 39  
000DA0r 1  FF FF FF FF          .byte $FF, $FF, $FF, $FF, $FF, $FF, $FF, $00, $83, $39, $39, $39, $21, $33, $85, $FF ; tile $DA
000DA4r 1  FF FF FF 00  
000DA8r 1  83 39 39 39  
000DB0r 1  FF FF FF FF          .byte $FF, $FF, $FF, $FF, $FF, $FF, $FF, $00, $03, $39, $39, $31, $07, $23, $31, $FF ; tile $DB
000DB4r 1  FF FF FF 00  
000DB8r 1  03 39 39 31  
000DC0r 1  FF FF FF FF          .byte $FF, $FF, $FF, $FF, $FF, $FF, $FF, $00, $87, $33, $3F, $83, $F9, $39, $83, $FF ; tile $DC
000DC4r 1  FF FF FF 00  
000DC8r 1  87 33 3F 83  
000DD0r 1  FF FF FF FF          .byte $FF, $FF, $FF, $FF, $FF, $FF, $FF, $00, $81, $E7, $E7, $E7, $E7, $E7, $E7, $FF ; tile $DD
000DD4r 1  FF FF FF 00  
000DD8r 1  81 E7 E7 E7  
000DE0r 1  FF FF FF FF          .byte $FF, $FF, $FF, $FF, $FF, $FF, $FF, $00, $39, $39, $39, $39, $39, $39, $83, $FF ; tile $DE
000DE4r 1  FF FF FF 00  
000DE8r 1  39 39 39 39  
000DF0r 1  FF FF FF FF          .byte $FF, $FF, $FF, $FF, $FF, $FF, $FF, $00, $39, $39, $39, $11, $83, $C7, $EF, $FF ; tile $DF
000DF4r 1  FF FF FF 00  
000DF8r 1  39 39 39 11  
000E00r 1  FF FF FF FF          .byte $FF, $FF, $FF, $FF, $FF, $FF, $FF, $00, $39, $39, $39, $29, $01, $11, $39, $FF ; tile $E0
000E04r 1  FF FF FF 00  
000E08r 1  39 39 39 29  
000E10r 1  FF FF FF FF          .byte $FF, $FF, $FF, $FF, $FF, $FF, $FF, $00, $39, $11, $83, $C7, $83, $11, $39, $FF ; tile $E1
000E14r 1  FF FF FF 00  
000E18r 1  39 11 83 C7  
000E20r 1  FF FF FF FF          .byte $FF, $FF, $FF, $FF, $FF, $FF, $FF, $00, $99, $99, $99, $C3, $E7, $E7, $E7, $FF ; tile $E2
000E24r 1  FF FF FF 00  
000E28r 1  99 99 99 C3  
000E30r 1  FF FF FF FF          .byte $FF, $FF, $FF, $FF, $FF, $FF, $FF, $00, $01, $F1, $E3, $C7, $8F, $1F, $01, $FF ; tile $E3
000E34r 1  FF FF FF 00  
000E38r 1  01 F1 E3 C7  
000E40r 1  00 00 00 00          .byte $00, $00, $00, $00, $00, $00, $00, $00, $FF, $FF, $00, $00, $00, $00, $00, $00 ; tile $E4
000E44r 1  00 00 00 00  
000E48r 1  FF FF 00 00  
000E50r 1  00 00 00 00          .byte $00, $00, $00, $00, $00, $00, $00, $00, $FF, $FF, $00, $00, $00, $00, $3F, $FF ; tile $E5
000E54r 1  00 00 00 00  
000E58r 1  FF FF 00 00  
000E60r 1  00 00 00 00          .byte $00, $00, $00, $00, $00, $00, $00, $00, $FF, $FF, $00, $00, $00, $00, $FF, $FF ; tile $E6
000E64r 1  00 00 00 00  
000E68r 1  FF FF 00 00  
000E70r 1  00 00 00 00          .byte $00, $00, $00, $00, $00, $00, $00, $00, $FF, $FF, $00, $00, $00, $00, $00, $C0 ; tile $E7
000E74r 1  00 00 00 00  
000E78r 1  FF FF 00 00  
000E80r 1  00 00 00 00          .byte $00, $00, $00, $00, $00, $00, $00, $00, $FF, $FF, $00, $00, $00, $00, $3E, $FF ; tile $E8
000E84r 1  00 00 00 00  
000E88r 1  FF FF 00 00  
000E90r 1  00 00 00 00          .byte $00, $00, $00, $00, $00, $00, $00, $00, $00, $00, $00, $00, $00, $00, $00, $00 ; tile $E9
000E94r 1  00 00 00 00  
000E98r 1  00 00 00 00  
000EA0r 1  00 00 00 00          .byte $00, $00, $00, $00, $00, $00, $00, $00, $00, $00, $00, $00, $00, $00, $00, $00 ; tile $EA
000EA4r 1  00 00 00 00  
000EA8r 1  00 00 00 00  
000EB0r 1  00 00 00 00          .byte $00, $00, $00, $00, $00, $00, $00, $00, $00, $00, $00, $00, $00, $00, $00, $00 ; tile $EB
000EB4r 1  00 00 00 00  
000EB8r 1  00 00 00 00  
000EC0r 1  00 00 00 00          .byte $00, $00, $00, $00, $00, $00, $00, $00, $00, $00, $00, $00, $00, $00, $00, $00 ; tile $EC
000EC4r 1  00 00 00 00  
000EC8r 1  00 00 00 00  
000ED0r 1  00 00 00 00          .byte $00, $00, $00, $00, $00, $00, $00, $00, $00, $00, $00, $00, $00, $00, $00, $00 ; tile $ED
000ED4r 1  00 00 00 00  
000ED8r 1  00 00 00 00  
000EE0r 1  00 00 00 00          .byte $00, $00, $00, $00, $00, $00, $00, $00, $00, $00, $00, $00, $00, $00, $00, $00 ; tile $EE
000EE4r 1  00 00 00 00  
000EE8r 1  00 00 00 00  
000EF0r 1  00 00 00 00          .byte $00, $00, $00, $00, $00, $00, $00, $00, $00, $00, $00, $00, $00, $00, $00, $00 ; tile $EF
000EF4r 1  00 00 00 00  
000EF8r 1  00 00 00 00  
000F00r 1  00 00 00 00          .byte $00, $00, $00, $00, $00, $00, $00, $00, $00, $00, $00, $00, $00, $00, $00, $00 ; tile $F0
000F04r 1  00 00 00 00  
000F08r 1  00 00 00 00  
000F10r 1  00 00 00 00          .byte $00, $00, $00, $00, $00, $00, $00, $00, $00, $00, $00, $00, $00, $00, $00, $00 ; tile $F1
000F14r 1  00 00 00 00  
000F18r 1  00 00 00 00  
000F20r 1  00 00 00 00          .byte $00, $00, $00, $00, $00, $00, $00, $00, $00, $00, $00, $00, $00, $00, $00, $00 ; tile $F2
000F24r 1  00 00 00 00  
000F28r 1  00 00 00 00  
000F30r 1  00 00 00 00          .byte $00, $00, $00, $00, $00, $00, $00, $00, $00, $00, $00, $00, $00, $00, $00, $00 ; tile $F3
000F34r 1  00 00 00 00  
000F38r 1  00 00 00 00  
000F40r 1  00 00 00 00          .byte $00, $00, $00, $00, $00, $00, $00, $00, $00, $00, $00, $00, $00, $00, $00, $00 ; tile $F4
000F44r 1  00 00 00 00  
000F48r 1  00 00 00 00  
000F50r 1  00 00 00 00          .byte $00, $00, $00, $00, $00, $00, $00, $00, $00, $00, $00, $00, $00, $00, $00, $00 ; tile $F5
000F54r 1  00 00 00 00  
000F58r 1  00 00 00 00  
000F60r 1  00 00 00 00          .byte $00, $00, $00, $00, $00, $00, $00, $00, $00, $00, $00, $00, $00, $00, $00, $00 ; tile $F6
000F64r 1  00 00 00 00  
000F68r 1  00 00 00 00  
000F70r 1  00 00 00 00          .byte $00, $00, $00, $00, $00, $00, $00, $00, $00, $00, $00, $00, $00, $00, $00, $00 ; tile $F7
000F74r 1  00 00 00 00  
000F78r 1  00 00 00 00  
000F80r 1  00 00 00 00          .byte $00, $00, $00, $00, $00, $00, $00, $00, $00, $00, $00, $00, $00, $00, $00, $00 ; tile $F8
000F84r 1  00 00 00 00  
000F88r 1  00 00 00 00  
000F90r 1  00 00 00 00          .byte $00, $00, $00, $00, $00, $00, $00, $00, $00, $00, $00, $00, $00, $00, $00, $00 ; tile $F9
000F94r 1  00 00 00 00  
000F98r 1  00 00 00 00  
000FA0r 1  00 00 00 00          .byte $00, $00, $00, $00, $00, $00, $00, $00, $00, $00, $00, $00, $00, $00, $00, $00 ; tile $FA
000FA4r 1  00 00 00 00  
000FA8r 1  00 00 00 00  
000FB0r 1  00 00 00 00          .byte $00, $00, $00, $00, $00, $00, $00, $00, $00, $00, $00, $00, $00, $00, $00, $00 ; tile $FB
000FB4r 1  00 00 00 00  
000FB8r 1  00 00 00 00  
000FC0r 1  00 00 00 00          .byte $00, $00, $00, $00, $00, $00, $00, $00, $00, $00, $00, $00, $00, $00, $00, $00 ; tile $FC
000FC4r 1  00 00 00 00  
000FC8r 1  00 00 00 00  
000FD0r 1  00 00 00 00          .byte $00, $00, $00, $00, $00, $00, $00, $00, $00, $00, $00, $00, $00, $00, $00, $00 ; tile $FD
000FD4r 1  00 00 00 00  
000FD8r 1  00 00 00 00  
000FE0r 1  00 00 00 00          .byte $00, $00, $00, $00, $00, $00, $00, $00, $00, $00, $00, $00, $00, $00, $00, $00 ; tile $FE
000FE4r 1  00 00 00 00  
000FE8r 1  00 00 00 00  
000FF0r 1  00 00 00 00          .byte $00, $00, $00, $00, $00, $00, $00, $00, $00, $00, $00, $00, $00, $00, $00, $00 ; tile $FF
000FF4r 1  00 00 00 00  
000FF8r 1  00 00 00 00  
000FFFr 1               
