ca65 V2.19 - Git 92fa7cb23
Main file   : build/nes/src/nes/input.c.149394.0.s
Current file: build/nes/src/nes/input.c.149394.0.s

000000r 1               ;
000000r 1               ; File generated by cc65 v 2.19 - Git 92fa7cb23
000000r 1               ;
000000r 1               	.fopt		compiler,"cc65 v 2.19 - Git 92fa7cb23"
000000r 1               	.setcpu		"6502"
000000r 1               	.smart		on
000000r 1               	.autoimport	on
000000r 1               	.case		on
000000r 1               	.debuginfo	off
000000r 1               	.importzp	c_sp, sreg, regsave, regbank
000000r 1               	.importzp	tmp1, tmp2, tmp3, tmp4, ptr1, ptr2, ptr3, ptr4
000000r 1               	.macpack	longbranch
000000r 2               .macro  jeq     Target
000000r 2                       .if     .match(Target, 0)
000000r 2                       bne     *+5
000000r 2                       jmp     Target
000000r 2                       .elseif .def(Target) .and .const((*-2)-(Target)) .and ((*+2)-(Target) <= 127)
000000r 2                               beq     Target
000000r 2                       .else
000000r 2                               bne     *+5
000000r 2                               jmp     Target
000000r 2                       .endif
000000r 2               .endmacro
000000r 2               .macro  jne     Target
000000r 2                       .if     .match(Target, 0)
000000r 2                               beq     *+5
000000r 2                               jmp     Target
000000r 2                       .elseif .def(Target) .and .const((*-2)-(Target)) .and ((*+2)-(Target) <= 127)
000000r 2                               bne     Target
000000r 2                       .else
000000r 2                               beq     *+5
000000r 2                               jmp     Target
000000r 2                       .endif
000000r 2               .endmacro
000000r 2               .macro  jmi     Target
000000r 2                       .if     .match(Target, 0)
000000r 2                               bpl     *+5
000000r 2                               jmp     Target
000000r 2                       .elseif .def(Target) .and .const((*-2)-(Target)) .and ((*+2)-(Target) <= 127)
000000r 2                               bmi     Target
000000r 2                       .else
000000r 2                               bpl     *+5
000000r 2                               jmp     Target
000000r 2                       .endif
000000r 2               .endmacro
000000r 2               .macro  jpl     Target
000000r 2                       .if     .match(Target, 0)
000000r 2                               bmi     *+5
000000r 2                               jmp     Target
000000r 2                       .elseif .def(Target) .and .const((*-2)-(Target)) .and ((*+2)-(Target) <= 127)
000000r 2                               bpl     Target
000000r 2                       .else
000000r 2                               bmi     *+5
000000r 2                               jmp     Target
000000r 2                       .endif
000000r 2               .endmacro
000000r 2               .macro  jcs     Target
000000r 2                       .if     .match(Target, 0)
000000r 2                               bcc     *+5
000000r 2                               jmp     Target
000000r 2                       .elseif .def(Target) .and .const((*-2)-(Target)) .and ((*+2)-(Target) <= 127)
000000r 2                               bcs     Target
000000r 2                       .else
000000r 2                               bcc     *+5
000000r 2                               jmp     Target
000000r 2                       .endif
000000r 2               .endmacro
000000r 2               .macro  jcc     Target
000000r 2                       .if     .match(Target, 0)
000000r 2                               bcs     *+5
000000r 2                               jmp     Target
000000r 2                       .elseif .def(Target) .and .const((*-2)-(Target)) .and ((*+2)-(Target) <= 127)
000000r 2                               bcc     Target
000000r 2                       .else
000000r 2                               bcs     *+5
000000r 2                               jmp     Target
000000r 2                       .endif
000000r 2               .endmacro
000000r 2               .macro  jvs     Target
000000r 2                       .if     .match(Target, 0)
000000r 2                               bvc     *+5
000000r 2                               jmp     Target
000000r 2                       .elseif .def(Target) .and .const((*-2)-(Target)) .and ((*+2)-(Target) <= 127)
000000r 2                               bvs     Target
000000r 2                       .else
000000r 2                               bvc     *+5
000000r 2                               jmp     Target
000000r 2                       .endif
000000r 2               .endmacro
000000r 2               .macro  jvc     Target
000000r 2                       .if     .match(Target, 0)
000000r 2                               bvs     *+5
000000r 2                               jmp     Target
000000r 2                       .elseif .def(Target) .and .const((*-2)-(Target)) .and ((*+2)-(Target) <= 127)
000000r 2                               bvc     Target
000000r 2                       .else
000000r 2                               bvs     *+5
000000r 2                               jmp     Target
000000r 2                       .endif
000000r 2               .endmacro
000000r 2               
000000r 1               	.import		_joy_read
000000r 1               	.export		_readJoystick
000000r 1               	.export		_initPlatformKeyboardInput
000000r 1               	.export		_getPlatformKey
000000r 1               
000000r 1               .segment	"BSS"
000000r 1               
000000r 1               _lastButtons:
000000r 1  00           	.res	1,$00
000001r 1               _modsSeen:
000001r 1  00           	.res	1,$00
000002r 1               
000002r 1               ; ---------------------------------------------------------------
000002r 1               ; unsigned char __near__ readJoystick (void)
000002r 1               ; ---------------------------------------------------------------
000002r 1               
000002r 1               .segment	"CODE"
000000r 1               
000000r 1               .proc	_readJoystick: near
000000r 1               
000000r 1               .segment	"CODE"
000000r 1               
000000r 1  A9 00        	lda     #$00
000002r 1  20 rr rr     	jsr     _joy_read
000005r 1  29 F0        	and     #$F0
000007r 1  A2 00        	ldx     #$00
000009r 1  60           	rts
00000Ar 1               
00000Ar 1               .endproc
00000Ar 1               
00000Ar 1               ; ---------------------------------------------------------------
00000Ar 1               ; void __near__ initPlatformKeyboardInput (void)
00000Ar 1               ; ---------------------------------------------------------------
00000Ar 1               
00000Ar 1               .segment	"CODE"
00000Ar 1               
00000Ar 1               .proc	_initPlatformKeyboardInput: near
00000Ar 1               
00000Ar 1               .segment	"CODE"
00000Ar 1               
00000Ar 1  A9 00        	lda     #$00
00000Cr 1  8D rr rr     	sta     _lastButtons
00000Fr 1  8D rr rr     	sta     _modsSeen
000012r 1  60           	rts
000013r 1               
000013r 1               .endproc
000013r 1               
000013r 1               ; ---------------------------------------------------------------
000013r 1               ; int __near__ getPlatformKey (void)
000013r 1               ; ---------------------------------------------------------------
000013r 1               
000013r 1               .segment	"CODE"
000013r 1               
000013r 1               .proc	_getPlatformKey: near
000013r 1               
000013r 1               .segment	"CODE"
000013r 1               
000013r 1  A9 00        	lda     #$00
000015r 1  20 rr rr     	jsr     _joy_read
000018r 1  29 0F        	and     #$0F
00001Ar 1  20 rr rr     	jsr     pusha
00001Dr 1  AD rr rr     	lda     _lastButtons
000020r 1  49 FF        	eor     #$FF
000022r 1  A0 00        	ldy     #$00
000024r 1  31 rr        	and     (c_sp),y
000026r 1  20 rr rr     	jsr     pusha
000029r 1  A0 01        	ldy     #$01
00002Br 1  B1 rr        	lda     (c_sp),y
00002Dr 1  49 FF        	eor     #$FF
00002Fr 1  2D rr rr     	and     _lastButtons
000032r 1  20 rr rr     	jsr     pusha
000035r 1  A0 02        	ldy     #$02
000037r 1  B1 rr        	lda     (c_sp),y
000039r 1  8D rr rr     	sta     _lastButtons
00003Cr 1  AD rr rr     	lda     _modsSeen
00003Fr 1  20 rr rr     	jsr     pusha0
000042r 1  A0 04        	ldy     #$04
000044r 1  B1 rr        	lda     (c_sp),y
000046r 1  29 0C        	and     #$0C
000048r 1  20 rr rr     	jsr     tosora0
00004Br 1  8D rr rr     	sta     _modsSeen
00004Er 1  A0 01        	ldy     #$01
000050r 1  B1 rr        	lda     (c_sp),y
000052r 1  29 01        	and     #$01
000054r 1  F0 07        	beq     L000C
000056r 1  A2 00        	ldx     #$00
000058r 1  A9 0D        	lda     #$0D
00005Ar 1  4C rr rr     	jmp     incsp3
00005Dr 1  B1 rr        L000C:	lda     (c_sp),y
00005Fr 1  29 02        	and     #$02
000061r 1  F0 07        	beq     L0003
000063r 1  A2 00        	ldx     #$00
000065r 1  A9 1B        	lda     #$1B
000067r 1  4C rr rr     	jmp     incsp3
00006Ar 1  88           L0003:	dey
00006Br 1  B1 rr        	lda     (c_sp),y
00006Dr 1  A2 00        	ldx     #$00
00006Fr 1  29 0C        	and     #$0C
000071r 1  F0 36        	beq     L0001
000073r 1  A0 02        	ldy     #$02
000075r 1  B1 rr        	lda     (c_sp),y
000077r 1  29 0C        	and     #$0C
000079r 1  D0 2D        	bne     L0015
00007Br 1  AD rr rr     	lda     _modsSeen
00007Er 1  20 rr rr     	jsr     pusha
000081r 1  8E rr rr     	stx     _modsSeen
000084r 1  A1 rr        	lda     (c_sp,x)
000086r 1  C9 0C        	cmp     #$0C
000088r 1  D0 05        	bne     L0011
00008Ar 1  A9 71        	lda     #$71
00008Cr 1  4C rr rr     	jmp     incsp4
00008Fr 1  A1 rr        L0011:	lda     (c_sp,x)
000091r 1  C9 08        	cmp     #$08
000093r 1  D0 05        	bne     L0013
000095r 1  A9 68        	lda     #$68
000097r 1  4C rr rr     	jmp     incsp4
00009Ar 1  A1 rr        L0013:	lda     (c_sp,x)
00009Cr 1  C9 04        	cmp     #$04
00009Er 1  D0 05        	bne     L000A
0000A0r 1  A9 6E        	lda     #$6E
0000A2r 1  4C rr rr     	jmp     incsp4
0000A5r 1  20 rr rr     L000A:	jsr     incsp1
0000A8r 1  8A           L0015:	txa
0000A9r 1  4C rr rr     L0001:	jmp     incsp3
0000ACr 1               
0000ACr 1               .endproc
0000ACr 1               
0000ACr 1               
