ca65 V2.19 - Git 92fa7cb23
Main file   : build/nes/src/nes/network.c.149398.0.s
Current file: build/nes/src/nes/network.c.149398.0.s

000000r 1               ;
000000r 1               ; File generated by cc65 v 2.19 - Git 92fa7cb23
000000r 1               ;
000000r 1               	.fopt		compiler,"cc65 v 2.19 - Git 92fa7cb23"
000000r 1               	.setcpu		"6502"
000000r 1               	.smart		on
000000r 1               	.autoimport	on
000000r 1               	.case		on
000000r 1               	.debuginfo	off
000000r 1               	.importzp	c_sp, sreg, regsave, regbank
000000r 1               	.importzp	tmp1, tmp2, tmp3, tmp4, ptr1, ptr2, ptr3, ptr4
000000r 1               	.macpack	longbranch
000000r 2               .macro  jeq     Target
000000r 2                       .if     .match(Target, 0)
000000r 2                       bne     *+5
000000r 2                       jmp     Target
000000r 2                       .elseif .def(Target) .and .const((*-2)-(Target)) .and ((*+2)-(Target) <= 127)
000000r 2                               beq     Target
000000r 2                       .else
000000r 2                               bne     *+5
000000r 2                               jmp     Target
000000r 2                       .endif
000000r 2               .endmacro
000000r 2               .macro  jne     Target
000000r 2                       .if     .match(Target, 0)
000000r 2                               beq     *+5
000000r 2                               jmp     Target
000000r 2                       .elseif .def(Target) .and .const((*-2)-(Target)) .and ((*+2)-(Target) <= 127)
000000r 2                               bne     Target
000000r 2                       .else
000000r 2                               beq     *+5
000000r 2                               jmp     Target
000000r 2                       .endif
000000r 2               .endmacro
000000r 2               .macro  jmi     Target
000000r 2                       .if     .match(Target, 0)
000000r 2                               bpl     *+5
000000r 2                               jmp     Target
000000r 2                       .elseif .def(Target) .and .const((*-2)-(Target)) .and ((*+2)-(Target) <= 127)
000000r 2                               bmi     Target
000000r 2                       .else
000000r 2                               bpl     *+5
000000r 2                               jmp     Target
000000r 2                       .endif
000000r 2               .endmacro
000000r 2               .macro  jpl     Target
000000r 2                       .if     .match(Target, 0)
000000r 2                               bmi     *+5
000000r 2                               jmp     Target
000000r 2                       .elseif .def(Target) .and .const((*-2)-(Target)) .and ((*+2)-(Target) <= 127)
000000r 2                               bpl     Target
000000r 2                       .else
000000r 2                               bmi     *+5
000000r 2                               jmp     Target
000000r 2                       .endif
000000r 2               .endmacro
000000r 2               .macro  jcs     Target
000000r 2                       .if     .match(Target, 0)
000000r 2                               bcc     *+5
000000r 2                               jmp     Target
000000r 2                       .elseif .def(Target) .and .const((*-2)-(Target)) .and ((*+2)-(Target) <= 127)
000000r 2                               bcs     Target
000000r 2                       .else
000000r 2                               bcc     *+5
000000r 2                               jmp     Target
000000r 2                       .endif
000000r 2               .endmacro
000000r 2               .macro  jcc     Target
000000r 2                       .if     .match(Target, 0)
000000r 2                               bcs     *+5
000000r 2                               jmp     Target
000000r 2                       .elseif .def(Target) .and .const((*-2)-(Target)) .and ((*+2)-(Target) <= 127)
000000r 2                               bcc     Target
000000r 2                       .else
000000r 2                               bcs     *+5
000000r 2                               jmp     Target
000000r 2                       .endif
000000r 2               .endmacro
000000r 2               .macro  jvs     Target
000000r 2                       .if     .match(Target, 0)
000000r 2                               bvc     *+5
000000r 2                               jmp     Target
000000r 2                       .elseif .def(Target) .and .const((*-2)-(Target)) .and ((*+2)-(Target) <= 127)
000000r 2                               bvs     Target
000000r 2                       .else
000000r 2                               bvc     *+5
000000r 2                               jmp     Target
000000r 2                       .endif
000000r 2               .endmacro
000000r 2               .macro  jvc     Target
000000r 2                       .if     .match(Target, 0)
000000r 2                               bvs     *+5
000000r 2                               jmp     Target
000000r 2                       .elseif .def(Target) .and .const((*-2)-(Target)) .and ((*+2)-(Target) <= 127)
000000r 2                               bvc     Target
000000r 2                       .else
000000r 2                               bvs     *+5
000000r 2                               jmp     Target
000000r 2                       .endif
000000r 2               .endmacro
000000r 2               
000000r 1               	.import		_network_init
000000r 1               	.import		_network_close
000000r 1               	.import		_network_open
000000r 1               	.import		_network_read
000000r 1               	.export		_getResponse
000000r 1               
000000r 1               .segment	"DATA"
000000r 1               
000000r 1               _initialized:
000000r 1  00           	.byte	$00
000001r 1               
000001r 1               ; ---------------------------------------------------------------
000001r 1               ; unsigned char __near__ getResponse (char *url, unsigned char *buffer, unsigned int max_len)
000001r 1               ; ---------------------------------------------------------------
000001r 1               
000001r 1               .segment	"CODE"
000000r 1               
000000r 1               .proc	_getResponse: near
000000r 1               
000000r 1               .segment	"CODE"
000000r 1               
000000r 1  20 rr rr     	jsr     pushax
000003r 1  20 rr rr     	jsr     decsp2
000006r 1  AD rr rr     	lda     _initialized
000009r 1  D0 12        	bne     L0002
00000Br 1  20 rr rr     	jsr     _network_init
00000Er 1  C9 00        	cmp     #$00
000010r 1  F0 06        	beq     L0003
000012r 1  A2 00        	ldx     #$00
000014r 1  8A           	txa
000015r 1  4C rr rr     	jmp     incsp8
000018r 1  A9 01        L0003:	lda     #$01
00001Ar 1  8D rr rr     	sta     _initialized
00001Dr 1  A0 09        L0002:	ldy     #$09
00001Fr 1  20 rr rr     	jsr     pushwysp
000022r 1  A9 0C        	lda     #$0C
000024r 1  20 rr rr     	jsr     pusha
000027r 1  A9 00        	lda     #$00
000029r 1  20 rr rr     	jsr     _network_open
00002Cr 1  C9 00        	cmp     #$00
00002Er 1  F0 06        	beq     L0004
000030r 1  A2 00        	ldx     #$00
000032r 1  8A           	txa
000033r 1  4C rr rr     	jmp     incsp8
000036r 1  A0 09        L0004:	ldy     #$09
000038r 1  20 rr rr     	jsr     pushwysp
00003Br 1  A0 09        	ldy     #$09
00003Dr 1  20 rr rr     	jsr     pushwysp
000040r 1  A0 07        	ldy     #$07
000042r 1  20 rr rr     	jsr     ldaxysp
000045r 1  20 rr rr     	jsr     _network_read
000048r 1  20 rr rr     	jsr     stax0sp
00004Br 1  A0 07        	ldy     #$07
00004Dr 1  20 rr rr     	jsr     ldaxysp
000050r 1  20 rr rr     	jsr     _network_close
000053r 1  20 rr rr     	jsr     ldax0sp
000056r 1  C9 01        	cmp     #$01
000058r 1  8A           	txa
000059r 1  E9 00        	sbc     #$00
00005Br 1  70 02        	bvs     L0005
00005Dr 1  49 80        	eor     #$80
00005Fr 1  0A           L0005:	asl     a
000060r 1  A9 00        	lda     #$00
000062r 1  2A           	rol     a
000063r 1  A2 00        	ldx     #$00
000065r 1  4C rr rr     	jmp     incsp8
000068r 1               
000068r 1               .endproc
000068r 1               
000068r 1               
