ca65 V2.19 - Git 92fa7cb23
Main file   : build/nes/src/nes/osk.c.149402.0.s
Current file: build/nes/src/nes/osk.c.149402.0.s

000000r 1               ;
000000r 1               ; File generated by cc65 v 2.19 - Git 92fa7cb23
000000r 1               ;
000000r 1               	.fopt		compiler,"cc65 v 2.19 - Git 92fa7cb23"
000000r 1               	.setcpu		"6502"
000000r 1               	.smart		on
000000r 1               	.autoimport	on
000000r 1               	.case		on
000000r 1               	.debuginfo	off
000000r 1               	.importzp	c_sp, sreg, regsave, regbank
000000r 1               	.importzp	tmp1, tmp2, tmp3, tmp4, ptr1, ptr2, ptr3, ptr4
000000r 1               	.macpack	longbranch
000000r 2               .macro  jeq     Target
000000r 2                       .if     .match(Target, 0)
000000r 2                       bne     *+5
000000r 2                       jmp     Target
000000r 2                       .elseif .def(Target) .and .const((*-2)-(Target)) .and ((*+2)-(Target) <= 127)
000000r 2                               beq     Target
000000r 2                       .else
000000r 2                               bne     *+5
000000r 2                               jmp     Target
000000r 2                       .endif
000000r 2               .endmacro
000000r 2               .macro  jne     Target
000000r 2                       .if     .match(Target, 0)
000000r 2                               beq     *+5
000000r 2                               jmp     Target
000000r 2                       .elseif .def(Target) .and .const((*-2)-(Target)) .and ((*+2)-(Target) <= 127)
000000r 2                               bne     Target
000000r 2                       .else
000000r 2                               beq     *+5
000000r 2                               jmp     Target
000000r 2                       .endif
000000r 2               .endmacro
000000r 2               .macro  jmi     Target
000000r 2                       .if     .match(Target, 0)
000000r 2                               bpl     *+5
000000r 2                               jmp     Target
000000r 2                       .elseif .def(Target) .and .const((*-2)-(Target)) .and ((*+2)-(Target) <= 127)
000000r 2                               bmi     Target
000000r 2                       .else
000000r 2                               bpl     *+5
000000r 2                               jmp     Target
000000r 2                       .endif
000000r 2               .endmacro
000000r 2               .macro  jpl     Target
000000r 2                       .if     .match(Target, 0)
000000r 2                               bmi     *+5
000000r 2                               jmp     Target
000000r 2                       .elseif .def(Target) .and .const((*-2)-(Target)) .and ((*+2)-(Target) <= 127)
000000r 2                               bpl     Target
000000r 2                       .else
000000r 2                               bmi     *+5
000000r 2                               jmp     Target
000000r 2                       .endif
000000r 2               .endmacro
000000r 2               .macro  jcs     Target
000000r 2                       .if     .match(Target, 0)
000000r 2                               bcc     *+5
000000r 2                               jmp     Target
000000r 2                       .elseif .def(Target) .and .const((*-2)-(Target)) .and ((*+2)-(Target) <= 127)
000000r 2                               bcs     Target
000000r 2                       .else
000000r 2                               bcc     *+5
000000r 2                               jmp     Target
000000r 2                       .endif
000000r 2               .endmacro
000000r 2               .macro  jcc     Target
000000r 2                       .if     .match(Target, 0)
000000r 2                               bcs     *+5
000000r 2                               jmp     Target
000000r 2                       .elseif .def(Target) .and .const((*-2)-(Target)) .and ((*+2)-(Target) <= 127)
000000r 2                               bcc     Target
000000r 2                       .else
000000r 2                               bcs     *+5
000000r 2                               jmp     Target
000000r 2                       .endif
000000r 2               .endmacro
000000r 2               .macro  jvs     Target
000000r 2                       .if     .match(Target, 0)
000000r 2                               bvc     *+5
000000r 2                               jmp     Target
000000r 2                       .elseif .def(Target) .and .const((*-2)-(Target)) .and ((*+2)-(Target) <= 127)
000000r 2                               bvs     Target
000000r 2                       .else
000000r 2                               bvc     *+5
000000r 2                               jmp     Target
000000r 2                       .endif
000000r 2               .endmacro
000000r 2               .macro  jvc     Target
000000r 2                       .if     .match(Target, 0)
000000r 2                               bvs     *+5
000000r 2                               jmp     Target
000000r 2                       .elseif .def(Target) .and .const((*-2)-(Target)) .and ((*+2)-(Target) <= 127)
000000r 2                               bvc     Target
000000r 2                       .else
000000r 2                               bvs     *+5
000000r 2                               jmp     Target
000000r 2                       .endif
000000r 2               .endmacro
000000r 2               
000000r 1               	.import		_waitvsync
000000r 1               	.import		_joy_read
000000r 1               	.import		_strlen
000000r 1               	.export		_platformNameEntry
000000r 1               	.import		_drawText
000000r 1               	.import		_drawChip
000000r 1               	.import		_soundCursor
000000r 1               	.import		_soundCursorInvalid
000000r 1               
000000r 1               .segment	"DATA"
000000r 1               
000000r 1               _labelSpace:
000000r 1  rr rr        	.addr	S0005
000002r 1               _labelDel:
000002r 1  rr rr        	.addr	S0006
000004r 1               _labelOk:
000004r 1  rr rr        	.addr	S0007
000006r 1               
000006r 1               .segment	"RODATA"
000000r 1               
000000r 1               _cells:
000000r 1  41 42 43 44  	.byte	$41,$42,$43,$44,$45,$46,$47,$48,$49,$4A,$4B,$4C,$4D,$4E,$4F,$50
000004r 1  45 46 47 48  
000008r 1  49 4A 4B 4C  
000010r 1  51 52 53 54  	.byte	$51,$52,$53,$54,$55,$56,$57,$58,$59,$5A,$30,$31,$32,$33,$34,$35
000014r 1  55 56 57 58  
000018r 1  59 5A 30 31  
000020r 1  36 37 38 39  	.byte	$36,$37,$38,$39,$00
000024r 1  00           
000025r 1               S000A:
000025r 1  20 20 20 20  	.byte	$20,$20,$20,$20,$20,$20,$20,$20,$20,$20,$20,$20,$20,$20,$20,$20
000029r 1  20 20 20 20  
00002Dr 1  20 20 20 20  
000035r 1  20 20 20 20  	.byte	$20,$20,$20,$20,$20,$20,$20,$20,$20,$20,$20,$20,$20,$20,$20,$20
000039r 1  20 20 20 20  
00003Dr 1  20 20 20 20  
000045r 1  00           	.byte	$00
000046r 1               S000B	:=	S000A+23
000046r 1               S0006:
000046r 1  3C 2D 00     	.byte	$3C,$2D,$00
000049r 1               S0007:
000049r 1  4F 4B 00     	.byte	$4F,$4B,$00
00004Cr 1               S0005:
00004Cr 1  53 50 00     	.byte	$53,$50,$00
00004Fr 1               S0008:
00004Fr 1  3E 00        	.byte	$3E,$00
000051r 1               S0009	:=	S000A+31
000051r 1               
000051r 1               .segment	"BSS"
000000r 1               
000000r 1               _curX:
000000r 1  00           	.res	1,$00
000001r 1               _curY:
000001r 1  00           	.res	1,$00
000002r 1               
000002r 1               ; ---------------------------------------------------------------
000002r 1               ; void __near__ platformNameEntry (unsigned char x, unsigned char y, unsigned char max, char *buffer)
000002r 1               ; ---------------------------------------------------------------
000002r 1               
000002r 1               .segment	"CODE"
000000r 1               
000000r 1               .proc	_platformNameEntry: near
000000r 1               
000000r 1               .segment	"CODE"
000000r 1               
000000r 1  20 rr rr     	jsr     pushax
000003r 1  20 rr rr     	jsr     ldax0sp
000006r 1  20 rr rr     	jsr     _strlen
000009r 1  20 rr rr     	jsr     pusha
00000Cr 1  A9 00        	lda     #$00
00000Er 1  20 rr rr     	jsr     pusha
000011r 1  20 rr rr     	jsr     pusha
000014r 1  20 rr rr     	jsr     pusha
000017r 1  20 rr rr     	jsr     decsp6
00001Ar 1  A9 00        	lda     #$00
00001Cr 1  8D rr rr     	sta     _curX
00001Fr 1  8D rr rr     	sta     _curY
000022r 1  20 rr rr     	jsr     _drawGrid
000025r 1  A0 0E        L0060:	ldy     #$0E
000027r 1  B1 rr        	lda     (c_sp),y
000029r 1  20 rr rr     	jsr     pusha
00002Cr 1  A0 0E        	ldy     #$0E
00002Er 1  B1 rr        	lda     (c_sp),y
000030r 1  20 rr rr     	jsr     pusha
000033r 1  A0 0E        	ldy     #$0E
000035r 1  B1 rr        	lda     (c_sp),y
000037r 1  20 rr rr     	jsr     pusha
00003Ar 1  A0 0E        	ldy     #$0E
00003Cr 1  20 rr rr     	jsr     ldaxysp
00003Fr 1  20 rr rr     	jsr     _drawField
000042r 1  20 rr rr     L0005:	jsr     _waitvsync
000045r 1  A9 00        	lda     #$00
000047r 1  20 rr rr     	jsr     _joy_read
00004Ar 1  A0 05        	ldy     #$05
00004Cr 1  91 rr        	sta     (c_sp),y
00004Er 1  29 F0        	and     #$F0
000050r 1  88           	dey
000051r 1  91 rr        	sta     (c_sp),y
000053r 1  C8           	iny
000054r 1  B1 rr        	lda     (c_sp),y
000056r 1  29 0B        	and     #$0B
000058r 1  A0 02        	ldy     #$02
00005Ar 1  91 rr        	sta     (c_sp),y
00005Cr 1  A9 00        	lda     #$00
00005Er 1  C8           	iny
00005Fr 1  91 rr        	sta     (c_sp),y
000061r 1  C8           	iny
000062r 1  B1 rr        	lda     (c_sp),y
000064r 1  A0 07        	ldy     #$07
000066r 1  D1 rr        	cmp     (c_sp),y
000068r 1  F0 0E        	beq     L0006
00006Ar 1  A0 04        	ldy     #$04
00006Cr 1  B1 rr        	lda     (c_sp),y
00006Er 1  A0 07        	ldy     #$07
000070r 1  91 rr        	sta     (c_sp),y
000072r 1  A9 12        	lda     #$12
000074r 1  C8           	iny
000075r 1  4C rr rr     	jmp     L0057
000078r 1  A0 04        L0006:	ldy     #$04
00007Ar 1  B1 rr        	lda     (c_sp),y
00007Cr 1  F0 18        	beq     L0008
00007Er 1  A0 08        	ldy     #$08
000080r 1  B1 rr        	lda     (c_sp),y
000082r 1  38           	sec
000083r 1  E9 01        	sbc     #$01
000085r 1  91 rr        	sta     (c_sp),y
000087r 1  C9 00        	cmp     #$00
000089r 1  D0 0B        	bne     L0008
00008Br 1  A9 05        	lda     #$05
00008Dr 1  91 rr        L0057:	sta     (c_sp),y
00008Fr 1  A0 04        	ldy     #$04
000091r 1  B1 rr        	lda     (c_sp),y
000093r 1  88           	dey
000094r 1  91 rr        	sta     (c_sp),y
000096r 1  A0 03        L0008:	ldy     #$03
000098r 1  B1 rr        	lda     (c_sp),y
00009Ar 1  D0 03 4C rr  	jeq     L000C
00009Er 1  rr           
00009Fr 1  AD rr rr     	lda     _curX
0000A2r 1  20 rr rr     	jsr     pusha
0000A5r 1  AD rr rr     	lda     _curY
0000A8r 1  20 rr rr     	jsr     pusha
0000ABr 1  A9 00        	lda     #$00
0000ADr 1  20 rr rr     	jsr     _drawCell
0000B0r 1  A0 03        	ldy     #$03
0000B2r 1  B1 rr        	lda     (c_sp),y
0000B4r 1  29 40        	and     #$40
0000B6r 1  F0 0B        	beq     L0039
0000B8r 1  AD rr rr     	lda     _curX
0000BBr 1  F0 06        	beq     L0039
0000BDr 1  CE rr rr     	dec     _curX
0000C0r 1  4C rr rr     	jmp     L0044
0000C3r 1  B1 rr        L0039:	lda     (c_sp),y
0000C5r 1  29 80        	and     #$80
0000C7r 1  F0 1E        	beq     L0052
0000C9r 1  A2 00        	ldx     #$00
0000CBr 1  AD rr rr     	lda     _curX
0000CEr 1  20 rr rr     	jsr     incax1
0000D1r 1  20 rr rr     	jsr     pushax
0000D4r 1  AD rr rr     	lda     _curY
0000D7r 1  20 rr rr     	jsr     _cellCols
0000DAr 1  20 rr rr     	jsr     tosicmp
0000DDr 1  10 06        	bpl     L0012
0000DFr 1  EE rr rr     	inc     _curX
0000E2r 1  4C rr rr     	jmp     L0044
0000E5r 1  A0 03        L0012:	ldy     #$03
0000E7r 1  B1 rr        L0052:	lda     (c_sp),y
0000E9r 1  29 10        	and     #$10
0000EBr 1  F0 0B        	beq     L0040
0000EDr 1  AD rr rr     	lda     _curY
0000F0r 1  F0 06        	beq     L0040
0000F2r 1  CE rr rr     	dec     _curY
0000F5r 1  4C rr rr     	jmp     L0044
0000F8r 1  B1 rr        L0040:	lda     (c_sp),y
0000FAr 1  A2 00        	ldx     #$00
0000FCr 1  29 20        	and     #$20
0000FEr 1  F0 14        	beq     L0044
000100r 1  AD rr rr     	lda     _curY
000103r 1  20 rr rr     	jsr     incax1
000106r 1  C9 04        	cmp     #$04
000108r 1  8A           	txa
000109r 1  E9 00        	sbc     #$00
00010Br 1  50 02        	bvc     L001E
00010Dr 1  49 80        	eor     #$80
00010Fr 1  10 03        L001E:	bpl     L0044
000111r 1  EE rr rr     	inc     _curY
000114r 1  AD rr rr     L0044:	lda     _curX
000117r 1  20 rr rr     	jsr     pusha0
00011Ar 1  AD rr rr     	lda     _curY
00011Dr 1  20 rr rr     	jsr     _cellCols
000120r 1  20 rr rr     	jsr     tosicmp
000123r 1  90 0C        	bcc     L0021
000125r 1  AD rr rr     	lda     _curY
000128r 1  20 rr rr     	jsr     _cellCols
00012Br 1  38           	sec
00012Cr 1  E9 01        	sbc     #$01
00012Er 1  8D rr rr     	sta     _curX
000131r 1  AD rr rr     L0021:	lda     _curX
000134r 1  20 rr rr     	jsr     pusha
000137r 1  AD rr rr     	lda     _curY
00013Ar 1  20 rr rr     	jsr     pusha
00013Dr 1  A9 01        	lda     #$01
00013Fr 1  20 rr rr     	jsr     _drawCell
000142r 1  20 rr rr     	jsr     _soundCursor
000145r 1  A0 06        L000C:	ldy     #$06
000147r 1  B1 rr        	lda     (c_sp),y
000149r 1  49 FF        	eor     #$FF
00014Br 1  A0 02        	ldy     #$02
00014Dr 1  31 rr        	and     (c_sp),y
00014Fr 1  88           	dey
000150r 1  91 rr        	sta     (c_sp),y
000152r 1  C8           	iny
000153r 1  B1 rr        	lda     (c_sp),y
000155r 1  A0 06        	ldy     #$06
000157r 1  91 rr        	sta     (c_sp),y
000159r 1  A0 01        	ldy     #$01
00015Br 1  B1 rr        	lda     (c_sp),y
00015Dr 1  D0 03 4C rr  	jeq     L0005
000161r 1  rr           
000162r 1  A2 00        	ldx     #$00
000164r 1  AD rr rr     	lda     _curY
000167r 1  20 rr rr     	jsr     mulax10
00016Ar 1  18           	clc
00016Br 1  6D rr rr     	adc     _curX
00016Er 1  88           	dey
00016Fr 1  91 rr        	sta     (c_sp),y
000171r 1  C8           	iny
000172r 1  B1 rr        	lda     (c_sp),y
000174r 1  29 02        	and     #$02
000176r 1  F0 0A        	beq     L0046
000178r 1  A2 00        	ldx     #$00
00017Ar 1  A9 25        	lda     #$25
00017Cr 1  88           	dey
00017Dr 1  91 rr        	sta     (c_sp),y
00017Fr 1  4C rr rr     	jmp     L004A
000182r 1  B1 rr        L0046:	lda     (c_sp),y
000184r 1  29 08        	and     #$08
000186r 1  F0 0A        	beq     L0048
000188r 1  A2 00        	ldx     #$00
00018Ar 1  A9 26        	lda     #$26
00018Cr 1  88           	dey
00018Dr 1  91 rr        	sta     (c_sp),y
00018Fr 1  4C rr rr     	jmp     L004A
000192r 1  B1 rr        L0048:	lda     (c_sp),y
000194r 1  29 01        	and     #$01
000196r 1  D0 03 4C rr  	jeq     L0005
00019Ar 1  rr           
00019Br 1  A2 00        	ldx     #$00
00019Dr 1  A1 rr        L004A:	lda     (c_sp,x)
00019Fr 1  C9 26        	cmp     #$26
0001A1r 1  D0 0C        	bne     L004C
0001A3r 1  A0 09        	ldy     #$09
0001A5r 1  B1 rr        	lda     (c_sp),y
0001A7r 1  D0 62        	bne     L0003
0001A9r 1  20 rr rr     	jsr     _soundCursorInvalid
0001ACr 1  4C rr rr     	jmp     L0005
0001AFr 1  A1 rr        L004C:	lda     (c_sp,x)
0001B1r 1  C9 25        	cmp     #$25
0001B3r 1  D0 29        	bne     L002A
0001B5r 1  A0 09        	ldy     #$09
0001B7r 1  B1 rr        	lda     (c_sp),y
0001B9r 1  D0 06        	bne     L002B
0001BBr 1  20 rr rr     	jsr     _soundCursorInvalid
0001BEr 1  4C rr rr     	jmp     L0005
0001C1r 1  B1 rr        L002B:	lda     (c_sp),y
0001C3r 1  38           	sec
0001C4r 1  E9 01        	sbc     #$01
0001C6r 1  91 rr        	sta     (c_sp),y
0001C8r 1  18           	clc
0001C9r 1  C8           	iny
0001CAr 1  71 rr        	adc     (c_sp),y
0001CCr 1  85 rr        	sta     ptr1
0001CEr 1  8A           	txa
0001CFr 1  C8           	iny
0001D0r 1  71 rr        	adc     (c_sp),y
0001D2r 1  85 rr        	sta     ptr1+1
0001D4r 1  8A           	txa
0001D5r 1  A8           	tay
0001D6r 1  91 rr        	sta     (ptr1),y
0001D8r 1  20 rr rr     	jsr     _soundCursor
0001DBr 1  4C rr rr     	jmp     L0060
0001DEr 1  A0 0D        L002A:	ldy     #$0D
0001E0r 1  20 rr rr     	jsr     pushwysp
0001E3r 1  A9 0B        	lda     #$0B
0001E5r 1  20 rr rr     	jsr     leaa0sp
0001E8r 1  20 rr rr     	jsr     pushax
0001EBr 1  A0 10        	ldy     #$10
0001EDr 1  B1 rr        	lda     (c_sp),y
0001EFr 1  20 rr rr     	jsr     pusha
0001F2r 1  A0 05        	ldy     #$05
0001F4r 1  B1 rr        	lda     (c_sp),y
0001F6r 1  C9 24        	cmp     #$24
0001F8r 1  D0 05        	bne     L004D
0001FAr 1  A9 20        	lda     #$20
0001FCr 1  4C rr rr     	jmp     L004E
0001FFr 1  B1 rr        L004D:	lda     (c_sp),y
000201r 1  A8           	tay
000202r 1  B9 rr rr     	lda     _cells,y
000205r 1  20 rr rr     L004E:	jsr     _appendChar
000208r 1  4C rr rr     	jmp     L0060
00020Br 1  20 rr rr     L0003:	jsr     _clearGrid
00020Er 1  A0 0F        	ldy     #$0F
000210r 1  4C rr rr     	jmp     addysp
000213r 1               
000213r 1               .endproc
000213r 1               
000213r 1               ; ---------------------------------------------------------------
000213r 1               ; unsigned char __near__ cellCols (unsigned char row)
000213r 1               ; ---------------------------------------------------------------
000213r 1               
000213r 1               .segment	"CODE"
000213r 1               
000213r 1               .proc	_cellCols: near
000213r 1               
000213r 1               .segment	"CODE"
000213r 1               
000213r 1  20 rr rr     	jsr     pusha
000216r 1  A0 00        	ldy     #$00
000218r 1  B1 rr        	lda     (c_sp),y
00021Ar 1  C9 03        	cmp     #$03
00021Cr 1  D0 07        	bne     L0004
00021Er 1  A2 00        	ldx     #$00
000220r 1  A9 09        	lda     #$09
000222r 1  4C rr rr     	jmp     incsp1
000225r 1  A9 0A        L0004:	lda     #$0A
000227r 1  A2 00        	ldx     #$00
000229r 1  4C rr rr     	jmp     incsp1
00022Cr 1               
00022Cr 1               .endproc
00022Cr 1               
00022Cr 1               ; ---------------------------------------------------------------
00022Cr 1               ; void __near__ drawCell (unsigned char col, unsigned char row, unsigned char marked)
00022Cr 1               ; ---------------------------------------------------------------
00022Cr 1               
00022Cr 1               .segment	"CODE"
00022Cr 1               
00022Cr 1               .proc	_drawCell: near
00022Cr 1               
00022Cr 1               .segment	"CODE"
00022Cr 1               
00022Cr 1  20 rr rr     	jsr     pusha
00022Fr 1  A0 01        	ldy     #$01
000231r 1  A2 00        	ldx     #$00
000233r 1  B1 rr        	lda     (c_sp),y
000235r 1  20 rr rr     	jsr     mulax10
000238r 1  85 rr        	sta     ptr1
00023Ar 1  C8           	iny
00023Br 1  B1 rr        	lda     (c_sp),y
00023Dr 1  18           	clc
00023Er 1  65 rr        	adc     ptr1
000240r 1  20 rr rr     	jsr     pusha
000243r 1  A0 03        	ldy     #$03
000245r 1  A2 00        	ldx     #$00
000247r 1  B1 rr        	lda     (c_sp),y
000249r 1  20 rr rr     	jsr     mulax3
00024Cr 1  18           	clc
00024Dr 1  69 01        	adc     #$01
00024Fr 1  20 rr rr     	jsr     pusha
000252r 1  20 rr rr     	jsr     decsp3
000255r 1  A0 03        	ldy     #$03
000257r 1  B1 rr        	lda     (c_sp),y
000259r 1  20 rr rr     	jsr     pusha
00025Cr 1  A0 07        	ldy     #$07
00025Er 1  A2 00        	ldx     #$00
000260r 1  B1 rr        	lda     (c_sp),y
000262r 1  A0 11        	ldy     #$11
000264r 1  20 rr rr     	jsr     incaxy
000267r 1  20 rr rr     	jsr     pusha
00026Ar 1  A0 07        	ldy     #$07
00026Cr 1  B1 rr        	lda     (c_sp),y
00026Er 1  F0 07        	beq     L0002
000270r 1  A9 rr        	lda     #<(S0008)
000272r 1  A2 rr        	ldx     #>(S0008)
000274r 1  4C rr rr     	jmp     L0003
000277r 1  A9 rr        L0002:	lda     #<(S0009)
000279r 1  A2 rr        	ldx     #>(S0009)
00027Br 1  20 rr rr     L0003:	jsr     _drawText
00027Er 1  A0 04        	ldy     #$04
000280r 1  B1 rr        	lda     (c_sp),y
000282r 1  C9 24        	cmp     #$24
000284r 1  D0 20        	bne     L000E
000286r 1  88           	dey
000287r 1  B1 rr        	lda     (c_sp),y
000289r 1  18           	clc
00028Ar 1  69 01        	adc     #$01
00028Cr 1  20 rr rr     	jsr     pusha
00028Fr 1  A0 07        	ldy     #$07
000291r 1  A2 00        	ldx     #$00
000293r 1  B1 rr        	lda     (c_sp),y
000295r 1  A0 11        	ldy     #$11
000297r 1  20 rr rr     	jsr     incaxy
00029Ar 1  20 rr rr     	jsr     pusha
00029Dr 1  AD rr rr     	lda     _labelSpace
0002A0r 1  AE rr rr     	ldx     _labelSpace+1
0002A3r 1  4C rr rr     	jmp     L000C
0002A6r 1  B1 rr        L000E:	lda     (c_sp),y
0002A8r 1  C9 25        	cmp     #$25
0002AAr 1  D0 20        	bne     L0010
0002ACr 1  88           	dey
0002ADr 1  B1 rr        	lda     (c_sp),y
0002AFr 1  18           	clc
0002B0r 1  69 01        	adc     #$01
0002B2r 1  20 rr rr     	jsr     pusha
0002B5r 1  A0 07        	ldy     #$07
0002B7r 1  A2 00        	ldx     #$00
0002B9r 1  B1 rr        	lda     (c_sp),y
0002BBr 1  A0 11        	ldy     #$11
0002BDr 1  20 rr rr     	jsr     incaxy
0002C0r 1  20 rr rr     	jsr     pusha
0002C3r 1  AD rr rr     	lda     _labelDel
0002C6r 1  AE rr rr     	ldx     _labelDel+1
0002C9r 1  4C rr rr     	jmp     L000C
0002CCr 1  B1 rr        L0010:	lda     (c_sp),y
0002CEr 1  C9 26        	cmp     #$26
0002D0r 1  D0 20        	bne     L0011
0002D2r 1  88           	dey
0002D3r 1  B1 rr        	lda     (c_sp),y
0002D5r 1  18           	clc
0002D6r 1  69 01        	adc     #$01
0002D8r 1  20 rr rr     	jsr     pusha
0002DBr 1  A0 07        	ldy     #$07
0002DDr 1  A2 00        	ldx     #$00
0002DFr 1  B1 rr        	lda     (c_sp),y
0002E1r 1  A0 11        	ldy     #$11
0002E3r 1  20 rr rr     	jsr     incaxy
0002E6r 1  20 rr rr     	jsr     pusha
0002E9r 1  AD rr rr     	lda     _labelOk
0002ECr 1  AE rr rr     	ldx     _labelOk+1
0002EFr 1  4C rr rr     	jmp     L000C
0002F2r 1  B1 rr        L0011:	lda     (c_sp),y
0002F4r 1  A8           	tay
0002F5r 1  B9 rr rr     	lda     _cells,y
0002F8r 1  A0 00        	ldy     #$00
0002FAr 1  91 rr        	sta     (c_sp),y
0002FCr 1  A9 20        	lda     #$20
0002FEr 1  C8           	iny
0002FFr 1  91 rr        	sta     (c_sp),y
000301r 1  A9 00        	lda     #$00
000303r 1  C8           	iny
000304r 1  91 rr        	sta     (c_sp),y
000306r 1  C8           	iny
000307r 1  B1 rr        	lda     (c_sp),y
000309r 1  18           	clc
00030Ar 1  69 01        	adc     #$01
00030Cr 1  20 rr rr     	jsr     pusha
00030Fr 1  A0 07        	ldy     #$07
000311r 1  A2 00        	ldx     #$00
000313r 1  B1 rr        	lda     (c_sp),y
000315r 1  A0 11        	ldy     #$11
000317r 1  20 rr rr     	jsr     incaxy
00031Ar 1  20 rr rr     	jsr     pusha
00031Dr 1  A9 02        	lda     #$02
00031Fr 1  20 rr rr     	jsr     leaa0sp
000322r 1  20 rr rr     L000C:	jsr     _drawText
000325r 1  4C rr rr     	jmp     incsp8
000328r 1               
000328r 1               .endproc
000328r 1               
000328r 1               ; ---------------------------------------------------------------
000328r 1               ; void __near__ drawGrid (void)
000328r 1               ; ---------------------------------------------------------------
000328r 1               
000328r 1               .segment	"CODE"
000328r 1               
000328r 1               .proc	_drawGrid: near
000328r 1               
000328r 1               .segment	"CODE"
000328r 1               
000328r 1  20 rr rr     	jsr     decsp2
00032Br 1  A9 00        	lda     #$00
00032Dr 1  A0 01        	ldy     #$01
00032Fr 1  91 rr        L000E:	sta     (c_sp),y
000331r 1  C9 04        	cmp     #$04
000333r 1  B0 52        	bcs     L0003
000335r 1  A9 00        	lda     #$00
000337r 1  88           	dey
000338r 1  91 rr        L000D:	sta     (c_sp),y
00033Ar 1  B1 rr        	lda     (c_sp),y
00033Cr 1  20 rr rr     	jsr     pusha0
00033Fr 1  A0 03        	ldy     #$03
000341r 1  B1 rr        	lda     (c_sp),y
000343r 1  20 rr rr     	jsr     _cellCols
000346r 1  20 rr rr     	jsr     tosicmp
000349r 1  B0 33        	bcs     L0004
00034Br 1  A0 00        	ldy     #$00
00034Dr 1  B1 rr        	lda     (c_sp),y
00034Fr 1  20 rr rr     	jsr     pusha
000352r 1  A0 02        	ldy     #$02
000354r 1  B1 rr        	lda     (c_sp),y
000356r 1  20 rr rr     	jsr     pusha
000359r 1  A0 03        	ldy     #$03
00035Br 1  B1 rr        	lda     (c_sp),y
00035Dr 1  CD rr rr     	cmp     _curY
000360r 1  D0 08        	bne     L000F
000362r 1  88           	dey
000363r 1  B1 rr        	lda     (c_sp),y
000365r 1  CD rr rr     	cmp     _curX
000368r 1  F0 05        	beq     L0010
00036Ar 1  A9 00        L000F:	lda     #$00
00036Cr 1  4C rr rr     	jmp     L0011
00036Fr 1  A9 01        L0010:	lda     #$01
000371r 1  20 rr rr     L0011:	jsr     _drawCell
000374r 1  A0 00        	ldy     #$00
000376r 1  18           	clc
000377r 1  A9 01        	lda     #$01
000379r 1  71 rr        	adc     (c_sp),y
00037Br 1  4C rr rr     	jmp     L000D
00037Er 1  A0 01        L0004:	ldy     #$01
000380r 1  18           	clc
000381r 1  98           	tya
000382r 1  71 rr        	adc     (c_sp),y
000384r 1  4C rr rr     	jmp     L000E
000387r 1  4C rr rr     L0003:	jmp     incsp2
00038Ar 1               
00038Ar 1               .endproc
00038Ar 1               
00038Ar 1               ; ---------------------------------------------------------------
00038Ar 1               ; void __near__ clearGrid (void)
00038Ar 1               ; ---------------------------------------------------------------
00038Ar 1               
00038Ar 1               .segment	"CODE"
00038Ar 1               
00038Ar 1               .proc	_clearGrid: near
00038Ar 1               
00038Ar 1               .segment	"CODE"
00038Ar 1               
00038Ar 1  20 rr rr     	jsr     decsp1
00038Dr 1  A9 00        	lda     #$00
00038Fr 1  A8           	tay
000390r 1  91 rr        L0006:	sta     (c_sp),y
000392r 1  C9 04        	cmp     #$04
000394r 1  B0 22        	bcs     L0003
000396r 1  98           	tya
000397r 1  20 rr rr     	jsr     pusha
00039Ar 1  A0 01        	ldy     #$01
00039Cr 1  AA           	tax
00039Dr 1  B1 rr        	lda     (c_sp),y
00039Fr 1  A0 11        	ldy     #$11
0003A1r 1  20 rr rr     	jsr     incaxy
0003A4r 1  20 rr rr     	jsr     pusha
0003A7r 1  A9 rr        	lda     #<(S000A)
0003A9r 1  A2 rr        	ldx     #>(S000A)
0003ABr 1  20 rr rr     	jsr     _drawText
0003AEr 1  A0 00        	ldy     #$00
0003B0r 1  18           	clc
0003B1r 1  A9 01        	lda     #$01
0003B3r 1  71 rr        	adc     (c_sp),y
0003B5r 1  4C rr rr     	jmp     L0006
0003B8r 1  4C rr rr     L0003:	jmp     incsp1
0003BBr 1               
0003BBr 1               .endproc
0003BBr 1               
0003BBr 1               ; ---------------------------------------------------------------
0003BBr 1               ; void __near__ drawField (unsigned char x, unsigned char y, unsigned char max, const char *buffer)
0003BBr 1               ; ---------------------------------------------------------------
0003BBr 1               
0003BBr 1               .segment	"CODE"
0003BBr 1               
0003BBr 1               .proc	_drawField: near
0003BBr 1               
0003BBr 1               .segment	"CODE"
0003BBr 1               
0003BBr 1  20 rr rr     	jsr     pushax
0003BEr 1  20 rr rr     	jsr     ldax0sp
0003C1r 1  20 rr rr     	jsr     _strlen
0003C4r 1  20 rr rr     	jsr     pusha
0003C7r 1  A0 05        	ldy     #$05
0003C9r 1  B1 rr        	lda     (c_sp),y
0003CBr 1  20 rr rr     	jsr     pusha
0003CEr 1  A0 05        	ldy     #$05
0003D0r 1  B1 rr        	lda     (c_sp),y
0003D2r 1  20 rr rr     	jsr     pusha
0003D5r 1  A9 rr        	lda     #<(S000B)
0003D7r 1  A2 rr        	ldx     #>(S000B)
0003D9r 1  20 rr rr     	jsr     _drawText
0003DCr 1  A0 05        	ldy     #$05
0003DEr 1  B1 rr        	lda     (c_sp),y
0003E0r 1  20 rr rr     	jsr     pusha
0003E3r 1  A0 05        	ldy     #$05
0003E5r 1  B1 rr        	lda     (c_sp),y
0003E7r 1  20 rr rr     	jsr     pusha
0003EAr 1  A0 04        	ldy     #$04
0003ECr 1  20 rr rr     	jsr     ldaxysp
0003EFr 1  20 rr rr     	jsr     _drawText
0003F2r 1  A0 00        	ldy     #$00
0003F4r 1  B1 rr        	lda     (c_sp),y
0003F6r 1  A0 03        	ldy     #$03
0003F8r 1  D1 rr        	cmp     (c_sp),y
0003FAr 1  B0 13        	bcs     L0002
0003FCr 1  A0 00        	ldy     #$00
0003FEr 1  B1 rr        	lda     (c_sp),y
000400r 1  18           	clc
000401r 1  A0 05        	ldy     #$05
000403r 1  71 rr        	adc     (c_sp),y
000405r 1  20 rr rr     	jsr     pusha
000408r 1  A0 05        	ldy     #$05
00040Ar 1  B1 rr        	lda     (c_sp),y
00040Cr 1  20 rr rr     	jsr     _drawChip
00040Fr 1  4C rr rr     L0002:	jmp     incsp6
000412r 1               
000412r 1               .endproc
000412r 1               
000412r 1               ; ---------------------------------------------------------------
000412r 1               ; void __near__ appendChar (char *buffer, unsigned char *len, unsigned char max, char ch)
000412r 1               ; ---------------------------------------------------------------
000412r 1               
000412r 1               .segment	"CODE"
000412r 1               
000412r 1               .proc	_appendChar: near
000412r 1               
000412r 1               .segment	"CODE"
000412r 1               
000412r 1  20 rr rr     	jsr     pusha
000415r 1  A0 03        	ldy     #$03
000417r 1  20 rr rr     	jsr     ldptr1ysp
00041Ar 1  A2 00        	ldx     #$00
00041Cr 1  A1 rr        	lda     (ptr1,x)
00041Er 1  A0 01        	ldy     #$01
000420r 1  D1 rr        	cmp     (c_sp),y
000422r 1  90 06        	bcc     L0002
000424r 1  20 rr rr     	jsr     _soundCursorInvalid
000427r 1  4C rr rr     	jmp     incsp6
00042Ar 1  A0 07        L0002:	ldy     #$07
00042Cr 1  20 rr rr     	jsr     pushwysp
00042Fr 1  A0 05        	ldy     #$05
000431r 1  20 rr rr     	jsr     ldaxysp
000434r 1  85 rr        	sta     ptr2
000436r 1  86 rr        	stx     ptr2+1
000438r 1  85 rr        	sta     ptr1
00043Ar 1  86 rr        	stx     ptr1+1
00043Cr 1  A0 00        	ldy     #$00
00043Er 1  B1 rr        	lda     (ptr1),y
000440r 1  48           	pha
000441r 1  18           	clc
000442r 1  69 01        	adc     #$01
000444r 1  91 rr        	sta     (ptr2),y
000446r 1  68           	pla
000447r 1  20 rr rr     	jsr     tosadda0
00044Ar 1  85 rr        	sta     ptr1
00044Cr 1  86 rr        	stx     ptr1+1
00044Er 1  A0 00        	ldy     #$00
000450r 1  B1 rr        	lda     (c_sp),y
000452r 1  91 rr        	sta     (ptr1),y
000454r 1  A0 03        	ldy     #$03
000456r 1  20 rr rr     	jsr     ldptr1ysp
000459r 1  A0 00        	ldy     #$00
00045Br 1  B1 rr        	lda     (ptr1),y
00045Dr 1  18           	clc
00045Er 1  A0 04        	ldy     #$04
000460r 1  71 rr        	adc     (c_sp),y
000462r 1  85 rr        	sta     ptr1
000464r 1  A9 00        	lda     #$00
000466r 1  C8           	iny
000467r 1  71 rr        	adc     (c_sp),y
000469r 1  85 rr        	sta     ptr1+1
00046Br 1  A2 00        	ldx     #$00
00046Dr 1  8A           	txa
00046Er 1  A8           	tay
00046Fr 1  91 rr        	sta     (ptr1),y
000471r 1  20 rr rr     	jsr     _soundCursor
000474r 1  4C rr rr     	jmp     incsp6
000477r 1               
000477r 1               .endproc
000477r 1               
000477r 1               
