ca65 V2.19 - Git 92fa7cb23
Main file   : build/nes/src/nes/sound.c.149406.0.s
Current file: build/nes/src/nes/sound.c.149406.0.s

000000r 1               ;
000000r 1               ; File generated by cc65 v 2.19 - Git 92fa7cb23
000000r 1               ;
000000r 1               	.fopt		compiler,"cc65 v 2.19 - Git 92fa7cb23"
000000r 1               	.setcpu		"6502"
000000r 1               	.smart		on
000000r 1               	.autoimport	on
000000r 1               	.case		on
000000r 1               	.debuginfo	off
000000r 1               	.importzp	c_sp, sreg, regsave, regbank
000000r 1               	.importzp	tmp1, tmp2, tmp3, tmp4, ptr1, ptr2, ptr3, ptr4
000000r 1               	.macpack	longbranch
000000r 2               .macro  jeq     Target
000000r 2                       .if     .match(Target, 0)
000000r 2                       bne     *+5
000000r 2                       jmp     Target
000000r 2                       .elseif .def(Target) .and .const((*-2)-(Target)) .and ((*+2)-(Target) <= 127)
000000r 2                               beq     Target
000000r 2                       .else
000000r 2                               bne     *+5
000000r 2                               jmp     Target
000000r 2                       .endif
000000r 2               .endmacro
000000r 2               .macro  jne     Target
000000r 2                       .if     .match(Target, 0)
000000r 2                               beq     *+5
000000r 2                               jmp     Target
000000r 2                       .elseif .def(Target) .and .const((*-2)-(Target)) .and ((*+2)-(Target) <= 127)
000000r 2                               bne     Target
000000r 2                       .else
000000r 2                               beq     *+5
000000r 2                               jmp     Target
000000r 2                       .endif
000000r 2               .endmacro
000000r 2               .macro  jmi     Target
000000r 2                       .if     .match(Target, 0)
000000r 2                               bpl     *+5
000000r 2                               jmp     Target
000000r 2                       .elseif .def(Target) .and .const((*-2)-(Target)) .and ((*+2)-(Target) <= 127)
000000r 2                               bmi     Target
000000r 2                       .else
000000r 2                               bpl     *+5
000000r 2                               jmp     Target
000000r 2                       .endif
000000r 2               .endmacro
000000r 2               .macro  jpl     Target
000000r 2                       .if     .match(Target, 0)
000000r 2                               bmi     *+5
000000r 2                               jmp     Target
000000r 2                       .elseif .def(Target) .and .const((*-2)-(Target)) .and ((*+2)-(Target) <= 127)
000000r 2                               bpl     Target
000000r 2                       .else
000000r 2                               bmi     *+5
000000r 2                               jmp     Target
000000r 2                       .endif
000000r 2               .endmacro
000000r 2               .macro  jcs     Target
000000r 2                       .if     .match(Target, 0)
000000r 2                               bcc     *+5
000000r 2                               jmp     Target
000000r 2                       .elseif .def(Target) .and .const((*-2)-(Target)) .and ((*+2)-(Target) <= 127)
000000r 2                               bcs     Target
000000r 2                       .else
000000r 2                               bcc     *+5
000000r 2                               jmp     Target
000000r 2                       .endif
000000r 2               .endmacro
000000r 2               .macro  jcc     Target
000000r 2                       .if     .match(Target, 0)
000000r 2                               bcs     *+5
000000r 2                               jmp     Target
000000r 2                       .elseif .def(Target) .and .const((*-2)-(Target)) .and ((*+2)-(Target) <= 127)
000000r 2                               bcc     Target
000000r 2                       .else
000000r 2                               bcs     *+5
000000r 2                               jmp     Target
000000r 2                       .endif
000000r 2               .endmacro
000000r 2               .macro  jvs     Target
000000r 2                       .if     .match(Target, 0)
000000r 2                               bvc     *+5
000000r 2                               jmp     Target
000000r 2                       .elseif .def(Target) .and .const((*-2)-(Target)) .and ((*+2)-(Target) <= 127)
000000r 2                               bvs     Target
000000r 2                       .else
000000r 2                               bvc     *+5
000000r 2                               jmp     Target
000000r 2                       .endif
000000r 2               .endmacro
000000r 2               .macro  jvc     Target
000000r 2                       .if     .match(Target, 0)
000000r 2                               bvs     *+5
000000r 2                               jmp     Target
000000r 2                       .elseif .def(Target) .and .const((*-2)-(Target)) .and ((*+2)-(Target) <= 127)
000000r 2                               bvc     Target
000000r 2                       .else
000000r 2                               bvs     *+5
000000r 2                               jmp     Target
000000r 2                       .endif
000000r 2               .endmacro
000000r 2               
000000r 1               	.import		_waitvsync
000000r 1               	.export		_beep
000000r 1               	.export		_soundDealCard
000000r 1               	.export		_soundJoinGame
000000r 1               	.export		_soundPlayerLeft
000000r 1               	.export		_soundPlayerJoin
000000r 1               	.export		_soundGameDone
000000r 1               	.export		_soundMyTurn
000000r 1               	.export		_soundTick
000000r 1               	.export		_soundCursor
000000r 1               	.export		_soundCursorInvalid
000000r 1               	.export		_soundSelectMove
000000r 1               	.export		_initSound
000000r 1               	.export		_soundTakeChip
000000r 1               
000000r 1               ; ---------------------------------------------------------------
000000r 1               ; void __near__ beep (int hz, int gate, int postGate)
000000r 1               ; ---------------------------------------------------------------
000000r 1               
000000r 1               .segment	"CODE"
000000r 1               
000000r 1               .proc	_beep: near
000000r 1               
000000r 1               .segment	"CODE"
000000r 1               
000000r 1  20 rr rr     	jsr     pushax
000003r 1  A9 00        	lda     #$00
000005r 1  85 rr        	sta     sreg+1
000007r 1  A9 01        	lda     #$01
000009r 1  85 rr        	sta     sreg
00000Br 1  A9 F5        	lda     #$F5
00000Dr 1  A2 B4        	ldx     #$B4
00000Fr 1  20 rr rr     	jsr     pusheax
000012r 1  A0 09        	ldy     #$09
000014r 1  20 rr rr     	jsr     ldaxysp
000017r 1  20 rr rr     	jsr     axulong
00001Ar 1  20 rr rr     	jsr     tosudiveax
00001Dr 1  A0 01        	ldy     #$01
00001Fr 1  20 rr rr     	jsr     deceaxy
000022r 1  20 rr rr     	jsr     pushax
000025r 1  20 rr rr     	jsr     ldax0sp
000028r 1  C9 00        	cmp     #$00
00002Ar 1  8A           	txa
00002Br 1  E9 08        	sbc     #$08
00002Dr 1  90 07        	bcc     L0002
00002Fr 1  A2 07        	ldx     #$07
000031r 1  A9 FF        	lda     #$FF
000033r 1  20 rr rr     	jsr     stax0sp
000036r 1  A0 00        L0002:	ldy     #$00
000038r 1  B1 rr        	lda     (c_sp),y
00003Ar 1  8D 02 40     	sta     $4002
00003Dr 1  C8           	iny
00003Er 1  B1 rr        	lda     (c_sp),y
000040r 1  8D 03 40     	sta     $4003
000043r 1  A9 BF        	lda     #$BF
000045r 1  8D 00 40     	sta     $4000
000048r 1  4C rr rr     	jmp     L0005
00004Br 1  20 rr rr     L0003:	jsr     _waitvsync
00004Er 1  A0 05        L0005:	ldy     #$05
000050r 1  B1 rr        	lda     (c_sp),y
000052r 1  88           	dey
000053r 1  11 rr        	ora     (c_sp),y
000055r 1  08           	php
000056r 1  A2 00        	ldx     #$00
000058r 1  A9 01        	lda     #$01
00005Ar 1  20 rr rr     	jsr     subeqysp
00005Dr 1  28           	plp
00005Er 1  D0 EB        	bne     L0003
000060r 1  A9 B0        	lda     #$B0
000062r 1  8D 00 40     	sta     $4000
000065r 1  4C rr rr     	jmp     L0008
000068r 1  20 rr rr     L0006:	jsr     _waitvsync
00006Br 1  A0 03        L0008:	ldy     #$03
00006Dr 1  B1 rr        	lda     (c_sp),y
00006Fr 1  88           	dey
000070r 1  11 rr        	ora     (c_sp),y
000072r 1  08           	php
000073r 1  A2 00        	ldx     #$00
000075r 1  A9 01        	lda     #$01
000077r 1  20 rr rr     	jsr     subeqysp
00007Ar 1  28           	plp
00007Br 1  D0 EB        	bne     L0006
00007Dr 1  4C rr rr     	jmp     incsp8
000080r 1               
000080r 1               .endproc
000080r 1               
000080r 1               ; ---------------------------------------------------------------
000080r 1               ; void __near__ soundDealCard (void)
000080r 1               ; ---------------------------------------------------------------
000080r 1               
000080r 1               .segment	"CODE"
000080r 1               
000080r 1               .proc	_soundDealCard: near
000080r 1               
000080r 1               .segment	"CODE"
000080r 1               
000080r 1  A9 96        	lda     #$96
000082r 1  20 rr rr     	jsr     pusha0
000085r 1  A9 01        	lda     #$01
000087r 1  20 rr rr     	jsr     pusha0
00008Ar 1  A9 05        	lda     #$05
00008Cr 1  4C rr rr     	jmp     _beep
00008Fr 1               
00008Fr 1               .endproc
00008Fr 1               
00008Fr 1               ; ---------------------------------------------------------------
00008Fr 1               ; void __near__ soundJoinGame (void)
00008Fr 1               ; ---------------------------------------------------------------
00008Fr 1               
00008Fr 1               .segment	"CODE"
00008Fr 1               
00008Fr 1               .proc	_soundJoinGame: near
00008Fr 1               
00008Fr 1               .segment	"CODE"
00008Fr 1               
00008Fr 1  A2 01        	ldx     #$01
000091r 1  A9 AE        	lda     #$AE
000093r 1  20 rr rr     	jsr     pushax
000096r 1  A9 05        	lda     #$05
000098r 1  20 rr rr     	jsr     pusha0
00009Br 1  A9 08        	lda     #$08
00009Dr 1  20 rr rr     	jsr     _beep
0000A0r 1  A2 01        	ldx     #$01
0000A2r 1  A9 54        	lda     #$54
0000A4r 1  20 rr rr     	jsr     pushax
0000A7r 1  A9 05        	lda     #$05
0000A9r 1  20 rr rr     	jsr     pusha0
0000ACr 1  A9 00        	lda     #$00
0000AEr 1  20 rr rr     	jsr     _beep
0000B1r 1  A2 01        	ldx     #$01
0000B3r 1  A9 F4        	lda     #$F4
0000B5r 1  20 rr rr     	jsr     pushax
0000B8r 1  A9 05        	lda     #$05
0000BAr 1  20 rr rr     	jsr     pusha0
0000BDr 1  A9 00        	lda     #$00
0000BFr 1  4C rr rr     	jmp     _beep
0000C2r 1               
0000C2r 1               .endproc
0000C2r 1               
0000C2r 1               ; ---------------------------------------------------------------
0000C2r 1               ; void __near__ soundPlayerLeft (void)
0000C2r 1               ; ---------------------------------------------------------------
0000C2r 1               
0000C2r 1               .segment	"CODE"
0000C2r 1               
0000C2r 1               .proc	_soundPlayerLeft: near
0000C2r 1               
0000C2r 1               .segment	"CODE"
0000C2r 1               
0000C2r 1  20 rr rr     	jsr     decsp1
0000C5r 1  A9 50        	lda     #$50
0000C7r 1  A0 00        	ldy     #$00
0000C9r 1  91 rr        L0006:	sta     (c_sp),y
0000CBr 1  C9 32        	cmp     #$32
0000CDr 1  90 19        	bcc     L0003
0000CFr 1  B1 rr        	lda     (c_sp),y
0000D1r 1  20 rr rr     	jsr     pusha0
0000D4r 1  A9 02        	lda     #$02
0000D6r 1  20 rr rr     	jsr     pusha0
0000D9r 1  A9 0F        	lda     #$0F
0000DBr 1  20 rr rr     	jsr     _beep
0000DEr 1  A0 00        	ldy     #$00
0000E0r 1  B1 rr        	lda     (c_sp),y
0000E2r 1  38           	sec
0000E3r 1  E9 0A        	sbc     #$0A
0000E5r 1  4C rr rr     	jmp     L0006
0000E8r 1  4C rr rr     L0003:	jmp     incsp1
0000EBr 1               
0000EBr 1               .endproc
0000EBr 1               
0000EBr 1               ; ---------------------------------------------------------------
0000EBr 1               ; void __near__ soundPlayerJoin (void)
0000EBr 1               ; ---------------------------------------------------------------
0000EBr 1               
0000EBr 1               .segment	"CODE"
0000EBr 1               
0000EBr 1               .proc	_soundPlayerJoin: near
0000EBr 1               
0000EBr 1               .segment	"CODE"
0000EBr 1               
0000EBr 1  20 rr rr     	jsr     decsp1
0000EEr 1  A9 32        	lda     #$32
0000F0r 1  A0 00        	ldy     #$00
0000F2r 1  91 rr        L0006:	sta     (c_sp),y
0000F4r 1  C9 51        	cmp     #$51
0000F6r 1  B0 19        	bcs     L0003
0000F8r 1  B1 rr        	lda     (c_sp),y
0000FAr 1  20 rr rr     	jsr     pusha0
0000FDr 1  A9 02        	lda     #$02
0000FFr 1  20 rr rr     	jsr     pusha0
000102r 1  A9 0F        	lda     #$0F
000104r 1  20 rr rr     	jsr     _beep
000107r 1  A0 00        	ldy     #$00
000109r 1  18           	clc
00010Ar 1  A9 0A        	lda     #$0A
00010Cr 1  71 rr        	adc     (c_sp),y
00010Er 1  4C rr rr     	jmp     L0006
000111r 1  4C rr rr     L0003:	jmp     incsp1
000114r 1               
000114r 1               .endproc
000114r 1               
000114r 1               ; ---------------------------------------------------------------
000114r 1               ; void __near__ soundGameDone (void)
000114r 1               ; ---------------------------------------------------------------
000114r 1               
000114r 1               .segment	"CODE"
000114r 1               
000114r 1               .proc	_soundGameDone: near
000114r 1               
000114r 1               .segment	"CODE"
000114r 1               
000114r 1  A2 01        	ldx     #$01
000116r 1  A9 37        	lda     #$37
000118r 1  20 rr rr     	jsr     pushax
00011Br 1  A9 0A        	lda     #$0A
00011Dr 1  20 rr rr     	jsr     pusha0
000120r 1  A9 00        	lda     #$00
000122r 1  20 rr rr     	jsr     _beep
000125r 1  A2 01        	ldx     #$01
000127r 1  A9 4A        	lda     #$4A
000129r 1  20 rr rr     	jsr     pushax
00012Cr 1  A9 14        	lda     #$14
00012Er 1  20 rr rr     	jsr     pusha0
000131r 1  A9 00        	lda     #$00
000133r 1  20 rr rr     	jsr     _beep
000136r 1  A2 01        	ldx     #$01
000138r 1  A9 88        	lda     #$88
00013Ar 1  20 rr rr     	jsr     pushax
00013Dr 1  A9 0A        	lda     #$0A
00013Fr 1  20 rr rr     	jsr     pusha0
000142r 1  A9 00        	lda     #$00
000144r 1  20 rr rr     	jsr     _beep
000147r 1  A2 01        	ldx     #$01
000149r 1  A9 9F        	lda     #$9F
00014Br 1  20 rr rr     	jsr     pushax
00014Er 1  A9 14        	lda     #$14
000150r 1  20 rr rr     	jsr     pusha0
000153r 1  A9 00        	lda     #$00
000155r 1  4C rr rr     	jmp     _beep
000158r 1               
000158r 1               .endproc
000158r 1               
000158r 1               ; ---------------------------------------------------------------
000158r 1               ; void __near__ soundMyTurn (void)
000158r 1               ; ---------------------------------------------------------------
000158r 1               
000158r 1               .segment	"CODE"
000158r 1               
000158r 1               .proc	_soundMyTurn: near
000158r 1               
000158r 1               .segment	"CODE"
000158r 1               
000158r 1  A2 01        	ldx     #$01
00015Ar 1  A9 AE        	lda     #$AE
00015Cr 1  20 rr rr     	jsr     pushax
00015Fr 1  A9 04        	lda     #$04
000161r 1  20 rr rr     	jsr     pusha0
000164r 1  A9 02        	lda     #$02
000166r 1  20 rr rr     	jsr     _beep
000169r 1  A2 01        	ldx     #$01
00016Br 1  A9 AE        	lda     #$AE
00016Dr 1  20 rr rr     	jsr     pushax
000170r 1  A9 04        	lda     #$04
000172r 1  20 rr rr     	jsr     pusha0
000175r 1  A9 02        	lda     #$02
000177r 1  4C rr rr     	jmp     _beep
00017Ar 1               
00017Ar 1               .endproc
00017Ar 1               
00017Ar 1               ; ---------------------------------------------------------------
00017Ar 1               ; void __near__ soundTick (void)
00017Ar 1               ; ---------------------------------------------------------------
00017Ar 1               
00017Ar 1               .segment	"CODE"
00017Ar 1               
00017Ar 1               .proc	_soundTick: near
00017Ar 1               
00017Ar 1               .segment	"CODE"
00017Ar 1               
00017Ar 1  A9 32        	lda     #$32
00017Cr 1  20 rr rr     	jsr     pusha0
00017Fr 1  A9 02        	lda     #$02
000181r 1  20 rr rr     	jsr     pusha0
000184r 1  A9 00        	lda     #$00
000186r 1  4C rr rr     	jmp     _beep
000189r 1               
000189r 1               .endproc
000189r 1               
000189r 1               ; ---------------------------------------------------------------
000189r 1               ; void __near__ soundCursor (void)
000189r 1               ; ---------------------------------------------------------------
000189r 1               
000189r 1               .segment	"CODE"
000189r 1               
000189r 1               .proc	_soundCursor: near
000189r 1               
000189r 1               .segment	"CODE"
000189r 1               
000189r 1  A2 01        	ldx     #$01
00018Br 1  A9 2C        	lda     #$2C
00018Dr 1  20 rr rr     	jsr     pushax
000190r 1  A9 02        	lda     #$02
000192r 1  20 rr rr     	jsr     pusha0
000195r 1  A9 00        	lda     #$00
000197r 1  4C rr rr     	jmp     _beep
00019Ar 1               
00019Ar 1               .endproc
00019Ar 1               
00019Ar 1               ; ---------------------------------------------------------------
00019Ar 1               ; void __near__ soundCursorInvalid (void)
00019Ar 1               ; ---------------------------------------------------------------
00019Ar 1               
00019Ar 1               .segment	"CODE"
00019Ar 1               
00019Ar 1               .proc	_soundCursorInvalid: near
00019Ar 1               
00019Ar 1               .segment	"CODE"
00019Ar 1               
00019Ar 1  A9 64        	lda     #$64
00019Cr 1  20 rr rr     	jsr     pusha0
00019Fr 1  A9 02        	lda     #$02
0001A1r 1  20 rr rr     	jsr     pusha0
0001A4r 1  A9 00        	lda     #$00
0001A6r 1  4C rr rr     	jmp     _beep
0001A9r 1               
0001A9r 1               .endproc
0001A9r 1               
0001A9r 1               ; ---------------------------------------------------------------
0001A9r 1               ; void __near__ soundSelectMove (void)
0001A9r 1               ; ---------------------------------------------------------------
0001A9r 1               
0001A9r 1               .segment	"CODE"
0001A9r 1               
0001A9r 1               .proc	_soundSelectMove: near
0001A9r 1               
0001A9r 1               .segment	"CODE"
0001A9r 1               
0001A9r 1  A2 01        	ldx     #$01
0001ABr 1  A9 2C        	lda     #$2C
0001ADr 1  20 rr rr     	jsr     pushax
0001B0r 1  A9 03        	lda     #$03
0001B2r 1  20 rr rr     	jsr     pusha0
0001B5r 1  A9 01        	lda     #$01
0001B7r 1  20 rr rr     	jsr     _beep
0001BAr 1  A2 01        	ldx     #$01
0001BCr 1  A9 5E        	lda     #$5E
0001BEr 1  20 rr rr     	jsr     pushax
0001C1r 1  A9 03        	lda     #$03
0001C3r 1  20 rr rr     	jsr     pusha0
0001C6r 1  A9 00        	lda     #$00
0001C8r 1  4C rr rr     	jmp     _beep
0001CBr 1               
0001CBr 1               .endproc
0001CBr 1               
0001CBr 1               ; ---------------------------------------------------------------
0001CBr 1               ; void __near__ initSound (void)
0001CBr 1               ; ---------------------------------------------------------------
0001CBr 1               
0001CBr 1               .segment	"CODE"
0001CBr 1               
0001CBr 1               .proc	_initSound: near
0001CBr 1               
0001CBr 1               .segment	"CODE"
0001CBr 1               
0001CBr 1  A9 01        	lda     #$01
0001CDr 1  8D 15 40     	sta     $4015
0001D0r 1  A9 08        	lda     #$08
0001D2r 1  8D 01 40     	sta     $4001
0001D5r 1  A9 B0        	lda     #$B0
0001D7r 1  8D 00 40     	sta     $4000
0001DAr 1  60           	rts
0001DBr 1               
0001DBr 1               .endproc
0001DBr 1               
0001DBr 1               ; ---------------------------------------------------------------
0001DBr 1               ; void __near__ soundTakeChip (unsigned int counter)
0001DBr 1               ; ---------------------------------------------------------------
0001DBr 1               
0001DBr 1               .segment	"CODE"
0001DBr 1               
0001DBr 1               .proc	_soundTakeChip: near
0001DBr 1               
0001DBr 1               .segment	"CODE"
0001DBr 1               
0001DBr 1  20 rr rr     	jsr     pushax
0001DEr 1  20 rr rr     	jsr     pushw0sp
0001E1r 1  A9 14        	lda     #$14
0001E3r 1  20 rr rr     	jsr     tosumula0
0001E6r 1  A0 32        	ldy     #$32
0001E8r 1  20 rr rr     	jsr     incaxy
0001EBr 1  20 rr rr     	jsr     pushax
0001EEr 1  A9 02        	lda     #$02
0001F0r 1  20 rr rr     	jsr     pusha0
0001F3r 1  20 rr rr     	jsr     _beep
0001F6r 1  4C rr rr     	jmp     incsp2
0001F9r 1               
0001F9r 1               .endproc
0001F9r 1               
0001F9r 1               
