ca65 V2.19 - Git 92fa7cb23
Main file   : build/nes/src/nes/util.c.149410.0.s
Current file: build/nes/src/nes/util.c.149410.0.s

000000r 1               ;
000000r 1               ; File generated by cc65 v 2.19 - Git 92fa7cb23
000000r 1               ;
000000r 1               	.fopt		compiler,"cc65 v 2.19 - Git 92fa7cb23"
000000r 1               	.setcpu		"6502"
000000r 1               	.smart		on
000000r 1               	.autoimport	on
000000r 1               	.case		on
000000r 1               	.debuginfo	off
000000r 1               	.importzp	c_sp, sreg, regsave, regbank
000000r 1               	.importzp	tmp1, tmp2, tmp3, tmp4, ptr1, ptr2, ptr3, ptr4
000000r 1               	.macpack	longbranch
000000r 2               .macro  jeq     Target
000000r 2                       .if     .match(Target, 0)
000000r 2                       bne     *+5
000000r 2                       jmp     Target
000000r 2                       .elseif .def(Target) .and .const((*-2)-(Target)) .and ((*+2)-(Target) <= 127)
000000r 2                               beq     Target
000000r 2                       .else
000000r 2                               bne     *+5
000000r 2                               jmp     Target
000000r 2                       .endif
000000r 2               .endmacro
000000r 2               .macro  jne     Target
000000r 2                       .if     .match(Target, 0)
000000r 2                               beq     *+5
000000r 2                               jmp     Target
000000r 2                       .elseif .def(Target) .and .const((*-2)-(Target)) .and ((*+2)-(Target) <= 127)
000000r 2                               bne     Target
000000r 2                       .else
000000r 2                               beq     *+5
000000r 2                               jmp     Target
000000r 2                       .endif
000000r 2               .endmacro
000000r 2               .macro  jmi     Target
000000r 2                       .if     .match(Target, 0)
000000r 2                               bpl     *+5
000000r 2                               jmp     Target
000000r 2                       .elseif .def(Target) .and .const((*-2)-(Target)) .and ((*+2)-(Target) <= 127)
000000r 2                               bmi     Target
000000r 2                       .else
000000r 2                               bpl     *+5
000000r 2                               jmp     Target
000000r 2                       .endif
000000r 2               .endmacro
000000r 2               .macro  jpl     Target
000000r 2                       .if     .match(Target, 0)
000000r 2                               bmi     *+5
000000r 2                               jmp     Target
000000r 2                       .elseif .def(Target) .and .const((*-2)-(Target)) .and ((*+2)-(Target) <= 127)
000000r 2                               bpl     Target
000000r 2                       .else
000000r 2                               bmi     *+5
000000r 2                               jmp     Target
000000r 2                       .endif
000000r 2               .endmacro
000000r 2               .macro  jcs     Target
000000r 2                       .if     .match(Target, 0)
000000r 2                               bcc     *+5
000000r 2                               jmp     Target
000000r 2                       .elseif .def(Target) .and .const((*-2)-(Target)) .and ((*+2)-(Target) <= 127)
000000r 2                               bcs     Target
000000r 2                       .else
000000r 2                               bcc     *+5
000000r 2                               jmp     Target
000000r 2                       .endif
000000r 2               .endmacro
000000r 2               .macro  jcc     Target
000000r 2                       .if     .match(Target, 0)
000000r 2                               bcs     *+5
000000r 2                               jmp     Target
000000r 2                       .elseif .def(Target) .and .const((*-2)-(Target)) .and ((*+2)-(Target) <= 127)
000000r 2                               bcc     Target
000000r 2                       .else
000000r 2                               bcs     *+5
000000r 2                               jmp     Target
000000r 2                       .endif
000000r 2               .endmacro
000000r 2               .macro  jvs     Target
000000r 2                       .if     .match(Target, 0)
000000r 2                               bvc     *+5
000000r 2                               jmp     Target
000000r 2                       .elseif .def(Target) .and .const((*-2)-(Target)) .and ((*+2)-(Target) <= 127)
000000r 2                               bvs     Target
000000r 2                       .else
000000r 2                               bvc     *+5
000000r 2                               jmp     Target
000000r 2                       .endif
000000r 2               .endmacro
000000r 2               .macro  jvc     Target
000000r 2                       .if     .match(Target, 0)
000000r 2                               bvs     *+5
000000r 2                               jmp     Target
000000r 2                       .elseif .def(Target) .and .const((*-2)-(Target)) .and ((*+2)-(Target) <= 127)
000000r 2                               bvc     Target
000000r 2                       .else
000000r 2                               bvs     *+5
000000r 2                               jmp     Target
000000r 2                       .endif
000000r 2               .endmacro
000000r 2               
000000r 1               	.import		_strcat
000000r 1               	.import		_itoa
000000r 1               	.import		_clock
000000r 1               	.import		_fuji_bus_call
000000r 1               	.import		_fuji_nes_present
000000r 1               	.import		_fuji_nes_boot_state
000000r 1               	.import		_fuji_nes_boot_percent
000000r 1               	.import		_fuji_nes_boot
000000r 1               	.import		_drawStatusTextAt
000000r 1               	.import		_drawStatusText
000000r 1               	.export		_resetTimer
000000r 1               	.export		_getTime
000000r 1               	.export		_quit
000000r 1               
000000r 1               .segment	"RODATA"
000000r 1               
000000r 1               _lobbyPath:
000000r 1  6E 65 73 2F  	.byte	$6E,$65,$73,$2F,$6C,$6F,$62,$62,$79,$2E,$6E,$65,$73,$00
000004r 1  6C 6F 62 62  
000008r 1  79 2E 6E 65  
00000Er 1  00 00 00 00  	.res	242,$00
000012r 1  00 00 00 00  
000016r 1  00 00 00 00  
000100r 1               _lobbyHost:
000100r 1  65 63 2E 74  	.byte	$65,$63,$2E,$74,$6E,$66,$73,$2E,$69,$6F,$00
000104r 1  6E 66 73 2E  
000108r 1  69 6F 00     
00010Br 1               S0005:
00010Br 1  41 44 44 20  	.byte	$41,$44,$44,$20,$45,$43,$2E,$54,$4E,$46,$53,$2E,$49,$4F,$20,$49
00010Fr 1  45 43 2E 54  
000113r 1  4E 46 53 2E  
00011Br 1  4E 20 43 4F  	.byte	$4E,$20,$43,$4F,$4E,$46,$49,$47,$00
00011Fr 1  4E 46 49 47  
000123r 1  00           
000124r 1               S0004:
000124r 1  4E 4F 20 46  	.byte	$4E,$4F,$20,$46,$55,$4A,$49,$4E,$45,$54,$20,$43,$41,$52,$54,$52
000128r 1  55 4A 49 4E  
00012Cr 1  45 54 20 43  
000134r 1  49 44 47 45  	.byte	$49,$44,$47,$45,$00
000138r 1  00           
000139r 1               S0006:
000139r 1  4C 4F 42 42  	.byte	$4C,$4F,$42,$42,$59,$20,$4E,$4F,$54,$20,$41,$56,$41,$49,$4C,$41
00013Dr 1  59 20 4E 4F  
000141r 1  54 20 41 56  
000149r 1  42 4C 45 00  	.byte	$42,$4C,$45,$00
00014Dr 1               S0007:
00014Dr 1  4C 4F 42 42  	.byte	$4C,$4F,$42,$42,$59,$20,$4C,$4F,$41,$44,$20,$46,$41,$49,$4C,$45
000151r 1  59 20 4C 4F  
000155r 1  41 44 20 46  
00015Dr 1  44 00        	.byte	$44,$00
00015Fr 1               S0003:
00015Fr 1  4C 4F 41 44  	.byte	$4C,$4F,$41,$44,$49,$4E,$47,$20,$4C,$4F,$42,$42,$59,$2E,$2E,$2E
000163r 1  49 4E 47 20  
000167r 1  4C 4F 42 42  
00016Fr 1  00           	.byte	$00
000170r 1               S0008:
000170r 1  25 00        	.byte	$25,$00
000172r 1               
000172r 1               .segment	"BSS"
000000r 1               
000000r 1               _timerBase:
000000r 1  00 00 00 00  	.res	4,$00
000004r 1               _slots:
000004r 1  00 00 00 00  	.res	256,$00
000008r 1  00 00 00 00  
00000Cr 1  00 00 00 00  
000104r 1               
000104r 1               ; ---------------------------------------------------------------
000104r 1               ; void __near__ resetTimer (void)
000104r 1               ; ---------------------------------------------------------------
000104r 1               
000104r 1               .segment	"CODE"
000000r 1               
000000r 1               .proc	_resetTimer: near
000000r 1               
000000r 1               .segment	"CODE"
000000r 1               
000000r 1  20 rr rr     	jsr     _clock
000003r 1  8D rr rr     	sta     _timerBase
000006r 1  8E rr rr     	stx     _timerBase+1
000009r 1  A4 rr        	ldy     sreg
00000Br 1  8C rr rr     	sty     _timerBase+2
00000Er 1  A4 rr        	ldy     sreg+1
000010r 1  8C rr rr     	sty     _timerBase+3
000013r 1  60           	rts
000014r 1               
000014r 1               .endproc
000014r 1               
000014r 1               ; ---------------------------------------------------------------
000014r 1               ; int __near__ getTime (void)
000014r 1               ; ---------------------------------------------------------------
000014r 1               
000014r 1               .segment	"CODE"
000014r 1               
000014r 1               .proc	_getTime: near
000014r 1               
000014r 1               .segment	"CODE"
000014r 1               
000014r 1  20 rr rr     	jsr     _clock
000017r 1  20 rr rr     	jsr     pusheax
00001Ar 1  AD rr rr     	lda     _timerBase+3
00001Dr 1  85 rr        	sta     sreg+1
00001Fr 1  AD rr rr     	lda     _timerBase+2
000022r 1  85 rr        	sta     sreg
000024r 1  AE rr rr     	ldx     _timerBase+1
000027r 1  AD rr rr     	lda     _timerBase
00002Ar 1  4C rr rr     	jmp     tossubeax
00002Dr 1               
00002Dr 1               .endproc
00002Dr 1               
00002Dr 1               ; ---------------------------------------------------------------
00002Dr 1               ; void __near__ quit (void)
00002Dr 1               ; ---------------------------------------------------------------
00002Dr 1               
00002Dr 1               .segment	"CODE"
00002Dr 1               
00002Dr 1               .proc	_quit: near
00002Dr 1               
00002Dr 1               .segment	"CODE"
00002Dr 1               
00002Dr 1  20 rr rr     	jsr     decsp2
000030r 1  A9 FF        	lda     #$FF
000032r 1  20 rr rr     	jsr     pusha
000035r 1  20 rr rr     	jsr     decsp5
000038r 1  A9 rr        	lda     #<(S0003)
00003Ar 1  A2 rr        	ldx     #>(S0003)
00003Cr 1  20 rr rr     	jsr     _drawStatusText
00003Fr 1  20 rr rr     	jsr     _fuji_nes_present
000042r 1  AA           	tax
000043r 1  D0 0A        	bne     L0002
000045r 1  A9 rr        	lda     #<(S0004)
000047r 1  A2 rr        	ldx     #>(S0004)
000049r 1  20 rr rr     	jsr     _drawStatusText
00004Cr 1  4C rr rr     	jmp     incsp8
00004Fr 1  20 rr rr     L0002:	jsr     _findLobbyHost
000052r 1  A0 06        	ldy     #$06
000054r 1  91 rr        	sta     (c_sp),y
000056r 1  C9 08        	cmp     #$08
000058r 1  D0 0A        	bne     L000E
00005Ar 1  A9 rr        	lda     #<(S0005)
00005Cr 1  A2 rr        	ldx     #>(S0005)
00005Er 1  20 rr rr     	jsr     _drawStatusText
000061r 1  4C rr rr     	jmp     incsp8
000064r 1  B1 rr        L000E:	lda     (c_sp),y
000066r 1  20 rr rr     	jsr     _mountLobby
000069r 1  AA           	tax
00006Ar 1  D0 0A        	bne     L0008
00006Cr 1  A9 rr        	lda     #<(S0006)
00006Er 1  A2 rr        	ldx     #>(S0006)
000070r 1  20 rr rr     	jsr     _drawStatusText
000073r 1  4C rr rr     	jmp     incsp8
000076r 1  20 rr rr     L0008:	jsr     _fuji_nes_boot_state
000079r 1  A0 07        	ldy     #$07
00007Br 1  91 rr        	sta     (c_sp),y
00007Dr 1  C9 02        	cmp     #$02
00007Fr 1  F0 55        	beq     L000F
000081r 1  B1 rr        	lda     (c_sp),y
000083r 1  C9 80        	cmp     #$80
000085r 1  D0 0A        	bne     L000A
000087r 1  A9 rr        	lda     #<(S0007)
000089r 1  A2 rr        	ldx     #>(S0007)
00008Br 1  20 rr rr     	jsr     _drawStatusText
00008Er 1  4C rr rr     	jmp     incsp8
000091r 1  20 rr rr     L000A:	jsr     _fuji_nes_boot_percent
000094r 1  A0 05        	ldy     #$05
000096r 1  D1 rr        	cmp     (c_sp),y
000098r 1  D0 03        	bne     L0010
00009Ar 1  8A           	txa
00009Br 1  F0 D9        	beq     L0008
00009Dr 1  20 rr rr     L0010:	jsr     _fuji_nes_boot_percent
0000A0r 1  A0 05        	ldy     #$05
0000A2r 1  91 rr        	sta     (c_sp),y
0000A4r 1  B1 rr        	lda     (c_sp),y
0000A6r 1  20 rr rr     	jsr     pusha0
0000A9r 1  A9 02        	lda     #$02
0000ABr 1  20 rr rr     	jsr     leaa0sp
0000AEr 1  20 rr rr     	jsr     pushax
0000B1r 1  A2 00        	ldx     #$00
0000B3r 1  A9 0A        	lda     #$0A
0000B5r 1  20 rr rr     	jsr     _itoa
0000B8r 1  A5 rr        	lda     c_sp
0000BAr 1  A6 rr        	ldx     c_sp+1
0000BCr 1  20 rr rr     	jsr     pushax
0000BFr 1  A9 rr        	lda     #<(S0008)
0000C1r 1  A2 rr        	ldx     #>(S0008)
0000C3r 1  20 rr rr     	jsr     _strcat
0000C6r 1  A9 12        	lda     #$12
0000C8r 1  20 rr rr     	jsr     pusha
0000CBr 1  A9 01        	lda     #$01
0000CDr 1  20 rr rr     	jsr     leaa0sp
0000D0r 1  20 rr rr     	jsr     _drawStatusTextAt
0000D3r 1  4C rr rr     	jmp     L0008
0000D6r 1  A9 70        L000F:	lda     #$70
0000D8r 1  20 rr rr     	jsr     pusha
0000DBr 1  A9 D9        	lda     #$D9
0000DDr 1  20 rr rr     	jsr     pusha
0000E0r 1  A9 01        	lda     #$01
0000E2r 1  20 rr rr     	jsr     pusha
0000E5r 1  A9 00        	lda     #$00
0000E7r 1  20 rr rr     	jsr     pusha
0000EAr 1  20 rr rr     	jsr     pusha
0000EDr 1  20 rr rr     	jsr     pusha
0000F0r 1  20 rr rr     	jsr     pusha
0000F3r 1  20 rr rr     	jsr     push0
0000F6r 1  20 rr rr     	jsr     _fuji_bus_call
0000F9r 1  20 rr rr     	jsr     _fuji_nes_boot
0000FCr 1  4C rr rr     	jmp     incsp8
0000FFr 1               
0000FFr 1               .endproc
0000FFr 1               
0000FFr 1               ; ---------------------------------------------------------------
0000FFr 1               ; unsigned char __near__ sameHost (const char *a, const char *b)
0000FFr 1               ; ---------------------------------------------------------------
0000FFr 1               
0000FFr 1               .segment	"CODE"
0000FFr 1               
0000FFr 1               .proc	_sameHost: near
0000FFr 1               
0000FFr 1               .segment	"CODE"
0000FFr 1               
0000FFr 1  20 rr rr     	jsr     pushax
000102r 1  4C rr rr     	jmp     L0004
000105r 1  A0 03        L0002:	ldy     #$03
000107r 1  20 rr rr     	jsr     ldptr1ysp
00010Ar 1  A0 00        	ldy     #$00
00010Cr 1  B1 rr        	lda     (ptr1),y
00010Er 1  09 20        	ora     #$20
000110r 1  85 rr        	sta     sreg
000112r 1  20 rr rr     	jsr     ldptr10sp
000115r 1  A0 00        	ldy     #$00
000117r 1  B1 rr        	lda     (ptr1),y
000119r 1  09 20        	ora     #$20
00011Br 1  C5 rr        	cmp     sreg
00011Dr 1  F0 06        	beq     L0008
00011Fr 1  A2 00        	ldx     #$00
000121r 1  8A           	txa
000122r 1  4C rr rr     	jmp     incsp4
000125r 1  A0 02        L0008:	ldy     #$02
000127r 1  A2 00        	ldx     #$00
000129r 1  A9 01        	lda     #$01
00012Br 1  20 rr rr     	jsr     addeqysp
00012Er 1  A2 00        	ldx     #$00
000130r 1  A9 01        	lda     #$01
000132r 1  20 rr rr     	jsr     addeq0sp
000135r 1  A0 03        L0004:	ldy     #$03
000137r 1  20 rr rr     	jsr     ldptr1ysp
00013Ar 1  A0 00        	ldy     #$00
00013Cr 1  B1 rr        	lda     (ptr1),y
00013Er 1  F0 09        	beq     L0009
000140r 1  20 rr rr     	jsr     ldptr10sp
000143r 1  A0 00        	ldy     #$00
000145r 1  B1 rr        	lda     (ptr1),y
000147r 1  D0 BC        	bne     L0002
000149r 1  A0 03        L0009:	ldy     #$03
00014Br 1  20 rr rr     	jsr     ldptr1ysp
00014Er 1  A0 00        	ldy     #$00
000150r 1  B1 rr        	lda     (ptr1),y
000152r 1  85 rr        	sta     sreg
000154r 1  20 rr rr     	jsr     ldptr10sp
000157r 1  A0 00        	ldy     #$00
000159r 1  B1 rr        	lda     (ptr1),y
00015Br 1  C5 rr        	cmp     sreg
00015Dr 1  20 rr rr     	jsr     booleq
000160r 1  4C rr rr     	jmp     incsp4
000163r 1               
000163r 1               .endproc
000163r 1               
000163r 1               ; ---------------------------------------------------------------
000163r 1               ; unsigned char __near__ findLobbyHost (void)
000163r 1               ; ---------------------------------------------------------------
000163r 1               
000163r 1               .segment	"CODE"
000163r 1               
000163r 1               .proc	_findLobbyHost: near
000163r 1               
000163r 1               .segment	"CODE"
000163r 1               
000163r 1  20 rr rr     	jsr     decsp1
000166r 1  A9 70        	lda     #$70
000168r 1  20 rr rr     	jsr     pusha
00016Br 1  A9 F4        	lda     #$F4
00016Dr 1  20 rr rr     	jsr     pusha
000170r 1  A9 10        	lda     #$10
000172r 1  20 rr rr     	jsr     pusha
000175r 1  A9 00        	lda     #$00
000177r 1  20 rr rr     	jsr     pusha
00017Ar 1  20 rr rr     	jsr     pusha
00017Dr 1  20 rr rr     	jsr     pusha
000180r 1  20 rr rr     	jsr     pusha
000183r 1  A9 rr        	lda     #<(_slots)
000185r 1  A2 rr        	ldx     #>(_slots)
000187r 1  20 rr rr     	jsr     pushax
00018Ar 1  A2 01        	ldx     #$01
00018Cr 1  A9 00        	lda     #$00
00018Er 1  20 rr rr     	jsr     _fuji_bus_call
000191r 1  AA           	tax
000192r 1  F0 3F        	beq     L0008
000194r 1  A9 00        	lda     #$00
000196r 1  A8           	tay
000197r 1  91 rr        L0009:	sta     (c_sp),y
000199r 1  A2 00        	ldx     #$00
00019Br 1  B1 rr        	lda     (c_sp),y
00019Dr 1  C9 08        	cmp     #$08
00019Fr 1  B0 32        	bcs     L0008
0001A1r 1  A9 rr        	lda     #<(_lobbyHost)
0001A3r 1  A2 rr        	ldx     #>(_lobbyHost)
0001A5r 1  20 rr rr     	jsr     pushax
0001A8r 1  A0 02        	ldy     #$02
0001AAr 1  A2 00        	ldx     #$00
0001ACr 1  B1 rr        	lda     (c_sp),y
0001AEr 1  20 rr rr     	jsr     aslax4
0001B1r 1  20 rr rr     	jsr     aslax1
0001B4r 1  18           	clc
0001B5r 1  69 rr        	adc     #<(_slots)
0001B7r 1  A8           	tay
0001B8r 1  8A           	txa
0001B9r 1  69 rr        	adc     #>(_slots)
0001BBr 1  AA           	tax
0001BCr 1  98           	tya
0001BDr 1  20 rr rr     	jsr     _sameHost
0001C0r 1  AA           	tax
0001C1r 1  F0 07        	beq     L0005
0001C3r 1  A2 00        	ldx     #$00
0001C5r 1  A1 rr        	lda     (c_sp,x)
0001C7r 1  4C rr rr     	jmp     incsp1
0001CAr 1  A8           L0005:	tay
0001CBr 1  18           	clc
0001CCr 1  A9 01        	lda     #$01
0001CEr 1  71 rr        	adc     (c_sp),y
0001D0r 1  4C rr rr     	jmp     L0009
0001D3r 1  A9 08        L0008:	lda     #$08
0001D5r 1  4C rr rr     	jmp     incsp1
0001D8r 1               
0001D8r 1               .endproc
0001D8r 1               
0001D8r 1               ; ---------------------------------------------------------------
0001D8r 1               ; unsigned char __near__ mountLobby (unsigned char slot)
0001D8r 1               ; ---------------------------------------------------------------
0001D8r 1               
0001D8r 1               .segment	"CODE"
0001D8r 1               
0001D8r 1               .proc	_mountLobby: near
0001D8r 1               
0001D8r 1               .segment	"CODE"
0001D8r 1               
0001D8r 1  20 rr rr     	jsr     pusha
0001DBr 1  A9 70        	lda     #$70
0001DDr 1  20 rr rr     	jsr     pusha
0001E0r 1  A9 F9        	lda     #$F9
0001E2r 1  20 rr rr     	jsr     pusha
0001E5r 1  A9 01        	lda     #$01
0001E7r 1  20 rr rr     	jsr     pusha
0001EAr 1  A0 03        	ldy     #$03
0001ECr 1  B1 rr        	lda     (c_sp),y
0001EEr 1  20 rr rr     	jsr     pusha
0001F1r 1  A9 00        	lda     #$00
0001F3r 1  20 rr rr     	jsr     pusha
0001F6r 1  20 rr rr     	jsr     pusha
0001F9r 1  20 rr rr     	jsr     pusha
0001FCr 1  20 rr rr     	jsr     push0
0001FFr 1  20 rr rr     	jsr     _fuji_bus_call
000202r 1  AA           	tax
000203r 1  F0 62        	beq     L0001
000205r 1  A9 70        	lda     #$70
000207r 1  20 rr rr     	jsr     pusha
00020Ar 1  A9 E2        	lda     #$E2
00020Cr 1  20 rr rr     	jsr     pusha
00020Fr 1  A9 0B        	lda     #$0B
000211r 1  20 rr rr     	jsr     pusha
000214r 1  A9 00        	lda     #$00
000216r 1  20 rr rr     	jsr     pusha
000219r 1  A0 04        	ldy     #$04
00021Br 1  B1 rr        	lda     (c_sp),y
00021Dr 1  20 rr rr     	jsr     pusha
000220r 1  A9 01        	lda     #$01
000222r 1  20 rr rr     	jsr     pusha
000225r 1  A9 00        	lda     #$00
000227r 1  20 rr rr     	jsr     pusha
00022Ar 1  A9 rr        	lda     #<(_lobbyPath)
00022Cr 1  A2 rr        	ldx     #>(_lobbyPath)
00022Er 1  20 rr rr     	jsr     pushax
000231r 1  A2 01        	ldx     #$01
000233r 1  A9 00        	lda     #$00
000235r 1  20 rr rr     	jsr     _fuji_bus_call
000238r 1  AA           	tax
000239r 1  F0 2C        	beq     L0001
00023Br 1  A9 70        	lda     #$70
00023Dr 1  20 rr rr     	jsr     pusha
000240r 1  A9 F8        	lda     #$F8
000242r 1  20 rr rr     	jsr     pusha
000245r 1  A9 02        	lda     #$02
000247r 1  20 rr rr     	jsr     pusha
00024Ar 1  A9 00        	lda     #$00
00024Cr 1  20 rr rr     	jsr     pusha
00024Fr 1  A9 01        	lda     #$01
000251r 1  20 rr rr     	jsr     pusha
000254r 1  A9 00        	lda     #$00
000256r 1  20 rr rr     	jsr     pusha
000259r 1  20 rr rr     	jsr     pusha
00025Cr 1  20 rr rr     	jsr     push0
00025Fr 1  20 rr rr     	jsr     _fuji_bus_call
000262r 1  C9 00        	cmp     #$00
000264r 1  20 rr rr     	jsr     boolne
000267r 1  4C rr rr     L0001:	jmp     incsp1
00026Ar 1               
00026Ar 1               .endproc
00026Ar 1               
00026Ar 1               
