ca65 V2.19 - Git 92fa7cb23
Main file   : build/nes/src/nes/vars.c.3620640.0.s
Current file: build/nes/src/nes/vars.c.3620640.0.s

000000r 1               ;
000000r 1               ; File generated by cc65 v 2.19 - Git 92fa7cb23
000000r 1               ;
000000r 1               	.fopt		compiler,"cc65 v 2.19 - Git 92fa7cb23"
000000r 1               	.setcpu		"6502"
000000r 1               	.smart		on
000000r 1               	.autoimport	on
000000r 1               	.case		on
000000r 1               	.debuginfo	off
000000r 1               	.importzp	c_sp, sreg, regsave, regbank
000000r 1               	.importzp	tmp1, tmp2, tmp3, tmp4, ptr1, ptr2, ptr3, ptr4
000000r 1               	.macpack	longbranch
000000r 2               .macro  jeq     Target
000000r 2                       .if     .match(Target, 0)
000000r 2                       bne     *+5
000000r 2                       jmp     Target
000000r 2                       .elseif .def(Target) .and .const((*-2)-(Target)) .and ((*+2)-(Target) <= 127)
000000r 2                               beq     Target
000000r 2                       .else
000000r 2                               bne     *+5
000000r 2                               jmp     Target
000000r 2                       .endif
000000r 2               .endmacro
000000r 2               .macro  jne     Target
000000r 2                       .if     .match(Target, 0)
000000r 2                               beq     *+5
000000r 2                               jmp     Target
000000r 2                       .elseif .def(Target) .and .const((*-2)-(Target)) .and ((*+2)-(Target) <= 127)
000000r 2                               bne     Target
000000r 2                       .else
000000r 2                               beq     *+5
000000r 2                               jmp     Target
000000r 2                       .endif
000000r 2               .endmacro
000000r 2               .macro  jmi     Target
000000r 2                       .if     .match(Target, 0)
000000r 2                               bpl     *+5
000000r 2                               jmp     Target
000000r 2                       .elseif .def(Target) .and .const((*-2)-(Target)) .and ((*+2)-(Target) <= 127)
000000r 2                               bmi     Target
000000r 2                       .else
000000r 2                               bpl     *+5
000000r 2                               jmp     Target
000000r 2                       .endif
000000r 2               .endmacro
000000r 2               .macro  jpl     Target
000000r 2                       .if     .match(Target, 0)
000000r 2                               bmi     *+5
000000r 2                               jmp     Target
000000r 2                       .elseif .def(Target) .and .const((*-2)-(Target)) .and ((*+2)-(Target) <= 127)
000000r 2                               bpl     Target
000000r 2                       .else
000000r 2                               bmi     *+5
000000r 2                               jmp     Target
000000r 2                       .endif
000000r 2               .endmacro
000000r 2               .macro  jcs     Target
000000r 2                       .if     .match(Target, 0)
000000r 2                               bcc     *+5
000000r 2                               jmp     Target
000000r 2                       .elseif .def(Target) .and .const((*-2)-(Target)) .and ((*+2)-(Target) <= 127)
000000r 2                               bcs     Target
000000r 2                       .else
000000r 2                               bcc     *+5
000000r 2                               jmp     Target
000000r 2                       .endif
000000r 2               .endmacro
000000r 2               .macro  jcc     Target
000000r 2                       .if     .match(Target, 0)
000000r 2                               bcs     *+5
000000r 2                               jmp     Target
000000r 2                       .elseif .def(Target) .and .const((*-2)-(Target)) .and ((*+2)-(Target) <= 127)
000000r 2                               bcc     Target
000000r 2                       .else
000000r 2                               bcs     *+5
000000r 2                               jmp     Target
000000r 2                       .endif
000000r 2               .endmacro
000000r 2               .macro  jvs     Target
000000r 2                       .if     .match(Target, 0)
000000r 2                               bvc     *+5
000000r 2                               jmp     Target
000000r 2                       .elseif .def(Target) .and .const((*-2)-(Target)) .and ((*+2)-(Target) <= 127)
000000r 2                               bvs     Target
000000r 2                       .else
000000r 2                               bvc     *+5
000000r 2                               jmp     Target
000000r 2                       .endif
000000r 2               .endmacro
000000r 2               .macro  jvc     Target
000000r 2                       .if     .match(Target, 0)
000000r 2                               bvs     *+5
000000r 2                               jmp     Target
000000r 2                       .elseif .def(Target) .and .const((*-2)-(Target)) .and ((*+2)-(Target) <= 127)
000000r 2                               bvc     Target
000000r 2                       .else
000000r 2                               bvs     *+5
000000r 2                               jmp     Target
000000r 2                       .endif
000000r 2               .endmacro
000000r 2               
000000r 1               	.export		_playerXMaster
000000r 1               	.export		_playerYMaster
000000r 1               	.export		_playerDirMaster
000000r 1               	.export		_playerBetXMaster
000000r 1               	.export		_playerBetYMaster
000000r 1               	.export		_playerCountIndex
000000r 1               
000000r 1               .segment	"RODATA"
000000r 1               
000000r 1               _playerXMaster:
000000r 1  0A           	.byte	$0A
000001r 1  00           	.byte	$00
000002r 1  00           	.byte	$00
000003r 1  00           	.byte	$00
000004r 1  0B           	.byte	$0B
000005r 1  1E           	.byte	$1E
000006r 1  1E           	.byte	$1E
000007r 1  1E           	.byte	$1E
000008r 1               _playerYMaster:
000008r 1  11           	.byte	$11
000009r 1  11           	.byte	$11
00000Ar 1  0A           	.byte	$0A
00000Br 1  03           	.byte	$03
00000Cr 1  03           	.byte	$03
00000Dr 1  03           	.byte	$03
00000Er 1  0A           	.byte	$0A
00000Fr 1  11           	.byte	$11
000010r 1               _playerDirMaster:
000010r 1  01           	.byte	$01
000011r 1  01           	.byte	$01
000012r 1  01           	.byte	$01
000013r 1  01           	.byte	$01
000014r 1  01           	.byte	$01
000015r 1  FF           	.byte	$FF
000016r 1  FF           	.byte	$FF
000017r 1  FF           	.byte	$FF
000018r 1               _playerBetXMaster:
000018r 1  03           	.byte	$03
000019r 1  0A           	.byte	$0A
00001Ar 1  0A           	.byte	$0A
00001Br 1  0A           	.byte	$0A
00001Cr 1  03           	.byte	$03
00001Dr 1  F8           	.byte	$F8
00001Er 1  F8           	.byte	$F8
00001Fr 1  F8           	.byte	$F8
000020r 1               _playerBetYMaster:
000020r 1  FC           	.byte	$FC
000021r 1  FC           	.byte	$FC
000022r 1  00           	.byte	$00
000023r 1  04           	.byte	$04
000024r 1  04           	.byte	$04
000025r 1  04           	.byte	$04
000026r 1  00           	.byte	$00
000027r 1  FC           	.byte	$FC
000028r 1               _playerCountIndex:
000028r 1  00           	.byte	$00
000029r 1  04           	.byte	$04
00002Ar 1  00           	.byte	$00
00002Br 1  00           	.byte	$00
00002Cr 1  00           	.byte	$00
00002Dr 1  00           	.byte	$00
00002Er 1  00           	.byte	$00
00002Fr 1  00           	.byte	$00
000030r 1  00           	.byte	$00
000031r 1  02           	.byte	$02
000032r 1  06           	.byte	$06
000033r 1  00           	.byte	$00
000034r 1  00           	.byte	$00
000035r 1  00           	.byte	$00
000036r 1  00           	.byte	$00
000037r 1  00           	.byte	$00
000038r 1  00           	.byte	$00
000039r 1  02           	.byte	$02
00003Ar 1  04           	.byte	$04
00003Br 1  06           	.byte	$06
00003Cr 1  00           	.byte	$00
00003Dr 1  00           	.byte	$00
00003Er 1  00           	.byte	$00
00003Fr 1  00           	.byte	$00
000040r 1  00           	.byte	$00
000041r 1  02           	.byte	$02
000042r 1  03           	.byte	$03
000043r 1  05           	.byte	$05
000044r 1  06           	.byte	$06
000045r 1  00           	.byte	$00
000046r 1  00           	.byte	$00
000047r 1  00           	.byte	$00
000048r 1  00           	.byte	$00
000049r 1  02           	.byte	$02
00004Ar 1  03           	.byte	$03
00004Br 1  04           	.byte	$04
00004Cr 1  05           	.byte	$05
00004Dr 1  06           	.byte	$06
00004Er 1  00           	.byte	$00
00004Fr 1  00           	.byte	$00
000050r 1  00           	.byte	$00
000051r 1  02           	.byte	$02
000052r 1  03           	.byte	$03
000053r 1  04           	.byte	$04
000054r 1  05           	.byte	$05
000055r 1  06           	.byte	$06
000056r 1  07           	.byte	$07
000057r 1  00           	.byte	$00
000058r 1  00           	.byte	$00
000059r 1  01           	.byte	$01
00005Ar 1  02           	.byte	$02
00005Br 1  03           	.byte	$03
00005Cr 1  04           	.byte	$04
00005Dr 1  05           	.byte	$05
00005Er 1  06           	.byte	$06
00005Fr 1  07           	.byte	$07
000060r 1               
000060r 1               
