ca65 V2.19 - Git 92fa7cb23
Main file   : build/nes/src/gamelogic.c.149366.0.s
Current file: build/nes/src/gamelogic.c.149366.0.s

000000r 1               ;
000000r 1               ; File generated by cc65 v 2.19 - Git 92fa7cb23
000000r 1               ;
000000r 1               	.fopt		compiler,"cc65 v 2.19 - Git 92fa7cb23"
000000r 1               	.setcpu		"6502"
000000r 1               	.smart		on
000000r 1               	.autoimport	on
000000r 1               	.case		on
000000r 1               	.debuginfo	off
000000r 1               	.importzp	c_sp, sreg, regsave, regbank
000000r 1               	.importzp	tmp1, tmp2, tmp3, tmp4, ptr1, ptr2, ptr3, ptr4
000000r 1               	.macpack	longbranch
000000r 2               .macro  jeq     Target
000000r 2                       .if     .match(Target, 0)
000000r 2                       bne     *+5
000000r 2                       jmp     Target
000000r 2                       .elseif .def(Target) .and .const((*-2)-(Target)) .and ((*+2)-(Target) <= 127)
000000r 2                               beq     Target
000000r 2                       .else
000000r 2                               bne     *+5
000000r 2                               jmp     Target
000000r 2                       .endif
000000r 2               .endmacro
000000r 2               .macro  jne     Target
000000r 2                       .if     .match(Target, 0)
000000r 2                               beq     *+5
000000r 2                               jmp     Target
000000r 2                       .elseif .def(Target) .and .const((*-2)-(Target)) .and ((*+2)-(Target) <= 127)
000000r 2                               bne     Target
000000r 2                       .else
000000r 2                               beq     *+5
000000r 2                               jmp     Target
000000r 2                       .endif
000000r 2               .endmacro
000000r 2               .macro  jmi     Target
000000r 2                       .if     .match(Target, 0)
000000r 2                               bpl     *+5
000000r 2                               jmp     Target
000000r 2                       .elseif .def(Target) .and .const((*-2)-(Target)) .and ((*+2)-(Target) <= 127)
000000r 2                               bmi     Target
000000r 2                       .else
000000r 2                               bpl     *+5
000000r 2                               jmp     Target
000000r 2                       .endif
000000r 2               .endmacro
000000r 2               .macro  jpl     Target
000000r 2                       .if     .match(Target, 0)
000000r 2                               bmi     *+5
000000r 2                               jmp     Target
000000r 2                       .elseif .def(Target) .and .const((*-2)-(Target)) .and ((*+2)-(Target) <= 127)
000000r 2                               bpl     Target
000000r 2                       .else
000000r 2                               bmi     *+5
000000r 2                               jmp     Target
000000r 2                       .endif
000000r 2               .endmacro
000000r 2               .macro  jcs     Target
000000r 2                       .if     .match(Target, 0)
000000r 2                               bcc     *+5
000000r 2                               jmp     Target
000000r 2                       .elseif .def(Target) .and .const((*-2)-(Target)) .and ((*+2)-(Target) <= 127)
000000r 2                               bcs     Target
000000r 2                       .else
000000r 2                               bcc     *+5
000000r 2                               jmp     Target
000000r 2                       .endif
000000r 2               .endmacro
000000r 2               .macro  jcc     Target
000000r 2                       .if     .match(Target, 0)
000000r 2                               bcs     *+5
000000r 2                               jmp     Target
000000r 2                       .elseif .def(Target) .and .const((*-2)-(Target)) .and ((*+2)-(Target) <= 127)
000000r 2                               bcc     Target
000000r 2                       .else
000000r 2                               bcs     *+5
000000r 2                               jmp     Target
000000r 2                       .endif
000000r 2               .endmacro
000000r 2               .macro  jvs     Target
000000r 2                       .if     .match(Target, 0)
000000r 2                               bvc     *+5
000000r 2                               jmp     Target
000000r 2                       .elseif .def(Target) .and .const((*-2)-(Target)) .and ((*+2)-(Target) <= 127)
000000r 2                               bvs     Target
000000r 2                       .else
000000r 2                               bvc     *+5
000000r 2                               jmp     Target
000000r 2                       .endif
000000r 2               .endmacro
000000r 2               .macro  jvc     Target
000000r 2                       .if     .match(Target, 0)
000000r 2                               bvs     *+5
000000r 2                               jmp     Target
000000r 2                       .elseif .def(Target) .and .const((*-2)-(Target)) .and ((*+2)-(Target) <= 127)
000000r 2                               bvc     Target
000000r 2                       .else
000000r 2                               bvs     *+5
000000r 2                               jmp     Target
000000r 2                       .endif
000000r 2               .endmacro
000000r 2               
000000r 1               	.import		_itoa
000000r 1               	.import		_strcat
000000r 1               	.import		_strcpy
000000r 1               	.import		_strlen
000000r 1               	.import		_waitvsync
000000r 1               	.import		_playerXMaster
000000r 1               	.import		_playerYMaster
000000r 1               	.import		_playerDirMaster
000000r 1               	.import		_playerBetXMaster
000000r 1               	.import		_playerBetYMaster
000000r 1               	.import		_playerCountIndex
000000r 1               	.import		_inputKey
000000r 1               	.import		_prevPlayerCount
000000r 1               	.import		_prevRound
000000r 1               	.import		_currentCard
000000r 1               	.import		_cardIndex
000000r 1               	.import		_xOffset
000000r 1               	.import		_fullFirst
000000r 1               	.import		_cursorX
000000r 1               	.import		_cursorY
000000r 1               	.import		_waitCount
000000r 1               	.import		_wasViewing
000000r 1               	.import		_inputDirX
000000r 1               	.import		_prevPot
000000r 1               	.import		_maxJifs
000000r 1               	.import		_noAnim
000000r 1               	.import		_doAnim
000000r 1               	.import		_inputTrigger
000000r 1               	.import		_tempBuffer
000000r 1               	.import		_clientState
000000r 1               	.import		_h
000000r 1               	.import		_i
000000r 1               	.import		_j
000000r 1               	.import		_k
000000r 1               	.import		_x
000000r 1               	.import		_y
000000r 1               	.import		_xx
000000r 1               	.import		_playerX
000000r 1               	.import		_playerY
000000r 1               	.import		_moveLoc
000000r 1               	.import		_playerBetX
000000r 1               	.import		_playerBetY
000000r 1               	.import		_playerDir
000000r 1               	.import		_hand
000000r 1               	.import		_requestedMove
000000r 1               	.import		_pause
000000r 1               	.import		_clearCommonInput
000000r 1               	.import		_readCommonInput
000000r 1               	.import		_always_render_full_cards
000000r 1               	.import		_enableDoubleBuffer
000000r 1               	.import		_disableDoubleBuffer
000000r 1               	.import		_drawBuffer
000000r 1               	.import		_resetScreen
000000r 1               	.import		_clearStatusBar
000000r 1               	.import		_drawStatusTextAt
000000r 1               	.import		_drawStatusText
000000r 1               	.import		_drawStatusTimer
000000r 1               	.import		_drawText
000000r 1               	.import		_drawCard
000000r 1               	.import		_drawChip
000000r 1               	.import		_drawLine
000000r 1               	.import		_hideLine
000000r 1               	.import		_drawBox
000000r 1               	.import		_soundJoinGame
000000r 1               	.import		_soundMyTurn
000000r 1               	.import		_soundGameDone
000000r 1               	.import		_soundDealCard
000000r 1               	.import		_soundTick
000000r 1               	.import		_soundPlayerJoin
000000r 1               	.import		_soundPlayerLeft
000000r 1               	.import		_soundSelectMove
000000r 1               	.import		_soundCursor
000000r 1               	.import		_soundCursorInvalid
000000r 1               	.import		_soundTakeChip
000000r 1               	.import		_resetTimer
000000r 1               	.import		_getTime
000000r 1               	.import		_showInGameMenuScreen
000000r 1               	.export		_progressAnim
000000r 1               	.export		_drawPot
000000r 1               	.export		_resetStateIfNewGame
000000r 1               	.export		_drawNamePurse
000000r 1               	.export		_drawBets
000000r 1               	.export		_drawCards
000000r 1               	.export		_checkIfSpectatorStatusChanged
000000r 1               	.export		_checkIfPlayerCountChanged
000000r 1               	.export		_checkFinalFlip
000000r 1               	.export		_drawStatusTimeLeft
000000r 1               	.export		_highlightActivePlayer
000000r 1               	.export		_animateChipsToPotOnRoundEnd
000000r 1               	.export		_drawGameStatus
000000r 1               	.export		_requestPlayerMove
000000r 1               	.export		_clearGameState
000000r 1               	.import		_centerStatusText
000000r 1               	.import		_redrawGameScreen
000000r 1               	.export		_moveTimeLeft
000000r 1               
000000r 1               .segment	"RODATA"
000000r 1               
000000r 1               S0004:
000000r 1  54 41 42 4C  	.byte	$54,$41,$42,$4C,$45,$20,$46,$55,$4C,$4C,$3A,$20,$57,$41,$54,$43
000004r 1  45 20 46 55  
000008r 1  4C 4C 3A 20  
000010r 1  48 49 4E 47  	.byte	$48,$49,$4E,$47,$20,$41,$53,$20,$41,$20,$53,$50,$45,$43,$54,$41
000014r 1  20 41 53 20  
000018r 1  41 20 53 50  
000020r 1  54 4F 52 00  	.byte	$54,$4F,$52,$00
000024r 1               S0007:
000024r 1  41 20 4E 45  	.byte	$41,$20,$4E,$45,$57,$20,$50,$4C,$41,$59,$45,$52,$20,$4A,$4F,$49
000028r 1  57 20 50 4C  
00002Cr 1  41 59 45 52  
000034r 1  4E 53 20 54  	.byte	$4E,$53,$20,$54,$48,$45,$20,$54,$41,$42,$4C,$45,$00
000038r 1  48 45 20 54  
00003Cr 1  41 42 4C 45  
000041r 1               S0005:
000041r 1  59 4F 55 20  	.byte	$59,$4F,$55,$20,$53,$49,$54,$20,$44,$4F,$57,$4E,$20,$41,$54,$20
000045r 1  53 49 54 20  
000049r 1  44 4F 57 4E  
000051r 1  54 48 45 20  	.byte	$54,$48,$45,$20,$54,$41,$42,$4C,$45,$00
000055r 1  54 41 42 4C  
000059r 1  45 00        
00005Br 1               S0006:
00005Br 1  41 20 50 4C  	.byte	$41,$20,$50,$4C,$41,$59,$45,$52,$20,$4C,$45,$46,$54,$20,$54,$48
00005Fr 1  41 59 45 52  
000063r 1  20 4C 45 46  
00006Br 1  45 20 54 41  	.byte	$45,$20,$54,$41,$42,$4C,$45,$00
00006Fr 1  42 4C 45 00  
000073r 1               S0009:
000073r 1  57 41 49 54  	.byte	$57,$41,$49,$54,$49,$4E,$47,$20,$4F,$4E,$20,$00
000077r 1  49 4E 47 20  
00007Br 1  4F 4E 20 00  
00007Fr 1               S000A:
00007Fr 1  20 2E 20 20  	.byte	$20,$2E,$20,$20,$00
000083r 1  00           
000084r 1               S0008:
000084r 1  20 20 20 00  	.byte	$20,$20,$20,$00
000088r 1               S0003:
000088r 1  3F 3F 00     	.byte	$3F,$3F,$00
00008Br 1               S0002	:=	S0009+10
00008Br 1               S0001	:=	S0009+10
00008Br 1               
00008Br 1               .segment	"BSS"
000000r 1               
000000r 1               _moveTimeLeft:
000000r 1  00           	.res	1,$00
000001r 1               
000001r 1               ; ---------------------------------------------------------------
000001r 1               ; void __near__ progressAnim (unsigned char y)
000001r 1               ; ---------------------------------------------------------------
000001r 1               
000001r 1               .segment	"CODE"
000000r 1               
000000r 1               .proc	_progressAnim: near
000000r 1               
000000r 1               .segment	"CODE"
000000r 1               
000000r 1  20 rr rr     	jsr     pusha
000003r 1  A9 00        	lda     #$00
000005r 1  8D rr rr     	sta     _i
000008r 1  AD rr rr     L0007:	lda     _i
00000Br 1  C9 03        	cmp     #$03
00000Dr 1  B0 26        	bcs     L0003
00000Fr 1  A9 0A        	lda     #$0A
000011r 1  20 rr rr     	jsr     _pause
000014r 1  A2 00        	ldx     #$00
000016r 1  AD rr rr     	lda     _i
000019r 1  0A           	asl     a
00001Ar 1  90 01        	bcc     L0006
00001Cr 1  E8           	inx
00001Dr 1  A0 0E        L0006:	ldy     #$0E
00001Fr 1  20 rr rr     	jsr     incaxy
000022r 1  20 rr rr     	jsr     pusha
000025r 1  A0 01        	ldy     #$01
000027r 1  B1 rr        	lda     (c_sp),y
000029r 1  20 rr rr     	jsr     _drawChip
00002Cr 1  20 rr rr     	jsr     _drawBuffer
00002Fr 1  EE rr rr     	inc     _i
000032r 1  4C rr rr     	jmp     L0007
000035r 1  4C rr rr     L0003:	jmp     incsp1
000038r 1               
000038r 1               .endproc
000038r 1               
000038r 1               ; ---------------------------------------------------------------
000038r 1               ; void __near__ drawPot (void)
000038r 1               ; ---------------------------------------------------------------
000038r 1               
000038r 1               .segment	"CODE"
000038r 1               
000038r 1               .proc	_drawPot: near
000038r 1               
000038r 1               .segment	"CODE"
000038r 1               
000038r 1  AD rr rr     	lda     _redrawGameScreen
00003Br 1  F0 1E        	beq     L0002
00003Dr 1  A9 0D        	lda     #$0D
00003Fr 1  20 rr rr     	jsr     pusha
000042r 1  A9 0A        	lda     #$0A
000044r 1  20 rr rr     	jsr     pusha
000047r 1  A9 04        	lda     #$04
000049r 1  20 rr rr     	jsr     pusha
00004Cr 1  A9 01        	lda     #$01
00004Er 1  20 rr rr     	jsr     _drawBox
000051r 1  A9 0E        	lda     #$0E
000053r 1  20 rr rr     	jsr     pusha
000056r 1  A9 0B        	lda     #$0B
000058r 1  20 rr rr     	jsr     _drawChip
00005Br 1  AD rr rr     L0002:	lda     _clientState+82
00005Er 1  AE rr rr     	ldx     _clientState+82+1
000061r 1  20 rr rr     	jsr     pushax
000064r 1  A9 rr        	lda     #<(_tempBuffer)
000066r 1  A2 rr        	ldx     #>(_tempBuffer)
000068r 1  20 rr rr     	jsr     pushax
00006Br 1  A2 00        	ldx     #$00
00006Dr 1  A9 0A        	lda     #$0A
00006Fr 1  20 rr rr     	jsr     _itoa
000072r 1  A9 10        	lda     #$10
000074r 1  20 rr rr     	jsr     pusha0
000077r 1  AD rr rr     	lda     _clientState+82
00007Ar 1  C9 64        	cmp     #$64
00007Cr 1  AD rr rr     	lda     _clientState+82+1
00007Fr 1  E9 00        	sbc     #$00
000081r 1  A9 00        	lda     #$00
000083r 1  90 02        	bcc     L0004
000085r 1  A9 01        	lda     #$01
000087r 1  20 rr rr     L0004:	jsr     tossuba0
00008Ar 1  20 rr rr     	jsr     pusha
00008Dr 1  A9 0B        	lda     #$0B
00008Fr 1  20 rr rr     	jsr     pusha
000092r 1  A9 rr        	lda     #<(_tempBuffer)
000094r 1  A2 rr        	ldx     #>(_tempBuffer)
000096r 1  4C rr rr     	jmp     _drawText
000099r 1               
000099r 1               .endproc
000099r 1               
000099r 1               ; ---------------------------------------------------------------
000099r 1               ; void __near__ resetStateIfNewGame (void)
000099r 1               ; ---------------------------------------------------------------
000099r 1               
000099r 1               .segment	"CODE"
000099r 1               
000099r 1               .proc	_resetStateIfNewGame: near
000099r 1               
000099r 1               .segment	"CODE"
000099r 1               
000099r 1  AD rr rr     	lda     _clientState+81
00009Cr 1  CD rr rr     	cmp     _prevRound
00009Fr 1  B0 46        	bcs     L0006
0000A1r 1  A2 00        	ldx     #$00
0000A3r 1  AD rr rr     	lda     _prevRound
0000A6r 1  C9 63        	cmp     #$63
0000A8r 1  F0 06        	beq     L0003
0000AAr 1  20 rr rr     	jsr     _clearStatusBar
0000ADr 1  4C rr rr     	jmp     L0004
0000B0r 1  20 rr rr     L0003:	jsr     _drawBuffer
0000B3r 1  A9 00        L0004:	lda     #$00
0000B5r 1  8D rr rr     	sta     _xOffset
0000B8r 1  8D rr rr     	sta     _currentCard
0000BBr 1  A9 F6        	lda     #$F6
0000BDr 1  8D rr rr     	sta     _cursorY
0000C0r 1  A9 80        	lda     #$80
0000C2r 1  8D rr rr     	sta     _cursorX
0000C5r 1  A2 00        	ldx     #$00
0000C7r 1  8A           	txa
0000C8r 1  8D rr rr     	sta     _prevPot
0000CBr 1  8D rr rr     	sta     _prevPot+1
0000CEr 1  AD rr rr     	lda     _redrawGameScreen
0000D1r 1  D0 08        	bne     L0007
0000D3r 1  A9 01        	lda     #$01
0000D5r 1  8D rr rr     	sta     _redrawGameScreen
0000D8r 1  20 rr rr     	jsr     _resetScreen
0000DBr 1  AD rr rr     L0007:	lda     _clientState+81
0000DEr 1  C9 02        	cmp     #$02
0000E0r 1  90 05        	bcc     L0006
0000E2r 1  A9 01        	lda     #$01
0000E4r 1  8D rr rr     	sta     _noAnim
0000E7r 1  60           L0006:	rts
0000E8r 1               
0000E8r 1               .endproc
0000E8r 1               
0000E8r 1               ; ---------------------------------------------------------------
0000E8r 1               ; void __near__ drawNamePurse (void)
0000E8r 1               ; ---------------------------------------------------------------
0000E8r 1               
0000E8r 1               .segment	"CODE"
0000E8r 1               
0000E8r 1               .proc	_drawNamePurse: near
0000E8r 1               
0000E8r 1               .segment	"CODE"
0000E8r 1               
0000E8r 1  A9 00        	lda     #$00
0000EAr 1  8D rr rr     	sta     _i
0000EDr 1  AD rr rr     L001B:	lda     _i
0000F0r 1  CD rr rr     	cmp     _clientState+153
0000F3r 1  90 01        	bcc     L0025
0000F5r 1  60           	rts
0000F6r 1  AC rr rr     L0025:	ldy     _i
0000F9r 1  B9 rr rr     	lda     _playerY,y
0000FCr 1  38           	sec
0000FDr 1  E9 01        	sbc     #$01
0000FFr 1  8D rr rr     	sta     _y
000102r 1  AC rr rr     	ldy     _i
000105r 1  B9 rr rr     	lda     _playerX,y
000108r 1  8D rr rr     	sta     _x
00010Br 1  A9 rr        	lda     #<(_playerDir)
00010Dr 1  A2 rr        	ldx     #>(_playerDir)
00010Fr 1  18           	clc
000110r 1  6D rr rr     	adc     _i
000113r 1  90 01        	bcc     L0009
000115r 1  E8           	inx
000116r 1  A0 00        L0009:	ldy     #$00
000118r 1  20 rr rr     	jsr     ldaidx
00011Br 1  0A           	asl     a
00011Cr 1  90 03        	bcc     L001C
00011Er 1  EE rr rr     	inc     _x
000121r 1  AD rr rr     L001C:	lda     _i
000124r 1  D0 08        	bne     L001D
000126r 1  AD rr rr     	lda     _clientState+86
000129r 1  D0 03 4C rr  	jeq     L0020
00012Dr 1  rr           
00012Er 1  AD rr rr     L001D:	lda     _x
000131r 1  8D rr rr     	sta     _xx
000134r 1  A9 rr        	lda     #<(_playerDir)
000136r 1  A2 rr        	ldx     #>(_playerDir)
000138r 1  18           	clc
000139r 1  6D rr rr     	adc     _i
00013Cr 1  90 01        	bcc     L001E
00013Er 1  E8           	inx
00013Fr 1  20 rr rr     L001E:	jsr     ldaidx
000142r 1  0A           	asl     a
000143r 1  90 23        	bcc     L001F
000145r 1  AD rr rr     	lda     _i
000148r 1  20 rr rr     	jsr     pusha0
00014Br 1  A9 21        	lda     #$21
00014Dr 1  20 rr rr     	jsr     tosmula0
000150r 1  18           	clc
000151r 1  69 rr        	adc     #<(_clientState+154)
000153r 1  A8           	tay
000154r 1  8A           	txa
000155r 1  69 rr        	adc     #>(_clientState+154)
000157r 1  AA           	tax
000158r 1  98           	tya
000159r 1  20 rr rr     	jsr     _strlen
00015Cr 1  38           	sec
00015Dr 1  E9 01        	sbc     #$01
00015Fr 1  49 FF        	eor     #$FF
000161r 1  38           	sec
000162r 1  6D rr rr     	adc     _xx
000165r 1  8D rr rr     	sta     _xx
000168r 1  AD rr rr     L001F:	lda     _xx
00016Br 1  20 rr rr     	jsr     pusha
00016Er 1  AD rr rr     	lda     _y
000171r 1  20 rr rr     	jsr     pusha
000174r 1  AD rr rr     	lda     _i
000177r 1  20 rr rr     	jsr     pusha0
00017Ar 1  A9 21        	lda     #$21
00017Cr 1  20 rr rr     	jsr     tosmula0
00017Fr 1  18           	clc
000180r 1  69 rr        	adc     #<(_clientState+154)
000182r 1  A8           	tay
000183r 1  8A           	txa
000184r 1  69 rr        	adc     #>(_clientState+154)
000186r 1  AA           	tax
000187r 1  98           	tya
000188r 1  20 rr rr     	jsr     _drawText
00018Br 1  A2 00        	ldx     #$00
00018Dr 1  AD rr rr     	lda     _clientState+84
000190r 1  10 01        	bpl     L0010
000192r 1  CA           	dex
000193r 1  E0 00        L0010:	cpx     #$00
000195r 1  D0 05        	bne     L0024
000197r 1  CD rr rr     	cmp     _i
00019Ar 1  F0 2C        	beq     L000F
00019Cr 1  AD rr rr     L0024:	lda     _xx
00019Fr 1  20 rr rr     	jsr     pusha
0001A2r 1  AD rr rr     	lda     _y
0001A5r 1  18           	clc
0001A6r 1  69 01        	adc     #$01
0001A8r 1  20 rr rr     	jsr     pusha
0001ABr 1  AD rr rr     	lda     _i
0001AEr 1  20 rr rr     	jsr     pusha0
0001B1r 1  A9 21        	lda     #$21
0001B3r 1  20 rr rr     	jsr     tosmula0
0001B6r 1  18           	clc
0001B7r 1  69 rr        	adc     #<(_clientState+154)
0001B9r 1  A8           	tay
0001BAr 1  8A           	txa
0001BBr 1  69 rr        	adc     #>(_clientState+154)
0001BDr 1  AA           	tax
0001BEr 1  98           	tya
0001BFr 1  20 rr rr     	jsr     _strlen
0001C2r 1  20 rr rr     	jsr     _hideLine
0001C5r 1  4C rr rr     	jmp     L0020
0001C8r 1  AD rr rr     L000F:	lda     _xx
0001CBr 1  8D rr rr     	sta     _cursorX
0001CEr 1  AD rr rr     	lda     _y
0001D1r 1  8D rr rr     	sta     _cursorY
0001D4r 1  EE rr rr     L0020:	inc     _x
0001D7r 1  CE rr rr     	dec     _y
0001DAr 1  AD rr rr     	lda     _i
0001DDr 1  D0 0C        	bne     L0021
0001DFr 1  A9 06        	lda     #$06
0001E1r 1  18           	clc
0001E2r 1  6D rr rr     	adc     _x
0001E5r 1  8D rr rr     	sta     _x
0001E8r 1  EE rr rr     	inc     _y
0001EBr 1  AD rr rr     L0021:	lda     _i
0001EEr 1  20 rr rr     	jsr     pusha0
0001F1r 1  A9 21        	lda     #$21
0001F3r 1  20 rr rr     	jsr     tosmula0
0001F6r 1  18           	clc
0001F7r 1  69 rr        	adc     #<(_clientState+154)
0001F9r 1  A8           	tay
0001FAr 1  8A           	txa
0001FBr 1  69 rr        	adc     #>(_clientState+154)
0001FDr 1  AA           	tax
0001FEr 1  98           	tya
0001FFr 1  A0 15        	ldy     #$15
000201r 1  20 rr rr     	jsr     pushwidx
000204r 1  A9 rr        	lda     #<(_tempBuffer)
000206r 1  A2 rr        	ldx     #>(_tempBuffer)
000208r 1  20 rr rr     	jsr     pushax
00020Br 1  A2 00        	ldx     #$00
00020Dr 1  A9 0A        	lda     #$0A
00020Fr 1  20 rr rr     	jsr     _itoa
000212r 1  A9 rr        	lda     #<(_playerDir)
000214r 1  A2 rr        	ldx     #>(_playerDir)
000216r 1  18           	clc
000217r 1  6D rr rr     	adc     _i
00021Ar 1  90 01        	bcc     L0015
00021Cr 1  E8           	inx
00021Dr 1  A0 00        L0015:	ldy     #$00
00021Fr 1  20 rr rr     	jsr     ldaidx
000222r 1  0A           	asl     a
000223r 1  B0 08        	bcs     L0022
000225r 1  AD rr rr     	lda     _i
000228r 1  F0 03        	beq     L0022
00022Ar 1  4C rr rr     	jmp     L0023
00022Dr 1  A9 rr        L0022:	lda     #<(_tempBuffer)
00022Fr 1  A2 rr        	ldx     #>(_tempBuffer)
000231r 1  20 rr rr     	jsr     _strlen
000234r 1  49 FF        	eor     #$FF
000236r 1  38           	sec
000237r 1  6D rr rr     	adc     _x
00023Ar 1  8D rr rr     	sta     _x
00023Dr 1  38           	sec
00023Er 1  E9 02        	sbc     #$02
000240r 1  20 rr rr     	jsr     pusha
000243r 1  AD rr rr     	lda     _y
000246r 1  20 rr rr     	jsr     pusha
000249r 1  A9 rr        	lda     #<(S0001)
00024Br 1  A2 rr        	ldx     #>(S0001)
00024Dr 1  4C rr rr     	jmp     L001A
000250r 1  AD rr rr     L0023:	lda     _x
000253r 1  20 rr rr     	jsr     pusha0
000256r 1  A9 rr        	lda     #<(_tempBuffer)
000258r 1  A2 rr        	ldx     #>(_tempBuffer)
00025Ar 1  20 rr rr     	jsr     _strlen
00025Dr 1  20 rr rr     	jsr     tosaddax
000260r 1  20 rr rr     	jsr     pusha
000263r 1  AD rr rr     	lda     _y
000266r 1  20 rr rr     	jsr     pusha
000269r 1  A9 rr        	lda     #<(S0002)
00026Br 1  A2 rr        	ldx     #>(S0002)
00026Dr 1  20 rr rr     L001A:	jsr     _drawText
000270r 1  AD rr rr     	lda     _x
000273r 1  20 rr rr     	jsr     pusha
000276r 1  AD rr rr     	lda     _y
000279r 1  20 rr rr     	jsr     pusha
00027Cr 1  A9 rr        	lda     #<(_tempBuffer)
00027Er 1  A2 rr        	ldx     #>(_tempBuffer)
000280r 1  20 rr rr     	jsr     _drawText
000283r 1  AD rr rr     	lda     _x
000286r 1  38           	sec
000287r 1  E9 01        	sbc     #$01
000289r 1  20 rr rr     	jsr     pusha
00028Cr 1  AD rr rr     	lda     _y
00028Fr 1  20 rr rr     	jsr     _drawChip
000292r 1  EE rr rr     	inc     _i
000295r 1  4C rr rr     	jmp     L001B
000298r 1               
000298r 1               .endproc
000298r 1               
000298r 1               ; ---------------------------------------------------------------
000298r 1               ; void __near__ drawBets (void)
000298r 1               ; ---------------------------------------------------------------
000298r 1               
000298r 1               .segment	"CODE"
000298r 1               
000298r 1               .proc	_drawBets: near
000298r 1               
000298r 1               .segment	"CODE"
000298r 1               
000298r 1  AD rr rr     	lda     _clientState+81
00029Br 1  F0 04        	beq     L0013
00029Dr 1  C9 05        	cmp     #$05
00029Fr 1  90 01        	bcc     L0014
0002A1r 1  60           L0013:	rts
0002A2r 1  AD rr rr     L0014:	lda     _clientState+153
0002A5r 1  38           	sec
0002A6r 1  E9 01        	sbc     #$01
0002A8r 1  8D rr rr     	sta     _i
0002ABr 1  AD rr rr     L0015:	lda     _i
0002AEr 1  C9 FF        	cmp     #$FF
0002B0r 1  90 01        	bcc     L0018
0002B2r 1  60           	rts
0002B3r 1  A9 rr        L0018:	lda     #<(_playerBetY)
0002B5r 1  A2 rr        	ldx     #>(_playerBetY)
0002B7r 1  18           	clc
0002B8r 1  6D rr rr     	adc     _i
0002BBr 1  90 01        	bcc     L000A
0002BDr 1  E8           	inx
0002BEr 1  A0 00        L000A:	ldy     #$00
0002C0r 1  20 rr rr     	jsr     ldaidx
0002C3r 1  18           	clc
0002C4r 1  AC rr rr     	ldy     _i
0002C7r 1  79 rr rr     	adc     _playerY,y
0002CAr 1  18           	clc
0002CBr 1  69 01        	adc     #$01
0002CDr 1  8D rr rr     	sta     _y
0002D0r 1  AD rr rr     	lda     _i
0002D3r 1  20 rr rr     	jsr     pusha0
0002D6r 1  A9 21        	lda     #$21
0002D8r 1  20 rr rr     	jsr     tosmula0
0002DBr 1  18           	clc
0002DCr 1  69 rr        	adc     #<(_clientState+154)
0002DEr 1  A8           	tay
0002DFr 1  8A           	txa
0002E0r 1  69 rr        	adc     #>(_clientState+154)
0002E2r 1  AA           	tax
0002E3r 1  98           	tya
0002E4r 1  A0 0B        	ldy     #$0B
0002E6r 1  20 rr rr     	jsr     ldaxidx
0002E9r 1  E0 00        	cpx     #$00
0002EBr 1  D0 07        	bne     L0017
0002EDr 1  C9 00        	cmp     #$00
0002EFr 1  D0 03 4C rr  	jeq     L0007
0002F3r 1  rr           
0002F4r 1  A9 rr        L0017:	lda     #<(_playerBetX)
0002F6r 1  A2 rr        	ldx     #>(_playerBetX)
0002F8r 1  18           	clc
0002F9r 1  6D rr rr     	adc     _i
0002FCr 1  90 01        	bcc     L000E
0002FEr 1  E8           	inx
0002FFr 1  A0 00        L000E:	ldy     #$00
000301r 1  20 rr rr     	jsr     ldaidx
000304r 1  18           	clc
000305r 1  AC rr rr     	ldy     _i
000308r 1  79 rr rr     	adc     _playerX,y
00030Br 1  18           	clc
00030Cr 1  69 01        	adc     #$01
00030Er 1  8D rr rr     	sta     _x
000311r 1  AD rr rr     	lda     _i
000314r 1  20 rr rr     	jsr     pusha0
000317r 1  A9 21        	lda     #$21
000319r 1  20 rr rr     	jsr     tosmula0
00031Cr 1  18           	clc
00031Dr 1  69 rr        	adc     #<(_clientState+154)
00031Fr 1  A8           	tay
000320r 1  8A           	txa
000321r 1  69 rr        	adc     #>(_clientState+154)
000323r 1  AA           	tax
000324r 1  98           	tya
000325r 1  A0 0B        	ldy     #$0B
000327r 1  20 rr rr     	jsr     pushwidx
00032Ar 1  A9 rr        	lda     #<(_tempBuffer)
00032Cr 1  A2 rr        	ldx     #>(_tempBuffer)
00032Er 1  20 rr rr     	jsr     pushax
000331r 1  A2 00        	ldx     #$00
000333r 1  A9 0A        	lda     #$0A
000335r 1  20 rr rr     	jsr     _itoa
000338r 1  A9 rr        	lda     #<(_playerDir)
00033Ar 1  A2 rr        	ldx     #>(_playerDir)
00033Cr 1  18           	clc
00033Dr 1  6D rr rr     	adc     _i
000340r 1  90 01        	bcc     L0010
000342r 1  E8           	inx
000343r 1  A0 00        L0010:	ldy     #$00
000345r 1  20 rr rr     	jsr     ldaidx
000348r 1  0A           	asl     a
000349r 1  90 13        	bcc     L0016
00034Br 1  A9 rr        	lda     #<(_tempBuffer)
00034Dr 1  A2 rr        	ldx     #>(_tempBuffer)
00034Fr 1  20 rr rr     	jsr     _strlen
000352r 1  18           	clc
000353r 1  69 01        	adc     #$01
000355r 1  49 FF        	eor     #$FF
000357r 1  38           	sec
000358r 1  6D rr rr     	adc     _x
00035Br 1  8D rr rr     	sta     _x
00035Er 1  AD rr rr     L0016:	lda     _x
000361r 1  20 rr rr     	jsr     pusha
000364r 1  AD rr rr     	lda     _y
000367r 1  20 rr rr     	jsr     pusha
00036Ar 1  A9 rr        	lda     #<(_tempBuffer)
00036Cr 1  A2 rr        	ldx     #>(_tempBuffer)
00036Er 1  20 rr rr     	jsr     _drawText
000371r 1  AD rr rr     	lda     _x
000374r 1  38           	sec
000375r 1  E9 01        	sbc     #$01
000377r 1  20 rr rr     	jsr     pusha
00037Ar 1  AD rr rr     	lda     _y
00037Dr 1  20 rr rr     	jsr     _drawChip
000380r 1  CE rr rr     L0007:	dec     _i
000383r 1  4C rr rr     	jmp     L0015
000386r 1               
000386r 1               .endproc
000386r 1               
000386r 1               ; ---------------------------------------------------------------
000386r 1               ; void __near__ drawCards (unsigned char finalFlip)
000386r 1               ; ---------------------------------------------------------------
000386r 1               
000386r 1               .segment	"CODE"
000386r 1               
000386r 1               .proc	_drawCards: near
000386r 1               
000386r 1               .segment	"CODE"
000386r 1               
000386r 1  20 rr rr     	jsr     pusha
000389r 1  A9 00        	lda     #$00
00038Br 1  8D rr rr     	sta     M0002
00038Er 1  8D rr rr     	sta     _fullFirst
000391r 1  8D rr rr     	sta     _xOffset
000394r 1  8D rr rr     	sta     _cardIndex
000397r 1  A9 01        	lda     #$01
000399r 1  8D rr rr     	sta     M0001
00039Cr 1  AD rr rr     	lda     _clientState+81
00039Fr 1  D0 03 4C rr  	jeq     L0001
0003A3r 1  rr           
0003A4r 1  A2 00        	ldx     #$00
0003A6r 1  AD rr rr     	lda     _clientState+81
0003A9r 1  C9 05        	cmp     #$05
0003ABr 1  F0 03 4C rr  	jne     L0073
0003AFr 1  rr           
0003B0r 1  8A           	txa
0003B1r 1  8D rr rr     	sta     _h
0003B4r 1  8D rr rr     	sta     _i
0003B7r 1  AD rr rr     L0050:	lda     _i
0003BAr 1  CD rr rr     	cmp     _clientState+153
0003BDr 1  B0 25        	bcs     L0052
0003BFr 1  20 rr rr     	jsr     pusha0
0003C2r 1  A9 21        	lda     #$21
0003C4r 1  20 rr rr     	jsr     tosmula0
0003C7r 1  18           	clc
0003C8r 1  69 rr        	adc     #<(_clientState+154)
0003CAr 1  85 rr        	sta     ptr1
0003CCr 1  8A           	txa
0003CDr 1  69 rr        	adc     #>(_clientState+154)
0003CFr 1  85 rr        	sta     ptr1+1
0003D1r 1  A0 09        	ldy     #$09
0003D3r 1  A2 00        	ldx     #$00
0003D5r 1  B1 rr        	lda     (ptr1),y
0003D7r 1  C9 01        	cmp     #$01
0003D9r 1  D0 03        	bne     L0051
0003DBr 1  EE rr rr     	inc     _h
0003DEr 1  EE rr rr     L0051:	inc     _i
0003E1r 1  4C rr rr     	jmp     L0050
0003E4r 1  AD rr rr     L0052:	lda     _h
0003E7r 1  C9 02        	cmp     #$02
0003E9r 1  B0 0F        	bcs     L0009
0003EBr 1  8A           	txa
0003ECr 1  A8           	tay
0003EDr 1  91 rr        	sta     (c_sp),y
0003EFr 1  A9 01        	lda     #$01
0003F1r 1  8D rr rr     	sta     M0001
0003F4r 1  8D rr rr     	sta     M0002
0003F7r 1  4C rr rr     	jmp     L0073
0003FAr 1  A1 rr        L0009:	lda     (c_sp,x)
0003FCr 1  F0 03 4C rr  	jne     L0073
000400r 1  rr           
000401r 1  8D rr rr     	sta     M0001
000404r 1  4C rr rr     	jmp     L0073
000407r 1  AD rr rr     L0053:	lda     _clientState+81
00040Ar 1  C9 05        	cmp     #$05
00040Cr 1  B0 0F        	bcs     L0054
00040Er 1  AD rr rr     	lda     _noAnim
000411r 1  D0 0A        	bne     L0054
000413r 1  AD rr rr     	lda     _cardIndex
000416r 1  CD rr rr     	cmp     _currentCard
000419r 1  B0 07        	bcs     L0055
00041Br 1  A2 00        	ldx     #$00
00041Dr 1  A9 00        L0054:	lda     #$00
00041Fr 1  4C rr rr     	jmp     L0056
000422r 1  A9 01        L0055:	lda     #$01
000424r 1  A2 00        	ldx     #$00
000426r 1  8D rr rr     L0056:	sta     _doAnim
000429r 1  AD rr rr     	lda     _doAnim
00042Cr 1  F0 03        	beq     L0012
00042Er 1  20 rr rr     	jsr     _disableDoubleBuffer
000431r 1  AD rr rr     L0012:	lda     _doAnim
000434r 1  F0 05        	beq     L0013
000436r 1  A9 14        	lda     #$14
000438r 1  20 rr rr     	jsr     _pause
00043Br 1  EE rr rr     L0013:	inc     _cardIndex
00043Er 1  AD rr rr     	lda     _cardIndex
000441r 1  0A           	asl     a
000442r 1  38           	sec
000443r 1  E9 01        	sbc     #$01
000445r 1  8D rr rr     	sta     _j
000448r 1  A9 01        	lda     #$01
00044Ar 1  8D rr rr     	sta     _h
00044Dr 1  A2 00        	ldx     #$00
00044Fr 1  AD rr rr     L0057:	lda     _h
000452r 1  CD rr rr     	cmp     _clientState+153
000455r 1  F0 05        	beq     L0058
000457r 1  90 03 4C rr  	jcs     L006B
00045Br 1  rr           
00045Cr 1  AD rr rr     L0058:	lda     _h
00045Fr 1  20 rr rr     	jsr     pusha0
000462r 1  AD rr rr     	lda     _clientState+153
000465r 1  20 rr rr     	jsr     tosumoda0
000468r 1  8D rr rr     	sta     _i
00046Br 1  AD rr rr     	lda     _i
00046Er 1  20 rr rr     	jsr     pusha0
000471r 1  A9 21        	lda     #$21
000473r 1  20 rr rr     	jsr     tosmula0
000476r 1  18           	clc
000477r 1  69 rr        	adc     #<(_clientState+154)
000479r 1  A8           	tay
00047Ar 1  8A           	txa
00047Br 1  69 rr        	adc     #>(_clientState+154)
00047Dr 1  AA           	tax
00047Er 1  98           	tya
00047Fr 1  A0 16        	ldy     #$16
000481r 1  20 rr rr     	jsr     incaxy
000484r 1  20 rr rr     	jsr     _strlen
000487r 1  38           	sec
000488r 1  ED rr rr     	sbc     _j
00048Br 1  85 rr        	sta     tmp1
00048Dr 1  8A           	txa
00048Er 1  E9 00        	sbc     #$00
000490r 1  05 rr        	ora     tmp1
000492r 1  B0 03 4C rr  	jcc     L0016
000496r 1  rr           
000497r 1  D0 03 4C rr  	jeq     L0016
00049Br 1  rr           
00049Cr 1  AD rr rr     	lda     _i
00049Fr 1  D0 10        	bne     L005A
0004A1r 1  AD rr rr     	lda     _clientState+86
0004A4r 1  F0 06        	beq     L0059
0004A6r 1  A0 00        	ldy     #$00
0004A8r 1  B1 rr        	lda     (c_sp),y
0004AAr 1  F0 07        	beq     L005D
0004ACr 1  A9 01        L0059:	lda     #$01
0004AEr 1  4C rr rr     	jmp     L005D
0004B1r 1  A9 00        L005A:	lda     #$00
0004B3r 1  8D rr rr     L005D:	sta     _fullFirst
0004B6r 1  AD rr rr     	lda     _i
0004B9r 1  20 rr rr     	jsr     pusha0
0004BCr 1  A9 21        	lda     #$21
0004BEr 1  20 rr rr     	jsr     tosmula0
0004C1r 1  18           	clc
0004C2r 1  69 rr        	adc     #<(_clientState+154)
0004C4r 1  A8           	tay
0004C5r 1  8A           	txa
0004C6r 1  69 rr        	adc     #>(_clientState+154)
0004C8r 1  AA           	tax
0004C9r 1  98           	tya
0004CAr 1  A0 16        	ldy     #$16
0004CCr 1  20 rr rr     	jsr     incaxy
0004CFr 1  18           	clc
0004D0r 1  6D rr rr     	adc     _j
0004D3r 1  90 01        	bcc     L004A
0004D5r 1  E8           	inx
0004D6r 1  20 rr rr     L004A:	jsr     decax1
0004D9r 1  8D rr rr     	sta     _hand
0004DCr 1  8E rr rr     	stx     _hand+1
0004DFr 1  A0 00        	ldy     #$00
0004E1r 1  B1 rr        	lda     (c_sp),y
0004E3r 1  F0 16        	beq     L001E
0004E5r 1  AD rr rr     	lda     _j
0004E8r 1  C9 01        	cmp     #$01
0004EAr 1  D0 0F        	bne     L001E
0004ECr 1  AD rr rr     	lda     _i
0004EFr 1  F0 0A        	beq     L001E
0004F1r 1  A9 rr        	lda     #>(S0003)
0004F3r 1  8D rr rr     	sta     _hand+1
0004F6r 1  A9 rr        	lda     #<(S0003)
0004F8r 1  8D rr rr     	sta     _hand
0004FBr 1  AD rr rr     L001E:	lda     _doAnim
0004FEr 1  D0 32        	bne     L0060
000500r 1  AD rr rr     	lda     _hand+1
000503r 1  85 rr        	sta     ptr1+1
000505r 1  AD rr rr     	lda     _hand
000508r 1  85 rr        	sta     ptr1
00050Ar 1  B1 rr        	lda     (ptr1),y
00050Cr 1  C9 3F        	cmp     #$3F
00050Er 1  D0 22        	bne     L0060
000510r 1  AD rr rr     	lda     _i
000513r 1  20 rr rr     	jsr     pusha0
000516r 1  A9 21        	lda     #$21
000518r 1  20 rr rr     	jsr     tosmula0
00051Br 1  18           	clc
00051Cr 1  69 rr        	adc     #<(_clientState+154)
00051Er 1  85 rr        	sta     ptr1
000520r 1  8A           	txa
000521r 1  69 rr        	adc     #>(_clientState+154)
000523r 1  85 rr        	sta     ptr1+1
000525r 1  A0 09        	ldy     #$09
000527r 1  B1 rr        	lda     (ptr1),y
000529r 1  C9 01        	cmp     #$01
00052Br 1  D0 05        	bne     L0060
00052Dr 1  A9 00        	lda     #$00
00052Fr 1  4C rr rr     	jmp     L0061
000532r 1  A9 01        L0060:	lda     #$01
000534r 1  8D rr rr     L0061:	sta     M0003
000537r 1  AC rr rr     	ldy     _i
00053Ar 1  B9 rr rr     	lda     _playerX,y
00053Dr 1  20 rr rr     	jsr     pusha0
000540r 1  AD rr rr     	lda     _fullFirst
000543r 1  20 rr rr     	jsr     bnega
000546r 1  20 rr rr     	jsr     pushax
000549r 1  AD rr rr     	lda     _xOffset
00054Cr 1  20 rr rr     	jsr     tosmula0
00054Fr 1  20 rr rr     	jsr     pushax
000552r 1  AD rr rr     	lda     _fullFirst
000555r 1  20 rr rr     	jsr     pusha0
000558r 1  AD rr rr     	lda     _j
00055Br 1  20 rr rr     	jsr     decax1
00055Er 1  20 rr rr     	jsr     tosmulax
000561r 1  20 rr rr     	jsr     tosaddax
000564r 1  20 rr rr     	jsr     pushax
000567r 1  A9 rr        	lda     #<(_playerDir)
000569r 1  A2 rr        	ldx     #>(_playerDir)
00056Br 1  18           	clc
00056Cr 1  6D rr rr     	adc     _i
00056Fr 1  90 01        	bcc     L0025
000571r 1  E8           	inx
000572r 1  A0 00        L0025:	ldy     #$00
000574r 1  20 rr rr     	jsr     ldaidx
000577r 1  20 rr rr     	jsr     tosmulax
00057Ar 1  20 rr rr     	jsr     tosaddax
00057Dr 1  20 rr rr     	jsr     pusha
000580r 1  AC rr rr     	ldy     _i
000583r 1  B9 rr rr     	lda     _playerY,y
000586r 1  20 rr rr     	jsr     pusha
000589r 1  AD rr rr     	lda     M0003
00058Cr 1  F0 05        	beq     L0027
00058Er 1  A9 03        	lda     #$03
000590r 1  4C rr rr     	jmp     L0063
000593r 1  A9 rr        L0027:	lda     #<(_playerDir)
000595r 1  A2 rr        	ldx     #>(_playerDir)
000597r 1  18           	clc
000598r 1  6D rr rr     	adc     _i
00059Br 1  90 01        	bcc     L0029
00059Dr 1  E8           	inx
00059Er 1  A0 00        L0029:	ldy     #$00
0005A0r 1  20 rr rr     	jsr     ldaidx
0005A3r 1  38           	sec
0005A4r 1  E9 01        	sbc     #$01
0005A6r 1  70 02        	bvs     L002A
0005A8r 1  49 80        	eor     #$80
0005AAr 1  10 05        L002A:	bpl     L0062
0005ACr 1  A9 01        	lda     #$01
0005AEr 1  4C rr rr     	jmp     L0063
0005B1r 1  A9 02        L0062:	lda     #$02
0005B3r 1  20 rr rr     L0063:	jsr     pusha
0005B6r 1  AD rr rr     	lda     _hand
0005B9r 1  AE rr rr     	ldx     _hand+1
0005BCr 1  20 rr rr     	jsr     pushax
0005BFr 1  AD rr rr     	lda     _j
0005C2r 1  C9 01        	cmp     #$01
0005C4r 1  D0 16        	bne     L0065
0005C6r 1  AD rr rr     	lda     _i
0005C9r 1  D0 11        	bne     L0065
0005CBr 1  AD rr rr     	lda     _clientState+81
0005CEr 1  C9 05        	cmp     #$05
0005D0r 1  90 05        	bcc     L0064
0005D2r 1  AD rr rr     	lda     M0001
0005D5r 1  F0 07        	beq     L0068
0005D7r 1  A9 01        L0064:	lda     #$01
0005D9r 1  4C rr rr     	jmp     L0068
0005DCr 1  A9 00        L0065:	lda     #$00
0005DEr 1  20 rr rr     L0068:	jsr     _drawCard
0005E1r 1  AD rr rr     	lda     _doAnim
0005E4r 1  F0 14        	beq     L0016
0005E6r 1  20 rr rr     	jsr     _soundDealCard
0005E9r 1  AD rr rr     	lda     _cardIndex
0005ECr 1  C9 01        	cmp     #$01
0005EEr 1  D0 05        	bne     L0069
0005F0r 1  A9 05        	lda     #$05
0005F2r 1  4C rr rr     	jmp     L006A
0005F5r 1  A9 0A        L0069:	lda     #$0A
0005F7r 1  20 rr rr     L006A:	jsr     _pause
0005FAr 1  A2 00        L0016:	ldx     #$00
0005FCr 1  EE rr rr     	inc     _h
0005FFr 1  4C rr rr     	jmp     L0057
000602r 1  EE rr rr     L006B:	inc     _xOffset
000605r 1  AD rr rr     	lda     _always_render_full_cards
000608r 1  D0 17        	bne     L0072
00060Ar 1  AD rr rr     	lda     _xOffset
00060Dr 1  C9 02        	cmp     #$02
00060Fr 1  B0 10        	bcs     L0072
000611r 1  AD rr rr     	lda     _clientState+81
000614r 1  C9 05        	cmp     #$05
000616r 1  D0 0C        	bne     L0073
000618r 1  A1 rr        	lda     (c_sp,x)
00061Ar 1  D0 08        	bne     L0073
00061Cr 1  AD rr rr     	lda     M0002
00061Fr 1  D0 03        	bne     L0073
000621r 1  EE rr rr     L0072:	inc     _xOffset
000624r 1  AD rr rr     L0073:	lda     _cardIndex
000627r 1  CD rr rr     	cmp     _clientState+81
00062Ar 1  B0 03 4C rr  	jcc     L0053
00062Er 1  rr           
00062Fr 1  D0 03 4C rr  	jeq     L0053
000633r 1  rr           
000634r 1  A1 rr        	lda     (c_sp,x)
000636r 1  D0 03 4C rr  	jeq     L003D
00063Ar 1  rr           
00063Br 1  20 rr rr     	jsr     _drawBuffer
00063Er 1  20 rr rr     	jsr     _disableDoubleBuffer
000641r 1  A9 01        	lda     #$01
000643r 1  8D rr rr     	sta     _h
000646r 1  A2 00        	ldx     #$00
000648r 1  AD rr rr     L0074:	lda     _h
00064Br 1  CD rr rr     	cmp     _clientState+153
00064Er 1  F0 05        	beq     L0075
000650r 1  90 03 4C rr  	jcs     L003D
000654r 1  rr           
000655r 1  AD rr rr     L0075:	lda     _h
000658r 1  20 rr rr     	jsr     pusha0
00065Br 1  AD rr rr     	lda     _clientState+153
00065Er 1  20 rr rr     	jsr     tosumoda0
000661r 1  8D rr rr     	sta     _i
000664r 1  AD rr rr     	lda     _i
000667r 1  20 rr rr     	jsr     pusha0
00066Ar 1  A9 21        	lda     #$21
00066Cr 1  20 rr rr     	jsr     tosmula0
00066Fr 1  18           	clc
000670r 1  69 rr        	adc     #<(_clientState+154)
000672r 1  85 rr        	sta     ptr1
000674r 1  8A           	txa
000675r 1  69 rr        	adc     #>(_clientState+154)
000677r 1  85 rr        	sta     ptr1+1
000679r 1  A0 09        	ldy     #$09
00067Br 1  A2 00        	ldx     #$00
00067Dr 1  B1 rr        	lda     (ptr1),y
00067Fr 1  C9 01        	cmp     #$01
000681r 1  F0 03 4C rr  	jne     L0078
000685r 1  rr           
000686r 1  AD rr rr     	lda     _i
000689r 1  20 rr rr     	jsr     pusha0
00068Cr 1  A9 21        	lda     #$21
00068Er 1  20 rr rr     	jsr     tosmula0
000691r 1  18           	clc
000692r 1  69 rr        	adc     #<(_clientState+154)
000694r 1  A8           	tay
000695r 1  8A           	txa
000696r 1  69 rr        	adc     #>(_clientState+154)
000698r 1  AA           	tax
000699r 1  98           	tya
00069Ar 1  A0 16        	ldy     #$16
00069Cr 1  20 rr rr     	jsr     incaxy
00069Fr 1  85 rr        	sta     ptr1
0006A1r 1  86 rr        	stx     ptr1+1
0006A3r 1  A2 00        	ldx     #$00
0006A5r 1  A1 rr        	lda     (ptr1,x)
0006A7r 1  C9 3F        	cmp     #$3F
0006A9r 1  D0 03 4C rr  	jeq     L0078
0006ADr 1  rr           
0006AEr 1  A9 01        	lda     #$01
0006B0r 1  8D rr rr     L004D:	sta     _j
0006B3r 1  A2 00        	ldx     #$00
0006B5r 1  AD rr rr     	lda     _j
0006B8r 1  C9 0A        	cmp     #$0A
0006BAr 1  B0 6D        	bcs     L0044
0006BCr 1  AC rr rr     	ldy     _i
0006BFr 1  B9 rr rr     	lda     _playerX,y
0006C2r 1  20 rr rr     	jsr     pusha0
0006C5r 1  AD rr rr     	lda     _j
0006C8r 1  20 rr rr     	jsr     decax1
0006CBr 1  20 rr rr     	jsr     pushax
0006CEr 1  A9 rr        	lda     #<(_playerDir)
0006D0r 1  A2 rr        	ldx     #>(_playerDir)
0006D2r 1  18           	clc
0006D3r 1  6D rr rr     	adc     _i
0006D6r 1  90 01        	bcc     L0048
0006D8r 1  E8           	inx
0006D9r 1  A0 00        L0048:	ldy     #$00
0006DBr 1  20 rr rr     	jsr     ldaidx
0006DEr 1  20 rr rr     	jsr     tosmulax
0006E1r 1  20 rr rr     	jsr     tosaddax
0006E4r 1  20 rr rr     	jsr     pusha
0006E7r 1  AC rr rr     	ldy     _i
0006EAr 1  B9 rr rr     	lda     _playerY,y
0006EDr 1  20 rr rr     	jsr     pusha
0006F0r 1  A9 03        	lda     #$03
0006F2r 1  20 rr rr     	jsr     pusha
0006F5r 1  AD rr rr     	lda     _i
0006F8r 1  20 rr rr     	jsr     pusha0
0006FBr 1  A9 21        	lda     #$21
0006FDr 1  20 rr rr     	jsr     tosmula0
000700r 1  18           	clc
000701r 1  69 rr        	adc     #<(_clientState+154)
000703r 1  A8           	tay
000704r 1  8A           	txa
000705r 1  69 rr        	adc     #>(_clientState+154)
000707r 1  AA           	tax
000708r 1  98           	tya
000709r 1  A0 16        	ldy     #$16
00070Br 1  20 rr rr     	jsr     incaxy
00070Er 1  18           	clc
00070Fr 1  6D rr rr     	adc     _j
000712r 1  90 01        	bcc     L004B
000714r 1  E8           	inx
000715r 1  20 rr rr     L004B:	jsr     decax1
000718r 1  20 rr rr     	jsr     pushax
00071Br 1  A9 00        	lda     #$00
00071Dr 1  20 rr rr     	jsr     _drawCard
000720r 1  A9 02        	lda     #$02
000722r 1  18           	clc
000723r 1  6D rr rr     	adc     _j
000726r 1  4C rr rr     	jmp     L004D
000729r 1  20 rr rr     L0044:	jsr     _soundDealCard
00072Cr 1  A9 23        	lda     #$23
00072Er 1  20 rr rr     	jsr     _pause
000731r 1  A2 00        	ldx     #$00
000733r 1  EE rr rr     L0078:	inc     _h
000736r 1  4C rr rr     	jmp     L0074
000739r 1  20 rr rr     L003D:	jsr     _drawBuffer
00073Cr 1  20 rr rr     	jsr     _enableDoubleBuffer
00073Fr 1  AD rr rr     	lda     _cardIndex
000742r 1  8D rr rr     	sta     _currentCard
000745r 1  A9 00        	lda     #$00
000747r 1  8D rr rr     	sta     _noAnim
00074Ar 1  4C rr rr     L0001:	jmp     incsp1
00074Dr 1               
00074Dr 1               .segment	"BSS"
000001r 1               
000001r 1               M0001:
000001r 1  00           	.res	1,$00
000002r 1               M0002:
000002r 1  00           	.res	1,$00
000003r 1               M0003:
000003r 1  00           	.res	1,$00
000004r 1               
000004r 1               .endproc
000004r 1               
000004r 1               ; ---------------------------------------------------------------
000004r 1               ; void __near__ checkIfSpectatorStatusChanged (void)
000004r 1               ; ---------------------------------------------------------------
000004r 1               
000004r 1               .segment	"CODE"
00074Dr 1               
00074Dr 1               .proc	_checkIfSpectatorStatusChanged: near
00074Dr 1               
00074Dr 1               .segment	"CODE"
00074Dr 1               
00074Dr 1  AD rr rr     	lda     _clientState+86
000750r 1  20 rr rr     	jsr     pusha
000753r 1  A0 00        	ldy     #$00
000755r 1  B1 rr        	lda     (c_sp),y
000757r 1  CD rr rr     	cmp     _wasViewing
00075Ar 1  F0 4C        	beq     L0006
00075Cr 1  AD rr rr     	lda     _clientState+153
00075Fr 1  C9 08        	cmp     #$08
000761r 1  B0 03        	bcs     L0010
000763r 1  98           	tya
000764r 1  91 rr        	sta     (c_sp),y
000766r 1  B1 rr        L0010:	lda     (c_sp),y
000768r 1  8D rr rr     	sta     _wasViewing
00076Br 1  B1 rr        	lda     (c_sp),y
00076Dr 1  F0 0F        	beq     L0011
00076Fr 1  A9 rr        	lda     #<(S0004)
000771r 1  A2 rr        	ldx     #>(S0004)
000773r 1  20 rr rr     	jsr     _drawStatusText
000776r 1  20 rr rr     	jsr     _drawBuffer
000779r 1  A9 50        	lda     #$50
00077Br 1  4C rr rr     	jmp     L000E
00077Er 1  AD rr rr     L0011:	lda     _clientState+163
000781r 1  F0 13        	beq     L0016
000783r 1  AD rr rr     	lda     _clientState+81
000786r 1  C9 01        	cmp     #$01
000788r 1  D0 1E        	bne     L0006
00078Ar 1  AD rr rr     	lda     _clientState+163
00078Dr 1  C9 01        	cmp     #$01
00078Fr 1  D0 17        	bne     L0006
000791r 1  AD rr rr     	lda     _clientState+84
000794r 1  F0 12        	beq     L0006
000796r 1  A9 rr        L0016:	lda     #<(S0005)
000798r 1  A2 rr        	ldx     #>(S0005)
00079Ar 1  20 rr rr     	jsr     _centerStatusText
00079Dr 1  20 rr rr     	jsr     _drawBuffer
0007A0r 1  20 rr rr     	jsr     _soundJoinGame
0007A3r 1  A9 32        	lda     #$32
0007A5r 1  20 rr rr     L000E:	jsr     _pause
0007A8r 1  4C rr rr     L0006:	jmp     incsp1
0007ABr 1               
0007ABr 1               .endproc
0007ABr 1               
0007ABr 1               ; ---------------------------------------------------------------
0007ABr 1               ; void __near__ checkIfPlayerCountChanged (void)
0007ABr 1               ; ---------------------------------------------------------------
0007ABr 1               
0007ABr 1               .segment	"CODE"
0007ABr 1               
0007ABr 1               .proc	_checkIfPlayerCountChanged: near
0007ABr 1               
0007ABr 1               .segment	"CODE"
0007ABr 1               
0007ABr 1  AD rr rr     	lda     _clientState+153
0007AEr 1  CD rr rr     	cmp     _prevPlayerCount
0007B1r 1  D0 01        	bne     L0022
0007B3r 1  60           	rts
0007B4r 1  C9 02        L0022:	cmp     #$02
0007B6r 1  90 49        	bcc     L001D
0007B8r 1  AD rr rr     	lda     _prevPlayerCount
0007BBr 1  F0 44        	beq     L001D
0007BDr 1  AD rr rr     	lda     _clientState+153
0007C0r 1  CD rr rr     	cmp     _prevPlayerCount
0007C3r 1  B0 10        	bcs     L0007
0007C5r 1  A9 rr        	lda     #<(S0006)
0007C7r 1  A2 rr        	ldx     #>(S0006)
0007C9r 1  20 rr rr     	jsr     _drawStatusText
0007CCr 1  20 rr rr     	jsr     _drawBuffer
0007CFr 1  20 rr rr     	jsr     _soundPlayerLeft
0007D2r 1  4C rr rr     	jmp     L0008
0007D5r 1  A9 rr        L0007:	lda     #<(_clientState)
0007D7r 1  A2 rr        	ldx     #>(_clientState)
0007D9r 1  20 rr rr     	jsr     pushax
0007DCr 1  A9 rr        	lda     #<(S0007)
0007DEr 1  A2 rr        	ldx     #>(S0007)
0007E0r 1  20 rr rr     	jsr     _strcpy
0007E3r 1  A9 rr        	lda     #<(_clientState)
0007E5r 1  A2 rr        	ldx     #>(_clientState)
0007E7r 1  20 rr rr     	jsr     _drawStatusText
0007EAr 1  20 rr rr     	jsr     _drawBuffer
0007EDr 1  20 rr rr     	jsr     _soundPlayerJoin
0007F0r 1  A9 28        L0008:	lda     #$28
0007F2r 1  20 rr rr     	jsr     _pause
0007F5r 1  AD rr rr     	lda     _clientState+81
0007F8r 1  C9 02        	cmp     #$02
0007FAr 1  90 05        	bcc     L001D
0007FCr 1  A9 01        	lda     #$01
0007FEr 1  8D rr rr     	sta     _noAnim
000801r 1  AD rr rr     L001D:	lda     _clientState+153
000804r 1  8D rr rr     	sta     _prevPlayerCount
000807r 1  C9 02        	cmp     #$02
000809r 1  B0 01        	bcs     L0023
00080Br 1  60           	rts
00080Cr 1  A9 00        L0023:	lda     #$00
00080Er 1  8D rr rr     	sta     _i
000811r 1  AD rr rr     	lda     _clientState+153
000814r 1  38           	sec
000815r 1  E9 01        	sbc     #$01
000817r 1  0A           	asl     a
000818r 1  0A           	asl     a
000819r 1  0A           	asl     a
00081Ar 1  8D rr rr     	sta     _k
00081Dr 1  AD rr rr     	lda     _clientState+153
000820r 1  38           	sec
000821r 1  E9 02        	sbc     #$02
000823r 1  0A           	asl     a
000824r 1  0A           	asl     a
000825r 1  0A           	asl     a
000826r 1  8D rr rr     	sta     _j
000829r 1  AD rr rr     L001E:	lda     _j
00082Cr 1  CD rr rr     	cmp     _k
00082Fr 1  90 01        	bcc     L0024
000831r 1  60           	rts
000832r 1  AC rr rr     L0024:	ldy     _j
000835r 1  B9 rr rr     	lda     _playerCountIndex,y
000838r 1  8D rr rr     	sta     _h
00083Br 1  A9 rr        	lda     #<(_playerX)
00083Dr 1  A2 rr        	ldx     #>(_playerX)
00083Fr 1  18           	clc
000840r 1  6D rr rr     	adc     _i
000843r 1  90 01        	bcc     L0010
000845r 1  E8           	inx
000846r 1  85 rr        L0010:	sta     ptr1
000848r 1  86 rr        	stx     ptr1+1
00084Ar 1  AC rr rr     	ldy     _h
00084Dr 1  B9 rr rr     	lda     _playerXMaster,y
000850r 1  A0 00        	ldy     #$00
000852r 1  91 rr        	sta     (ptr1),y
000854r 1  A9 rr        	lda     #<(_playerY)
000856r 1  A2 rr        	ldx     #>(_playerY)
000858r 1  18           	clc
000859r 1  6D rr rr     	adc     _i
00085Cr 1  90 01        	bcc     L0012
00085Er 1  E8           	inx
00085Fr 1  85 rr        L0012:	sta     ptr1
000861r 1  86 rr        	stx     ptr1+1
000863r 1  AC rr rr     	ldy     _h
000866r 1  B9 rr rr     	lda     _playerYMaster,y
000869r 1  A0 00        	ldy     #$00
00086Br 1  91 rr        	sta     (ptr1),y
00086Dr 1  A9 rr        	lda     #<(_playerDir)
00086Fr 1  A2 rr        	ldx     #>(_playerDir)
000871r 1  18           	clc
000872r 1  6D rr rr     	adc     _i
000875r 1  90 01        	bcc     L0014
000877r 1  E8           	inx
000878r 1  85 rr        L0014:	sta     sreg
00087Ar 1  86 rr        	stx     sreg+1
00087Cr 1  A9 rr        	lda     #<(_playerDirMaster)
00087Er 1  A2 rr        	ldx     #>(_playerDirMaster)
000880r 1  18           	clc
000881r 1  6D rr rr     	adc     _h
000884r 1  90 01        	bcc     L001F
000886r 1  E8           	inx
000887r 1  20 rr rr     L001F:	jsr     ldaidx
00088Ar 1  91 rr        	sta     (sreg),y
00088Cr 1  A9 rr        	lda     #<(_playerBetX)
00088Er 1  A2 rr        	ldx     #>(_playerBetX)
000890r 1  18           	clc
000891r 1  6D rr rr     	adc     _i
000894r 1  90 01        	bcc     L0016
000896r 1  E8           	inx
000897r 1  85 rr        L0016:	sta     sreg
000899r 1  86 rr        	stx     sreg+1
00089Br 1  A9 rr        	lda     #<(_playerBetXMaster)
00089Dr 1  A2 rr        	ldx     #>(_playerBetXMaster)
00089Fr 1  18           	clc
0008A0r 1  6D rr rr     	adc     _h
0008A3r 1  90 01        	bcc     L0020
0008A5r 1  E8           	inx
0008A6r 1  20 rr rr     L0020:	jsr     ldaidx
0008A9r 1  91 rr        	sta     (sreg),y
0008ABr 1  A9 rr        	lda     #<(_playerBetY)
0008ADr 1  A2 rr        	ldx     #>(_playerBetY)
0008AFr 1  18           	clc
0008B0r 1  6D rr rr     	adc     _i
0008B3r 1  90 01        	bcc     L0018
0008B5r 1  E8           	inx
0008B6r 1  85 rr        L0018:	sta     sreg
0008B8r 1  86 rr        	stx     sreg+1
0008BAr 1  A9 rr        	lda     #<(_playerBetYMaster)
0008BCr 1  A2 rr        	ldx     #>(_playerBetYMaster)
0008BEr 1  18           	clc
0008BFr 1  6D rr rr     	adc     _h
0008C2r 1  90 01        	bcc     L0021
0008C4r 1  E8           	inx
0008C5r 1  20 rr rr     L0021:	jsr     ldaidx
0008C8r 1  91 rr        	sta     (sreg),y
0008CAr 1  EE rr rr     	inc     _i
0008CDr 1  EE rr rr     	inc     _j
0008D0r 1  4C rr rr     	jmp     L001E
0008D3r 1               
0008D3r 1               .endproc
0008D3r 1               
0008D3r 1               ; ---------------------------------------------------------------
0008D3r 1               ; void __near__ checkFinalFlip (void)
0008D3r 1               ; ---------------------------------------------------------------
0008D3r 1               
0008D3r 1               .segment	"CODE"
0008D3r 1               
0008D3r 1               .proc	_checkFinalFlip: near
0008D3r 1               
0008D3r 1               .segment	"CODE"
0008D3r 1               
0008D3r 1  AD rr rr     	lda     _prevRound
0008D6r 1  CD rr rr     	cmp     _clientState+81
0008D9r 1  B0 07        	bcs     L0006
0008DBr 1  AD rr rr     	lda     _clientState+81
0008DEr 1  C9 05        	cmp     #$05
0008E0r 1  F0 01        	beq     L0007
0008E2r 1  60           L0006:	rts
0008E3r 1  A2 00        L0007:	ldx     #$00
0008E5r 1  A9 01        	lda     #$01
0008E7r 1  4C rr rr     	jmp     _drawCards
0008EAr 1               
0008EAr 1               .endproc
0008EAr 1               
0008EAr 1               ; ---------------------------------------------------------------
0008EAr 1               ; void __near__ drawStatusTimeLeft (void)
0008EAr 1               ; ---------------------------------------------------------------
0008EAr 1               
0008EAr 1               .segment	"CODE"
0008EAr 1               
0008EAr 1               .proc	_drawStatusTimeLeft: near
0008EAr 1               
0008EAr 1               .segment	"CODE"
0008EAr 1               
0008EAr 1  20 rr rr     	jsr     _drawStatusTimer
0008EDr 1  A9 20        	lda     #$20
0008EFr 1  8D rr rr     	sta     _tempBuffer
0008F2r 1  AD rr rr     	lda     _moveTimeLeft
0008F5r 1  20 rr rr     	jsr     pusha0
0008F8r 1  A9 rr        	lda     #<(_tempBuffer+1)
0008FAr 1  A2 rr        	ldx     #>(_tempBuffer+1)
0008FCr 1  20 rr rr     	jsr     pushax
0008FFr 1  A2 00        	ldx     #$00
000901r 1  A9 0A        	lda     #$0A
000903r 1  20 rr rr     	jsr     _itoa
000906r 1  A9 20        	lda     #$20
000908r 1  20 rr rr     	jsr     pusha0
00090Br 1  A9 rr        	lda     #<(_tempBuffer)
00090Dr 1  A2 rr        	ldx     #>(_tempBuffer)
00090Fr 1  20 rr rr     	jsr     _strlen
000912r 1  20 rr rr     	jsr     tossubax
000915r 1  20 rr rr     	jsr     pusha
000918r 1  A9 rr        	lda     #<(_tempBuffer)
00091Ar 1  A2 rr        	ldx     #>(_tempBuffer)
00091Cr 1  20 rr rr     	jsr     _drawStatusTextAt
00091Fr 1  4C rr rr     	jmp     _drawBuffer
000922r 1               
000922r 1               .endproc
000922r 1               
000922r 1               ; ---------------------------------------------------------------
000922r 1               ; void __near__ highlightActivePlayer (void)
000922r 1               ; ---------------------------------------------------------------
000922r 1               
000922r 1               .segment	"CODE"
000922r 1               
000922r 1               .proc	_highlightActivePlayer: near
000922r 1               
000922r 1               .segment	"CODE"
000922r 1               
000922r 1  AD rr rr     	lda     _clientState+84
000925r 1  38           	sec
000926r 1  E9 01        	sbc     #$01
000928r 1  70 02        	bvs     L0004
00092Ar 1  49 80        	eor     #$80
00092Cr 1  10 07        L0004:	bpl     L000F
00092Er 1  AD rr rr     	lda     _clientState+153
000931r 1  C9 02        	cmp     #$02
000933r 1  B0 01        	bcs     L0010
000935r 1  60           L000F:	rts
000936r 1  A2 00        L0010:	ldx     #$00
000938r 1  AD rr rr     	lda     _clientState+84
00093Br 1  10 01        	bpl     L0008
00093Dr 1  CA           	dex
00093Er 1  20 rr rr     L0008:	jsr     pushax
000941r 1  A9 21        	lda     #$21
000943r 1  20 rr rr     	jsr     tosmula0
000946r 1  18           	clc
000947r 1  69 rr        	adc     #<(_clientState+154)
000949r 1  A8           	tay
00094Ar 1  8A           	txa
00094Br 1  69 rr        	adc     #>(_clientState+154)
00094Dr 1  AA           	tax
00094Er 1  98           	tya
00094Fr 1  20 rr rr     	jsr     _strlen
000952r 1  8D rr rr     	sta     _i
000955r 1  A9 02        	lda     #$02
000957r 1  8D rr rr     	sta     _j
00095Ar 1  AD rr rr     L0011:	lda     _j
00095Dr 1  CD rr rr     	cmp     _i
000960r 1  F0 02        	beq     L0012
000962r 1  B0 1E        	bcs     L000A
000964r 1  AD rr rr     L0012:	lda     _cursorX
000967r 1  20 rr rr     	jsr     pusha
00096Ar 1  AD rr rr     	lda     _cursorY
00096Dr 1  18           	clc
00096Er 1  69 01        	adc     #$01
000970r 1  20 rr rr     	jsr     pusha
000973r 1  AD rr rr     	lda     _j
000976r 1  20 rr rr     	jsr     _drawLine
000979r 1  20 rr rr     	jsr     _drawBuffer
00097Cr 1  EE rr rr     	inc     _j
00097Fr 1  4C rr rr     	jmp     L0011
000982r 1  60           L000A:	rts
000983r 1               
000983r 1               .endproc
000983r 1               
000983r 1               ; ---------------------------------------------------------------
000983r 1               ; void __near__ animateChipsToPotOnRoundEnd (void)
000983r 1               ; ---------------------------------------------------------------
000983r 1               
000983r 1               .segment	"CODE"
000983r 1               
000983r 1               .proc	_animateChipsToPotOnRoundEnd: near
000983r 1               
000983r 1               .segment	"CODE"
000983r 1               
000983r 1  AD rr rr     	lda     _clientState+81
000986r 1  CD rr rr     	cmp     _prevRound
000989r 1  90 10        	bcc     L0014
00098Br 1  F0 0E        	beq     L0014
00098Dr 1  AD rr rr     	lda     _clientState+82
000990r 1  0D rr rr     	ora     _clientState+82+1
000993r 1  F0 06        	beq     L0014
000995r 1  A2 00        	ldx     #$00
000997r 1  8A           	txa
000998r 1  4C rr rr     	jmp     L0002
00099Br 1  60           L0014:	rts
00099Cr 1  20 rr rr     L0002:	jsr     _clearStatusBar
00099Fr 1  A9 32        	lda     #$32
0009A1r 1  20 rr rr     	jsr     _pause
0009A4r 1  20 rr rr     	jsr     _drawBuffer
0009A7r 1  A9 1E        	lda     #$1E
0009A9r 1  20 rr rr     	jsr     _pause
0009ACr 1  AD rr rr     	lda     _clientState+82
0009AFr 1  AE rr rr     	ldx     _clientState+82+1
0009B2r 1  EC rr rr     	cpx     _prevPot+1
0009B5r 1  D0 06        	bne     L0017
0009B7r 1  CD rr rr     	cmp     _prevPot
0009BAr 1  D0 01        	bne     L0017
0009BCr 1  60           	rts
0009BDr 1  AD rr rr     L0017:	lda     _clientState+82
0009C0r 1  AE rr rr     	ldx     _clientState+82+1
0009C3r 1  8D rr rr     	sta     _prevPot
0009C6r 1  8E rr rr     	stx     _prevPot+1
0009C9r 1  20 rr rr     	jsr     _disableDoubleBuffer
0009CCr 1  A9 00        	lda     #$00
0009CEr 1  8D rr rr     	sta     _i
0009D1r 1  AD rr rr     L0015:	lda     _i
0009D4r 1  CD rr rr     	cmp     _clientState+153
0009D7r 1  B0 74        	bcs     L0008
0009D9r 1  A9 rr        	lda     #<(_playerBetY)
0009DBr 1  A2 rr        	ldx     #>(_playerBetY)
0009DDr 1  18           	clc
0009DEr 1  6D rr rr     	adc     _i
0009E1r 1  90 01        	bcc     L000C
0009E3r 1  E8           	inx
0009E4r 1  A0 00        L000C:	ldy     #$00
0009E6r 1  20 rr rr     	jsr     ldaidx
0009E9r 1  18           	clc
0009EAr 1  AC rr rr     	ldy     _i
0009EDr 1  79 rr rr     	adc     _playerY,y
0009F0r 1  18           	clc
0009F1r 1  69 01        	adc     #$01
0009F3r 1  8D rr rr     	sta     _y
0009F6r 1  A9 rr        	lda     #<(_playerBetX)
0009F8r 1  A2 rr        	ldx     #>(_playerBetX)
0009FAr 1  18           	clc
0009FBr 1  6D rr rr     	adc     _i
0009FEr 1  90 01        	bcc     L000E
000A00r 1  E8           	inx
000A01r 1  A0 00        L000E:	ldy     #$00
000A03r 1  20 rr rr     	jsr     ldaidx
000A06r 1  18           	clc
000A07r 1  AC rr rr     	ldy     _i
000A0Ar 1  79 rr rr     	adc     _playerX,y
000A0Dr 1  8D rr rr     	sta     _x
000A10r 1  A9 rr        	lda     #<(_playerDir)
000A12r 1  A2 rr        	ldx     #>(_playerDir)
000A14r 1  18           	clc
000A15r 1  6D rr rr     	adc     _i
000A18r 1  90 01        	bcc     L0010
000A1Ar 1  E8           	inx
000A1Br 1  A0 00        L0010:	ldy     #$00
000A1Dr 1  20 rr rr     	jsr     ldaidx
000A20r 1  0A           	asl     a
000A21r 1  90 09        	bcc     L0016
000A23r 1  AD rr rr     	lda     _x
000A26r 1  38           	sec
000A27r 1  E9 03        	sbc     #$03
000A29r 1  8D rr rr     	sta     _x
000A2Cr 1  AD rr rr     L0016:	lda     _x
000A2Fr 1  20 rr rr     	jsr     pusha
000A32r 1  AD rr rr     	lda     _y
000A35r 1  20 rr rr     	jsr     pusha
000A38r 1  A9 rr        	lda     #<(S0008)
000A3Ar 1  A2 rr        	ldx     #>(S0008)
000A3Cr 1  20 rr rr     	jsr     _drawText
000A3Fr 1  A2 00        	ldx     #$00
000A41r 1  AD rr rr     	lda     _i
000A44r 1  20 rr rr     	jsr     _soundTakeChip
000A47r 1  EE rr rr     	inc     _i
000A4Ar 1  4C rr rr     	jmp     L0015
000A4Dr 1  20 rr rr     L0008:	jsr     _drawPot
000A50r 1  20 rr rr     	jsr     _drawBuffer
000A53r 1  20 rr rr     	jsr     _enableDoubleBuffer
000A56r 1  A9 2D        	lda     #$2D
000A58r 1  4C rr rr     	jmp     _pause
000A5Br 1               
000A5Br 1               .endproc
000A5Br 1               
000A5Br 1               ; ---------------------------------------------------------------
000A5Br 1               ; void __near__ drawGameStatus (void)
000A5Br 1               ; ---------------------------------------------------------------
000A5Br 1               
000A5Br 1               .segment	"CODE"
000A5Br 1               
000A5Br 1               .proc	_drawGameStatus: near
000A5Br 1               
000A5Br 1               .segment	"CODE"
000A5Br 1               
000A5Br 1  AD rr rr     	lda     _clientState+84
000A5Er 1  D0 01        	bne     L001D
000A60r 1  60           	rts
000A61r 1  38           L001D:	sec
000A62r 1  E9 01        	sbc     #$01
000A64r 1  70 02        	bvs     L0006
000A66r 1  49 80        	eor     #$80
000A68r 1  10 3B        L0006:	bpl     L0015
000A6Ar 1  A9 rr        	lda     #<(_tempBuffer)
000A6Cr 1  A2 rr        	ldx     #>(_tempBuffer)
000A6Er 1  20 rr rr     	jsr     pushax
000A71r 1  A9 rr        	lda     #<(S0009)
000A73r 1  A2 rr        	ldx     #>(S0009)
000A75r 1  20 rr rr     	jsr     _strcpy
000A78r 1  A9 rr        	lda     #<(_tempBuffer)
000A7Ar 1  A2 rr        	ldx     #>(_tempBuffer)
000A7Cr 1  20 rr rr     	jsr     pushax
000A7Fr 1  A2 00        	ldx     #$00
000A81r 1  AD rr rr     	lda     _clientState+84
000A84r 1  10 01        	bpl     L0007
000A86r 1  CA           	dex
000A87r 1  20 rr rr     L0007:	jsr     pushax
000A8Ar 1  A9 21        	lda     #$21
000A8Cr 1  20 rr rr     	jsr     tosmula0
000A8Fr 1  18           	clc
000A90r 1  69 rr        	adc     #<(_clientState+154)
000A92r 1  A8           	tay
000A93r 1  8A           	txa
000A94r 1  69 rr        	adc     #>(_clientState+154)
000A96r 1  AA           	tax
000A97r 1  98           	tya
000A98r 1  20 rr rr     	jsr     _strcat
000A9Br 1  A9 rr        	lda     #<(_tempBuffer)
000A9Dr 1  A2 rr        	ldx     #>(_tempBuffer)
000A9Fr 1  20 rr rr     	jsr     _drawStatusText
000AA2r 1  4C rr rr     	jmp     L001C
000AA5r 1  AD rr rr     L0015:	lda     _clientState+84
000AA8r 1  0A           	asl     a
000AA9r 1  90 37        	bcc     L001C
000AABr 1  AD rr rr     	lda     _clientState+81
000AAEr 1  C9 05        	cmp     #$05
000AB0r 1  F0 05        	beq     L001A
000AB2r 1  AD rr rr     	lda     _clientState+81
000AB5r 1  D0 2B        	bne     L001C
000AB7r 1  A9 rr        L001A:	lda     #<(_clientState)
000AB9r 1  A2 rr        	ldx     #>(_clientState)
000ABBr 1  20 rr rr     	jsr     _drawStatusText
000ABEr 1  AD rr rr     	lda     _clientState+81
000AC1r 1  C9 05        	cmp     #$05
000AC3r 1  D0 1D        	bne     L001C
000AC5r 1  AD rr rr     	lda     _prevRound
000AC8r 1  20 rr rr     	jsr     pusha0
000ACBr 1  AD rr rr     	lda     _clientState+81
000ACEr 1  20 rr rr     	jsr     tosicmp0
000AD1r 1  F0 0F        	beq     L001C
000AD3r 1  A2 00        	ldx     #$00
000AD5r 1  A9 01        	lda     #$01
000AD7r 1  20 rr rr     	jsr     _drawBuffer
000ADAr 1  20 rr rr     	jsr     _soundGameDone
000ADDr 1  A9 1E        	lda     #$1E
000ADFr 1  20 rr rr     	jsr     _pause
000AE2r 1  AD rr rr     L001C:	lda     _clientState+81
000AE5r 1  D0 2D        	bne     L0014
000AE7r 1  AA           	tax
000AE8r 1  AD rr rr     	lda     _waitCount
000AEBr 1  20 rr rr     	jsr     incax1
000AEEr 1  20 rr rr     	jsr     pushax
000AF1r 1  A2 00        	ldx     #$00
000AF3r 1  A9 03        	lda     #$03
000AF5r 1  20 rr rr     	jsr     tosmoda0
000AF8r 1  8D rr rr     	sta     _waitCount
000AFBr 1  A2 00        	ldx     #$00
000AFDr 1  AD rr rr     	lda     _waitCount
000B00r 1  A0 1A        	ldy     #$1A
000B02r 1  20 rr rr     	jsr     incaxy
000B05r 1  20 rr rr     	jsr     pusha
000B08r 1  A9 rr        	lda     #<(S000A)
000B0Ar 1  A2 rr        	ldx     #>(S000A)
000B0Cr 1  20 rr rr     	jsr     _drawStatusTextAt
000B0Fr 1  A9 28        	lda     #$28
000B11r 1  4C rr rr     	jmp     _pause
000B14r 1  60           L0014:	rts
000B15r 1               
000B15r 1               .endproc
000B15r 1               
000B15r 1               ; ---------------------------------------------------------------
000B15r 1               ; void __near__ requestPlayerMove (void)
000B15r 1               ; ---------------------------------------------------------------
000B15r 1               
000B15r 1               .segment	"CODE"
000B15r 1               
000B15r 1               .proc	_requestPlayerMove: near
000B15r 1               
000B15r 1               .segment	"CODE"
000B15r 1               
000B15r 1  A2 00        	ldx     #$00
000B17r 1  8A           	txa
000B18r 1  8D rr rr     	sta     _requestedMove
000B1Br 1  8D rr rr     	sta     _requestedMove+1
000B1Er 1  AD rr rr     	lda     _clientState+86
000B21r 1  D0 05        	bne     L002E
000B23r 1  AD rr rr     	lda     _clientState+84
000B26r 1  F0 01        	beq     L002F
000B28r 1  60           L002E:	rts
000B29r 1  AD rr rr     L002F:	lda     _clientState+87
000B2Cr 1  C9 02        	cmp     #$02
000B2Er 1  8A           	txa
000B2Fr 1  2A           	rol     a
000B30r 1  8D rr rr     	sta     _cursorX
000B33r 1  20 rr rr     	jsr     _clearStatusBar
000B36r 1  A9 01        	lda     #$01
000B38r 1  8D rr rr     	sta     _x
000B3Br 1  A9 00        	lda     #$00
000B3Dr 1  8D rr rr     	sta     _i
000B40r 1  AD rr rr     L0030:	lda     _i
000B43r 1  CD rr rr     	cmp     _clientState+87
000B46r 1  B0 50        	bcs     L0031
000B48r 1  AC rr rr     	ldy     _i
000B4Br 1  AD rr rr     	lda     _x
000B4Er 1  99 rr rr     	sta     _moveLoc,y
000B51r 1  20 rr rr     	jsr     pusha
000B54r 1  AD rr rr     	lda     _i
000B57r 1  20 rr rr     	jsr     pusha0
000B5Ar 1  A9 0D        	lda     #$0D
000B5Cr 1  20 rr rr     	jsr     tosmula0
000B5Fr 1  18           	clc
000B60r 1  69 rr        	adc     #<(_clientState+88)
000B62r 1  A8           	tay
000B63r 1  8A           	txa
000B64r 1  69 rr        	adc     #>(_clientState+88)
000B66r 1  AA           	tax
000B67r 1  98           	tya
000B68r 1  20 rr rr     	jsr     incax3
000B6Br 1  20 rr rr     	jsr     _drawStatusTextAt
000B6Er 1  AD rr rr     	lda     _i
000B71r 1  20 rr rr     	jsr     pusha0
000B74r 1  A9 0D        	lda     #$0D
000B76r 1  20 rr rr     	jsr     tosmula0
000B79r 1  18           	clc
000B7Ar 1  69 rr        	adc     #<(_clientState+88)
000B7Cr 1  A8           	tay
000B7Dr 1  8A           	txa
000B7Er 1  69 rr        	adc     #>(_clientState+88)
000B80r 1  AA           	tax
000B81r 1  98           	tya
000B82r 1  20 rr rr     	jsr     incax3
000B85r 1  20 rr rr     	jsr     _strlen
000B88r 1  18           	clc
000B89r 1  69 02        	adc     #$02
000B8Br 1  18           	clc
000B8Cr 1  6D rr rr     	adc     _x
000B8Fr 1  8D rr rr     	sta     _x
000B92r 1  EE rr rr     	inc     _i
000B95r 1  4C rr rr     	jmp     L0030
000B98r 1  AD rr rr     L0031:	lda     _clientState+85
000B9Br 1  8D rr rr     	sta     _moveTimeLeft
000B9Er 1  20 rr rr     	jsr     _drawStatusTimeLeft
000BA1r 1  20 rr rr     	jsr     _drawBuffer
000BA4r 1  20 rr rr     	jsr     _disableDoubleBuffer
000BA7r 1  AD rr rr     	lda     _cursorX
000BAAr 1  20 rr rr     	jsr     pusha0
000BADr 1  A9 0D        	lda     #$0D
000BAFr 1  20 rr rr     	jsr     tosmula0
000BB2r 1  18           	clc
000BB3r 1  69 rr        	adc     #<(_clientState+88)
000BB5r 1  A8           	tay
000BB6r 1  8A           	txa
000BB7r 1  69 rr        	adc     #>(_clientState+88)
000BB9r 1  AA           	tax
000BBAr 1  98           	tya
000BBBr 1  20 rr rr     	jsr     incax3
000BBEr 1  20 rr rr     	jsr     _strlen
000BC1r 1  8D rr rr     	sta     _i
000BC4r 1  AC rr rr     	ldy     _cursorX
000BC7r 1  B9 rr rr     	lda     _moveLoc,y
000BCAr 1  8D rr rr     	sta     _h
000BCDr 1  A9 00        	lda     #$00
000BCFr 1  20 rr rr     	jsr     pusha
000BD2r 1  A9 17        	lda     #$17
000BD4r 1  20 rr rr     	jsr     pusha
000BD7r 1  AD rr rr     	lda     _h
000BDAr 1  18           	clc
000BDBr 1  6D rr rr     	adc     _h
000BDEr 1  90 01        	bcc     L002C
000BE0r 1  18           	clc
000BE1r 1  6D rr rr     L002C:	adc     _i
000BE4r 1  20 rr rr     	jsr     _drawLine
000BE7r 1  A9 05        	lda     #$05
000BE9r 1  20 rr rr     	jsr     _pause
000BECr 1  AD rr rr     	lda     _h
000BEFr 1  8D rr rr     	sta     _j
000BF2r 1  AD rr rr     L0032:	lda     _j
000BF5r 1  F0 3C        	beq     L0033
000BF7r 1  AD rr rr     	lda     _h
000BFAr 1  38           	sec
000BFBr 1  ED rr rr     	sbc     _j
000BFEr 1  20 rr rr     	jsr     pusha
000C01r 1  A9 17        	lda     #$17
000C03r 1  20 rr rr     	jsr     pusha
000C06r 1  A9 01        	lda     #$01
000C08r 1  20 rr rr     	jsr     _hideLine
000C0Br 1  AD rr rr     	lda     _h
000C0Er 1  18           	clc
000C0Fr 1  6D rr rr     	adc     _i
000C12r 1  90 01        	bcc     L002D
000C14r 1  18           	clc
000C15r 1  6D rr rr     L002D:	adc     _j
000C18r 1  38           	sec
000C19r 1  E9 01        	sbc     #$01
000C1Br 1  20 rr rr     	jsr     pusha
000C1Er 1  A9 17        	lda     #$17
000C20r 1  20 rr rr     	jsr     pusha
000C23r 1  A9 01        	lda     #$01
000C25r 1  20 rr rr     	jsr     _hideLine
000C28r 1  A9 02        	lda     #$02
000C2Ar 1  20 rr rr     	jsr     _pause
000C2Dr 1  CE rr rr     	dec     _j
000C30r 1  4C rr rr     	jmp     L0032
000C33r 1  AD rr rr     L0033:	lda     _h
000C36r 1  20 rr rr     	jsr     pusha
000C39r 1  A9 17        	lda     #$17
000C3Br 1  20 rr rr     	jsr     pusha
000C3Er 1  AD rr rr     	lda     _i
000C41r 1  20 rr rr     	jsr     _drawLine
000C44r 1  20 rr rr     	jsr     _soundMyTurn
000C47r 1  A2 00        	ldx     #$00
000C49r 1  A9 3C        	lda     #$3C
000C4Br 1  8D rr rr     	sta     _maxJifs
000C4Er 1  8E rr rr     	stx     _maxJifs+1
000C51r 1  20 rr rr     	jsr     pusha0
000C54r 1  AD rr rr     	lda     _clientState+85
000C57r 1  20 rr rr     	jsr     tosumula0
000C5Ar 1  8D rr rr     	sta     _maxJifs
000C5Dr 1  8E rr rr     	stx     _maxJifs+1
000C60r 1  A9 00        	lda     #$00
000C62r 1  8D rr rr     	sta     _waitCount
000C65r 1  AA           	tax
000C66r 1  AD rr rr     	lda     _clientState+85
000C69r 1  8D rr rr     	sta     _moveTimeLeft
000C6Cr 1  20 rr rr     	jsr     _clearCommonInput
000C6Fr 1  20 rr rr     	jsr     _resetTimer
000C72r 1  4C rr rr     	jmp     L0022
000C75r 1  20 rr rr     L0010:	jsr     _waitvsync
000C78r 1  EE rr rr     	inc     _waitCount
000C7Br 1  AD rr rr     	lda     _waitCount
000C7Er 1  C9 03        	cmp     #$03
000C80r 1  A9 00        	lda     #$00
000C82r 1  AA           	tax
000C83r 1  2A           	rol     a
000C84r 1  F0 30        	beq     L0017
000C86r 1  8E rr rr     	stx     _waitCount
000C89r 1  AD rr rr     	lda     _maxJifs
000C8Cr 1  AE rr rr     	ldx     _maxJifs+1
000C8Fr 1  20 rr rr     	jsr     pushax
000C92r 1  20 rr rr     	jsr     _getTime
000C95r 1  20 rr rr     	jsr     tossubax
000C98r 1  20 rr rr     	jsr     pushax
000C9Br 1  A9 3C        	lda     #$3C
000C9Dr 1  20 rr rr     	jsr     tosudiva0
000CA0r 1  8D rr rr     	sta     _i
000CA3r 1  A2 00        	ldx     #$00
000CA5r 1  AD rr rr     	lda     _i
000CA8r 1  CD rr rr     	cmp     _moveTimeLeft
000CABr 1  F0 09        	beq     L0017
000CADr 1  8D rr rr     	sta     _moveTimeLeft
000CB0r 1  20 rr rr     	jsr     _drawStatusTimeLeft
000CB3r 1  20 rr rr     	jsr     _soundTick
000CB6r 1  20 rr rr     L0017:	jsr     _readCommonInput
000CB9r 1  AD rr rr     	lda     _inputDirX
000CBCr 1  D0 03 4C rr  	jeq     L0018
000CC0r 1  rr           
000CC1r 1  18           	clc
000CC2r 1  6D rr rr     	adc     _cursorX
000CC5r 1  8D rr rr     	sta     _cursorX
000CC8r 1  A2 00        	ldx     #$00
000CCAr 1  AD rr rr     	lda     _cursorX
000CCDr 1  CD rr rr     	cmp     _clientState+87
000CD0r 1  B0 7C        	bcs     L0036
000CD2r 1  20 rr rr     	jsr     pusha0
000CD5r 1  AD rr rr     	lda     _inputDirX
000CD8r 1  10 02        	bpl     L001C
000CDAr 1  A2 FF        	ldx     #$FF
000CDCr 1  20 rr rr     L001C:	jsr     tossubax
000CDFr 1  85 rr        	sta     ptr1
000CE1r 1  8A           	txa
000CE2r 1  18           	clc
000CE3r 1  69 rr        	adc     #>(_moveLoc)
000CE5r 1  85 rr        	sta     ptr1+1
000CE7r 1  A0 rr        	ldy     #<(_moveLoc)
000CE9r 1  B1 rr        	lda     (ptr1),y
000CEBr 1  20 rr rr     	jsr     pusha
000CEEr 1  A9 17        	lda     #$17
000CF0r 1  20 rr rr     	jsr     pusha
000CF3r 1  AD rr rr     	lda     _cursorX
000CF6r 1  20 rr rr     	jsr     pusha0
000CF9r 1  AD rr rr     	lda     _inputDirX
000CFCr 1  10 02        	bpl     L001D
000CFEr 1  A2 FF        	ldx     #$FF
000D00r 1  20 rr rr     L001D:	jsr     tossubax
000D03r 1  20 rr rr     	jsr     pushax
000D06r 1  A9 0D        	lda     #$0D
000D08r 1  20 rr rr     	jsr     tosmula0
000D0Br 1  18           	clc
000D0Cr 1  69 rr        	adc     #<(_clientState+88)
000D0Er 1  A8           	tay
000D0Fr 1  8A           	txa
000D10r 1  69 rr        	adc     #>(_clientState+88)
000D12r 1  AA           	tax
000D13r 1  98           	tya
000D14r 1  20 rr rr     	jsr     incax3
000D17r 1  20 rr rr     	jsr     _strlen
000D1Ar 1  20 rr rr     	jsr     _hideLine
000D1Dr 1  AC rr rr     	ldy     _cursorX
000D20r 1  B9 rr rr     	lda     _moveLoc,y
000D23r 1  20 rr rr     	jsr     pusha
000D26r 1  A9 17        	lda     #$17
000D28r 1  20 rr rr     	jsr     pusha
000D2Br 1  AD rr rr     	lda     _cursorX
000D2Er 1  20 rr rr     	jsr     pusha0
000D31r 1  A9 0D        	lda     #$0D
000D33r 1  20 rr rr     	jsr     tosmula0
000D36r 1  18           	clc
000D37r 1  69 rr        	adc     #<(_clientState+88)
000D39r 1  A8           	tay
000D3Ar 1  8A           	txa
000D3Br 1  69 rr        	adc     #>(_clientState+88)
000D3Dr 1  AA           	tax
000D3Er 1  98           	tya
000D3Fr 1  20 rr rr     	jsr     incax3
000D42r 1  20 rr rr     	jsr     _strlen
000D45r 1  20 rr rr     	jsr     _drawLine
000D48r 1  20 rr rr     	jsr     _soundCursor
000D4Br 1  4C rr rr     	jmp     L001F
000D4Er 1  AD rr rr     L0036:	lda     _inputDirX
000D51r 1  49 FF        	eor     #$FF
000D53r 1  38           	sec
000D54r 1  6D rr rr     	adc     _cursorX
000D57r 1  8D rr rr     	sta     _cursorX
000D5Ar 1  20 rr rr     	jsr     _soundCursorInvalid
000D5Dr 1  20 rr rr     L001F:	jsr     _getTime
000D60r 1  A2 00        L0018:	ldx     #$00
000D62r 1  AD rr rr     	lda     _inputKey
000D65r 1  C9 03        	cmp     #$03
000D67r 1  F0 04        	beq     L0023
000D69r 1  C9 1B        	cmp     #$1B
000D6Br 1  D0 05        	bne     L0039
000D6Dr 1  4C rr rr     L0023:	jmp     _showInGameMenuScreen
000D70r 1  A2 00        L0022:	ldx     #$00
000D72r 1  AD rr rr     L0039:	lda     _moveTimeLeft
000D75r 1  F0 09        	beq     L002B
000D77r 1  AD rr rr     	lda     _inputTrigger
000D7Ar 1  D0 03 4C rr  	jeq     L0010
000D7Er 1  rr           
000D7Fr 1  8A           	txa
000D80r 1  20 rr rr     L002B:	jsr     _clearStatusBar
000D83r 1  20 rr rr     	jsr     _enableDoubleBuffer
000D86r 1  AD rr rr     	lda     _cursorX
000D89r 1  C9 FF        	cmp     #$FF
000D8Br 1  B0 4B        	bcs     L0025
000D8Dr 1  AD rr rr     	lda     _cursorX
000D90r 1  20 rr rr     	jsr     pusha0
000D93r 1  A9 0D        	lda     #$0D
000D95r 1  20 rr rr     	jsr     tosmula0
000D98r 1  18           	clc
000D99r 1  69 rr        	adc     #<(_clientState+88)
000D9Br 1  A8           	tay
000D9Cr 1  8A           	txa
000D9Dr 1  69 rr        	adc     #>(_clientState+88)
000D9Fr 1  AA           	tax
000DA0r 1  98           	tya
000DA1r 1  8D rr rr     	sta     _requestedMove
000DA4r 1  8E rr rr     	stx     _requestedMove+1
000DA7r 1  20 rr rr     	jsr     _clearStatusBar
000DAAr 1  AC rr rr     	ldy     _cursorX
000DADr 1  B9 rr rr     	lda     _moveLoc,y
000DB0r 1  20 rr rr     	jsr     pusha
000DB3r 1  AD rr rr     	lda     _cursorX
000DB6r 1  20 rr rr     	jsr     pusha0
000DB9r 1  A9 0D        	lda     #$0D
000DBBr 1  20 rr rr     	jsr     tosmula0
000DBEr 1  18           	clc
000DBFr 1  69 rr        	adc     #<(_clientState+88)
000DC1r 1  A8           	tay
000DC2r 1  8A           	txa
000DC3r 1  69 rr        	adc     #>(_clientState+88)
000DC5r 1  AA           	tax
000DC6r 1  98           	tya
000DC7r 1  20 rr rr     	jsr     incax3
000DCAr 1  20 rr rr     	jsr     _drawStatusTextAt
000DCDr 1  20 rr rr     	jsr     _drawBuffer
000DD0r 1  20 rr rr     	jsr     _soundSelectMove
000DD3r 1  A9 1E        	lda     #$1E
000DD5r 1  4C rr rr     	jmp     _pause
000DD8r 1  60           L0025:	rts
000DD9r 1               
000DD9r 1               .endproc
000DD9r 1               
000DD9r 1               ; ---------------------------------------------------------------
000DD9r 1               ; void __near__ clearGameState (void)
000DD9r 1               ; ---------------------------------------------------------------
000DD9r 1               
000DD9r 1               .segment	"CODE"
000DD9r 1               
000DD9r 1               .proc	_clearGameState: near
000DD9r 1               
000DD9r 1               .segment	"CODE"
000DD9r 1               
000DD9r 1  A9 63        	lda     #$63
000DDBr 1  8D rr rr     	sta     _prevRound
000DDEr 1  A9 00        	lda     #$00
000DE0r 1  8D rr rr     	sta     _prevPlayerCount
000DE3r 1  A9 FF        	lda     #$FF
000DE5r 1  8D rr rr     	sta     _wasViewing
000DE8r 1  8D rr rr     	sta     _waitCount
000DEBr 1  60           	rts
000DECr 1               
000DECr 1               .endproc
000DECr 1               
000DECr 1               
