ca65 V2.19 - Git 92fa7cb23
Main file   : build/nes/src/main.c.149370.0.s
Current file: build/nes/src/main.c.149370.0.s

000000r 1               ;
000000r 1               ; File generated by cc65 v 2.19 - Git 92fa7cb23
000000r 1               ;
000000r 1               	.fopt		compiler,"cc65 v 2.19 - Git 92fa7cb23"
000000r 1               	.setcpu		"6502"
000000r 1               	.smart		on
000000r 1               	.autoimport	on
000000r 1               	.case		on
000000r 1               	.debuginfo	off
000000r 1               	.importzp	c_sp, sreg, regsave, regbank
000000r 1               	.importzp	tmp1, tmp2, tmp3, tmp4, ptr1, ptr2, ptr3, ptr4
000000r 1               	.macpack	longbranch
000000r 2               .macro  jeq     Target
000000r 2                       .if     .match(Target, 0)
000000r 2                       bne     *+5
000000r 2                       jmp     Target
000000r 2                       .elseif .def(Target) .and .const((*-2)-(Target)) .and ((*+2)-(Target) <= 127)
000000r 2                               beq     Target
000000r 2                       .else
000000r 2                               bne     *+5
000000r 2                               jmp     Target
000000r 2                       .endif
000000r 2               .endmacro
000000r 2               .macro  jne     Target
000000r 2                       .if     .match(Target, 0)
000000r 2                               beq     *+5
000000r 2                               jmp     Target
000000r 2                       .elseif .def(Target) .and .const((*-2)-(Target)) .and ((*+2)-(Target) <= 127)
000000r 2                               bne     Target
000000r 2                       .else
000000r 2                               beq     *+5
000000r 2                               jmp     Target
000000r 2                       .endif
000000r 2               .endmacro
000000r 2               .macro  jmi     Target
000000r 2                       .if     .match(Target, 0)
000000r 2                               bpl     *+5
000000r 2                               jmp     Target
000000r 2                       .elseif .def(Target) .and .const((*-2)-(Target)) .and ((*+2)-(Target) <= 127)
000000r 2                               bmi     Target
000000r 2                       .else
000000r 2                               bpl     *+5
000000r 2                               jmp     Target
000000r 2                       .endif
000000r 2               .endmacro
000000r 2               .macro  jpl     Target
000000r 2                       .if     .match(Target, 0)
000000r 2                               bmi     *+5
000000r 2                               jmp     Target
000000r 2                       .elseif .def(Target) .and .const((*-2)-(Target)) .and ((*+2)-(Target) <= 127)
000000r 2                               bpl     Target
000000r 2                       .else
000000r 2                               bmi     *+5
000000r 2                               jmp     Target
000000r 2                       .endif
000000r 2               .endmacro
000000r 2               .macro  jcs     Target
000000r 2                       .if     .match(Target, 0)
000000r 2                               bcc     *+5
000000r 2                               jmp     Target
000000r 2                       .elseif .def(Target) .and .const((*-2)-(Target)) .and ((*+2)-(Target) <= 127)
000000r 2                               bcs     Target
000000r 2                       .else
000000r 2                               bcc     *+5
000000r 2                               jmp     Target
000000r 2                       .endif
000000r 2               .endmacro
000000r 2               .macro  jcc     Target
000000r 2                       .if     .match(Target, 0)
000000r 2                               bcs     *+5
000000r 2                               jmp     Target
000000r 2                       .elseif .def(Target) .and .const((*-2)-(Target)) .and ((*+2)-(Target) <= 127)
000000r 2                               bcc     Target
000000r 2                       .else
000000r 2                               bcs     *+5
000000r 2                               jmp     Target
000000r 2                       .endif
000000r 2               .endmacro
000000r 2               .macro  jvs     Target
000000r 2                       .if     .match(Target, 0)
000000r 2                               bvc     *+5
000000r 2                               jmp     Target
000000r 2                       .elseif .def(Target) .and .const((*-2)-(Target)) .and ((*+2)-(Target) <= 127)
000000r 2                               bvs     Target
000000r 2                       .else
000000r 2                               bvc     *+5
000000r 2                               jmp     Target
000000r 2                       .endif
000000r 2               .endmacro
000000r 2               .macro  jvc     Target
000000r 2                       .if     .match(Target, 0)
000000r 2                               bvs     *+5
000000r 2                               jmp     Target
000000r 2                       .elseif .def(Target) .and .const((*-2)-(Target)) .and ((*+2)-(Target) <= 127)
000000r 2                               bvc     Target
000000r 2                       .else
000000r 2                               bvs     *+5
000000r 2                               jmp     Target
000000r 2                       .endif
000000r 2               .endmacro
000000r 2               
000000r 1               	.forceimport	__STARTUP__
000000r 1               	.import		_initPlatformKeyboardInput
000000r 1               	.export		_inputKey
000000r 1               	.export		_prevPlayerCount
000000r 1               	.export		_prevRound
000000r 1               	.export		_currentCard
000000r 1               	.export		_cardIndex
000000r 1               	.export		_xOffset
000000r 1               	.export		_fullFirst
000000r 1               	.export		_cursorX
000000r 1               	.export		_cursorY
000000r 1               	.export		_waitCount
000000r 1               	.export		_wasViewing
000000r 1               	.export		_inputDirX
000000r 1               	.export		_inputDirY
000000r 1               	.export		_prevPot
000000r 1               	.export		_maxJifs
000000r 1               	.export		_noAnim
000000r 1               	.export		_doAnim
000000r 1               	.export		_finalFlip
000000r 1               	.export		_inputTrigger
000000r 1               	.export		_tempBuffer
000000r 1               	.export		_query
000000r 1               	.export		_playerName
000000r 1               	.export		_serverEndpoint
000000r 1               	.export		_clientState
000000r 1               	.export		_h
000000r 1               	.export		_i
000000r 1               	.export		_j
000000r 1               	.export		_k
000000r 1               	.export		_x
000000r 1               	.export		_y
000000r 1               	.export		_xx
000000r 1               	.export		_playerX
000000r 1               	.export		_playerY
000000r 1               	.export		_moveLoc
000000r 1               	.export		_playerBetX
000000r 1               	.export		_playerBetY
000000r 1               	.export		_playerDir
000000r 1               	.export		_hand
000000r 1               	.export		_requestedMove
000000r 1               	.export		_prefs
000000r 1               	.import		_pause
000000r 1               	.import		_readCommonInput
000000r 1               	.import		_loadPrefs
000000r 1               	.import		_initGraphics
000000r 1               	.import		_initSound
000000r 1               	.import		_getStateFromServer
000000r 1               	.import		_showInGameMenuScreen
000000r 1               	.import		_requestPlayerMove
000000r 1               	.import		_showWelcomeScreen
000000r 1               	.import		_showTableSelectionScreen
000000r 1               	.import		_showGameScreen
000000r 1               	.export		_playerCount
000000r 1               	.export		_validMoveCount
000000r 1               	.export		_tableCount
000000r 1               	.export		_main
000000r 1               
000000r 1               .segment	"DATA"
000000r 1               
000000r 1               _serverEndpoint:
000000r 1  68 74 74 70  	.byte	$68,$74,$74,$70,$73,$3A,$2F,$2F,$35,$63,$61,$72,$64,$2E,$63,$61
000004r 1  73 3A 2F 2F  
000008r 1  35 63 61 72  
000010r 1  72 72 2D 64  	.byte	$72,$72,$2D,$64,$65,$73,$69,$67,$6E,$73,$2E,$63,$6F,$6D,$2F,$00
000014r 1  65 73 69 67  
000018r 1  6E 73 2E 63  
000020r 1  00 00 00 00  	.res	18,$00
000024r 1  00 00 00 00  
000028r 1  00 00 00 00  
000032r 1               _query:
000032r 1  00           	.byte	$00
000033r 1  00 00 00 00  	.res	49,$00
000037r 1  00 00 00 00  
00003Br 1  00 00 00 00  
000064r 1               _playerName:
000064r 1  00           	.byte	$00
000065r 1  00 00 00 00  	.res	11,$00
000069r 1  00 00 00 00  
00006Dr 1  00 00 00     
000070r 1               
000070r 1               .segment	"BSS"
000000r 1               
000000r 1               _inputKey:
000000r 1  00           	.res	1,$00
000001r 1               _prevPlayerCount:
000001r 1  00           	.res	1,$00
000002r 1               _prevRound:
000002r 1  00           	.res	1,$00
000003r 1               _currentCard:
000003r 1  00           	.res	1,$00
000004r 1               _cardIndex:
000004r 1  00           	.res	1,$00
000005r 1               _xOffset:
000005r 1  00           	.res	1,$00
000006r 1               _fullFirst:
000006r 1  00           	.res	1,$00
000007r 1               _cursorX:
000007r 1  00           	.res	1,$00
000008r 1               _cursorY:
000008r 1  00           	.res	1,$00
000009r 1               _waitCount:
000009r 1  00           	.res	1,$00
00000Ar 1               _wasViewing:
00000Ar 1  00           	.res	1,$00
00000Br 1               _inputDirX:
00000Br 1  00           	.res	1,$00
00000Cr 1               _inputDirY:
00000Cr 1  00           	.res	1,$00
00000Dr 1               _prevPot:
00000Dr 1  00 00        	.res	2,$00
00000Fr 1               _maxJifs:
00000Fr 1  00 00        	.res	2,$00
000011r 1               _noAnim:
000011r 1  00           	.res	1,$00
000012r 1               _doAnim:
000012r 1  00           	.res	1,$00
000013r 1               _finalFlip:
000013r 1  00           	.res	1,$00
000014r 1               _inputTrigger:
000014r 1  00           	.res	1,$00
000015r 1               _tempBuffer:
000015r 1  00 00 00 00  	.res	128,$00
000019r 1  00 00 00 00  
00001Dr 1  00 00 00 00  
000095r 1               _clientState:
000095r 1  00 00 00 00  	.res	418,$00
000099r 1  00 00 00 00  
00009Dr 1  00 00 00 00  
000237r 1               _h:
000237r 1  00           	.res	1,$00
000238r 1               _i:
000238r 1  00           	.res	1,$00
000239r 1               _j:
000239r 1  00           	.res	1,$00
00023Ar 1               _k:
00023Ar 1  00           	.res	1,$00
00023Br 1               _x:
00023Br 1  00           	.res	1,$00
00023Cr 1               _y:
00023Cr 1  00           	.res	1,$00
00023Dr 1               _xx:
00023Dr 1  00           	.res	1,$00
00023Er 1               _playerX:
00023Er 1  00 00 00 00  	.res	8,$00
000242r 1  00 00 00 00  
000246r 1               _playerY:
000246r 1  00 00 00 00  	.res	8,$00
00024Ar 1  00 00 00 00  
00024Er 1               _moveLoc:
00024Er 1  00 00 00 00  	.res	5,$00
000252r 1  00           
000253r 1               _playerBetX:
000253r 1  00 00 00 00  	.res	8,$00
000257r 1  00 00 00 00  
00025Br 1               _playerBetY:
00025Br 1  00 00 00 00  	.res	8,$00
00025Fr 1  00 00 00 00  
000263r 1               _playerDir:
000263r 1  00 00 00 00  	.res	8,$00
000267r 1  00 00 00 00  
00026Br 1               _hand:
00026Br 1  00 00        	.res	2,$00
00026Dr 1               _requestedMove:
00026Dr 1  00 00        	.res	2,$00
00026Fr 1               _prefs:
00026Fr 1  00 00 00 00  	.res	4,$00
000273r 1               _playerCount:
000273r 1  00           	.res	1,$00
000274r 1               _validMoveCount:
000274r 1  00           	.res	1,$00
000275r 1               _tableCount:
000275r 1  00           	.res	1,$00
000276r 1               
000276r 1               ; ---------------------------------------------------------------
000276r 1               ; void __near__ main (void)
000276r 1               ; ---------------------------------------------------------------
000276r 1               
000276r 1               .segment	"CODE"
000000r 1               
000000r 1               .proc	_main: near
000000r 1               
000000r 1               .segment	"CODE"
000000r 1               
000000r 1  20 rr rr     	jsr     _loadPrefs
000003r 1  20 rr rr     	jsr     _initGraphics
000006r 1  20 rr rr     	jsr     _initSound
000009r 1  20 rr rr     	jsr     _initPlatformKeyboardInput
00000Cr 1  20 rr rr     	jsr     _showWelcomeScreen
00000Fr 1  20 rr rr     	jsr     _showTableSelectionScreen
000012r 1  20 rr rr     L0002:	jsr     _getStateFromServer
000015r 1  AA           	tax
000016r 1  F0 09        	beq     L000B
000018r 1  20 rr rr     	jsr     _showGameScreen
00001Br 1  20 rr rr     	jsr     _requestPlayerMove
00001Er 1  4C rr rr     	jmp     L0006
000021r 1  A9 1E        L000B:	lda     #$1E
000023r 1  20 rr rr     	jsr     _pause
000026r 1  20 rr rr     L0006:	jsr     _readCommonInput
000029r 1  A2 00        	ldx     #$00
00002Br 1  AD rr rr     	lda     _inputKey
00002Er 1  C9 03        	cmp     #$03
000030r 1  F0 04        	beq     L0009
000032r 1  C9 1B        	cmp     #$1B
000034r 1  D0 DC        	bne     L0002
000036r 1  20 rr rr     L0009:	jsr     _showInGameMenuScreen
000039r 1  4C rr rr     	jmp     L0002
00003Cr 1               
00003Cr 1               .endproc
00003Cr 1               
00003Cr 1               
