ca65 V2.19 - Git 92fa7cb23
Main file   : build/nes/src/misc.c.149374.0.s
Current file: build/nes/src/misc.c.149374.0.s

000000r 1               ;
000000r 1               ; File generated by cc65 v 2.19 - Git 92fa7cb23
000000r 1               ;
000000r 1               	.fopt		compiler,"cc65 v 2.19 - Git 92fa7cb23"
000000r 1               	.setcpu		"6502"
000000r 1               	.smart		on
000000r 1               	.autoimport	on
000000r 1               	.case		on
000000r 1               	.debuginfo	off
000000r 1               	.importzp	c_sp, sreg, regsave, regbank
000000r 1               	.importzp	tmp1, tmp2, tmp3, tmp4, ptr1, ptr2, ptr3, ptr4
000000r 1               	.macpack	longbranch
000000r 2               .macro  jeq     Target
000000r 2                       .if     .match(Target, 0)
000000r 2                       bne     *+5
000000r 2                       jmp     Target
000000r 2                       .elseif .def(Target) .and .const((*-2)-(Target)) .and ((*+2)-(Target) <= 127)
000000r 2                               beq     Target
000000r 2                       .else
000000r 2                               bne     *+5
000000r 2                               jmp     Target
000000r 2                       .endif
000000r 2               .endmacro
000000r 2               .macro  jne     Target
000000r 2                       .if     .match(Target, 0)
000000r 2                               beq     *+5
000000r 2                               jmp     Target
000000r 2                       .elseif .def(Target) .and .const((*-2)-(Target)) .and ((*+2)-(Target) <= 127)
000000r 2                               bne     Target
000000r 2                       .else
000000r 2                               beq     *+5
000000r 2                               jmp     Target
000000r 2                       .endif
000000r 2               .endmacro
000000r 2               .macro  jmi     Target
000000r 2                       .if     .match(Target, 0)
000000r 2                               bpl     *+5
000000r 2                               jmp     Target
000000r 2                       .elseif .def(Target) .and .const((*-2)-(Target)) .and ((*+2)-(Target) <= 127)
000000r 2                               bmi     Target
000000r 2                       .else
000000r 2                               bpl     *+5
000000r 2                               jmp     Target
000000r 2                       .endif
000000r 2               .endmacro
000000r 2               .macro  jpl     Target
000000r 2                       .if     .match(Target, 0)
000000r 2                               bmi     *+5
000000r 2                               jmp     Target
000000r 2                       .elseif .def(Target) .and .const((*-2)-(Target)) .and ((*+2)-(Target) <= 127)
000000r 2                               bpl     Target
000000r 2                       .else
000000r 2                               bmi     *+5
000000r 2                               jmp     Target
000000r 2                       .endif
000000r 2               .endmacro
000000r 2               .macro  jcs     Target
000000r 2                       .if     .match(Target, 0)
000000r 2                               bcc     *+5
000000r 2                               jmp     Target
000000r 2                       .elseif .def(Target) .and .const((*-2)-(Target)) .and ((*+2)-(Target) <= 127)
000000r 2                               bcs     Target
000000r 2                       .else
000000r 2                               bcc     *+5
000000r 2                               jmp     Target
000000r 2                       .endif
000000r 2               .endmacro
000000r 2               .macro  jcc     Target
000000r 2                       .if     .match(Target, 0)
000000r 2                               bcs     *+5
000000r 2                               jmp     Target
000000r 2                       .elseif .def(Target) .and .const((*-2)-(Target)) .and ((*+2)-(Target) <= 127)
000000r 2                               bcc     Target
000000r 2                       .else
000000r 2                               bcs     *+5
000000r 2                               jmp     Target
000000r 2                       .endif
000000r 2               .endmacro
000000r 2               .macro  jvs     Target
000000r 2                       .if     .match(Target, 0)
000000r 2                               bvc     *+5
000000r 2                               jmp     Target
000000r 2                       .elseif .def(Target) .and .const((*-2)-(Target)) .and ((*+2)-(Target) <= 127)
000000r 2                               bvs     Target
000000r 2                       .else
000000r 2                               bvc     *+5
000000r 2                               jmp     Target
000000r 2                       .endif
000000r 2               .endmacro
000000r 2               .macro  jvc     Target
000000r 2                       .if     .match(Target, 0)
000000r 2                               bvs     *+5
000000r 2                               jmp     Target
000000r 2                       .elseif .def(Target) .and .const((*-2)-(Target)) .and ((*+2)-(Target) <= 127)
000000r 2                               bvc     Target
000000r 2                       .else
000000r 2                               bvs     *+5
000000r 2                               jmp     Target
000000r 2                       .endif
000000r 2               .endmacro
000000r 2               
000000r 1               	.import		_waitvsync
000000r 1               	.import		_strlen
000000r 1               	.import		_strncpy
000000r 1               	.import		_memset
000000r 1               	.import		_readJoystick
000000r 1               	.import		_getPlatformKey
000000r 1               	.import		_inputKey
000000r 1               	.import		_inputDirX
000000r 1               	.import		_inputDirY
000000r 1               	.import		_inputTrigger
000000r 1               	.import		_tempBuffer
000000r 1               	.import		_prefs
000000r 1               	.export		_pause
000000r 1               	.export		_clearCommonInput
000000r 1               	.export		_readCommonInput
000000r 1               	.export		_loadPrefs
000000r 1               	.export		_savePrefs
000000r 1               	.import		_setColorMode
000000r 1               	.import		_read_appkey
000000r 1               	.import		_write_appkey
000000r 1               	.export		__lastJoy
000000r 1               	.export		__joy
000000r 1               	.export		_applyPrefs
000000r 1               
000000r 1               .segment	"BSS"
000000r 1               
000000r 1               __lastJoy:
000000r 1  00           	.res	1,$00
000001r 1               __joy:
000001r 1  00           	.res	1,$00
000002r 1               
000002r 1               ; ---------------------------------------------------------------
000002r 1               ; void __near__ pause (unsigned char frames)
000002r 1               ; ---------------------------------------------------------------
000002r 1               
000002r 1               .segment	"CODE"
000000r 1               
000000r 1               .proc	_pause: near
000000r 1               
000000r 1               .segment	"CODE"
000000r 1               
000000r 1  20 rr rr     	jsr     pusha
000003r 1  4C rr rr     	jmp     L0004
000006r 1  20 rr rr     L0002:	jsr     _waitvsync
000009r 1  A0 00        L0004:	ldy     #$00
00000Br 1  B1 rr        	lda     (c_sp),y
00000Dr 1  08           	php
00000Er 1  B1 rr        	lda     (c_sp),y
000010r 1  38           	sec
000011r 1  E9 01        	sbc     #$01
000013r 1  91 rr        	sta     (c_sp),y
000015r 1  28           	plp
000016r 1  D0 EE        	bne     L0002
000018r 1  4C rr rr     	jmp     incsp1
00001Br 1               
00001Br 1               .endproc
00001Br 1               
00001Br 1               ; ---------------------------------------------------------------
00001Br 1               ; void __near__ clearCommonInput (void)
00001Br 1               ; ---------------------------------------------------------------
00001Br 1               
00001Br 1               .segment	"CODE"
00001Br 1               
00001Br 1               .proc	_clearCommonInput: near
00001Br 1               
00001Br 1               .segment	"CODE"
00001Br 1               
00001Br 1  A9 00        	lda     #$00
00001Dr 1  8D rr rr     	sta     _inputTrigger
000020r 1  8D rr rr     	sta     _inputKey
000023r 1  8D rr rr     	sta     _inputDirX
000026r 1  8D rr rr     	sta     _inputDirY
000029r 1  8D rr rr     	sta     __lastJoy
00002Cr 1  8D rr rr     	sta     __joy
00002Fr 1  60           	rts
000030r 1               
000030r 1               .endproc
000030r 1               
000030r 1               ; ---------------------------------------------------------------
000030r 1               ; void __near__ readCommonInput (void)
000030r 1               ; ---------------------------------------------------------------
000030r 1               
000030r 1               .segment	"CODE"
000030r 1               
000030r 1               .proc	_readCommonInput: near
000030r 1               
000030r 1               .segment	"CODE"
000030r 1               
000030r 1  A9 00        	lda     #$00
000032r 1  8D rr rr     	sta     _inputTrigger
000035r 1  8D rr rr     	sta     _inputKey
000038r 1  8D rr rr     	sta     _inputDirX
00003Br 1  AA           	tax
00003Cr 1  8D rr rr     	sta     _inputDirY
00003Fr 1  20 rr rr     	jsr     _readJoystick
000042r 1  8D rr rr     	sta     __joy
000045r 1  CD rr rr     	cmp     __lastJoy
000048r 1  F0 3D        	beq     L0002
00004Ar 1  AD rr rr     	lda     __joy
00004Dr 1  8D rr rr     	sta     __lastJoy
000050r 1  29 40        	and     #$40
000052r 1  F0 05        	beq     L001E
000054r 1  A9 FF        	lda     #$FF
000056r 1  4C rr rr     	jmp     L001B
000059r 1  AD rr rr     L001E:	lda     __joy
00005Cr 1  29 80        	and     #$80
00005Er 1  F0 05        	beq     L001F
000060r 1  A9 01        	lda     #$01
000062r 1  8D rr rr     L001B:	sta     _inputDirX
000065r 1  AD rr rr     L001F:	lda     __joy
000068r 1  29 10        	and     #$10
00006Ar 1  F0 05        	beq     L0020
00006Cr 1  A9 FF        	lda     #$FF
00006Er 1  4C rr rr     	jmp     L001C
000071r 1  AD rr rr     L0020:	lda     __joy
000074r 1  29 20        	and     #$20
000076r 1  F0 05        	beq     L0021
000078r 1  A9 01        	lda     #$01
00007Ar 1  8D rr rr     L001C:	sta     _inputDirY
00007Dr 1  AD rr rr     L0021:	lda     __joy
000080r 1  29 01        	and     #$01
000082r 1  F0 64        	beq     L000C
000084r 1  4C rr rr     	jmp     L0024
000087r 1  20 rr rr     L0002:	jsr     _getPlatformKey
00008Ar 1  8D rr rr     	sta     _inputKey
00008Dr 1  AD rr rr     	lda     _inputKey
000090r 1  F0 56        	beq     L000C
000092r 1  C9 0D        	cmp     #$0D
000094r 1  F0 4D        	beq     L0024
000096r 1  C9 20        	cmp     #$20
000098r 1  F0 49        	beq     L0024
00009Ar 1  C9 F1        	cmp     #$F1
00009Cr 1  F0 2D        	beq     L000D
00009Er 1  C9 F2        	cmp     #$F2
0000A0r 1  F0 29        	beq     L000D
0000A2r 1  C9 F3        	cmp     #$F3
0000A4r 1  F0 25        	beq     L000D
0000A6r 1  C9 F4        	cmp     #$F4
0000A8r 1  F0 27        	beq     L0022
0000AAr 1  C9 F5        	cmp     #$F5
0000ACr 1  F0 23        	beq     L0022
0000AEr 1  C9 F6        	cmp     #$F6
0000B0r 1  F0 1F        	beq     L0022
0000B2r 1  C9 F7        	cmp     #$F7
0000B4r 1  F0 21        	beq     L0013
0000B6r 1  C9 F8        	cmp     #$F8
0000B8r 1  F0 1D        	beq     L0013
0000BAr 1  C9 F9        	cmp     #$F9
0000BCr 1  F0 19        	beq     L0013
0000BEr 1  C9 FA        	cmp     #$FA
0000C0r 1  F0 1B        	beq     L0023
0000C2r 1  C9 FB        	cmp     #$FB
0000C4r 1  F0 17        	beq     L0023
0000C6r 1  C9 FC        	cmp     #$FC
0000C8r 1  F0 13        	beq     L0023
0000CAr 1  60           	rts
0000CBr 1  A9 FF        L000D:	lda     #$FF
0000CDr 1  8D rr rr     	sta     _inputDirX
0000D0r 1  60           	rts
0000D1r 1  A9 01        L0022:	lda     #$01
0000D3r 1  8D rr rr     	sta     _inputDirX
0000D6r 1  60           	rts
0000D7r 1  A9 FF        L0013:	lda     #$FF
0000D9r 1  8D rr rr     	sta     _inputDirY
0000DCr 1  60           	rts
0000DDr 1  A9 01        L0023:	lda     #$01
0000DFr 1  8D rr rr     	sta     _inputDirY
0000E2r 1  60           	rts
0000E3r 1  A9 01        L0024:	lda     #$01
0000E5r 1  8D rr rr     	sta     _inputTrigger
0000E8r 1  60           L000C:	rts
0000E9r 1               
0000E9r 1               .endproc
0000E9r 1               
0000E9r 1               ; ---------------------------------------------------------------
0000E9r 1               ; void __near__ loadPrefs (void)
0000E9r 1               ; ---------------------------------------------------------------
0000E9r 1               
0000E9r 1               .segment	"CODE"
0000E9r 1               
0000E9r 1               .proc	_loadPrefs: near
0000E9r 1               
0000E9r 1               .segment	"CODE"
0000E9r 1               
0000E9r 1  A2 E4        	ldx     #$E4
0000EBr 1  A9 1C        	lda     #$1C
0000EDr 1  20 rr rr     	jsr     pushax
0000F0r 1  A9 01        	lda     #$01
0000F2r 1  20 rr rr     	jsr     pusha
0000F5r 1  A9 00        	lda     #$00
0000F7r 1  20 rr rr     	jsr     pusha
0000FAr 1  A9 rr        	lda     #<(_tempBuffer)
0000FCr 1  A2 rr        	ldx     #>(_tempBuffer)
0000FEr 1  20 rr rr     	jsr     _read_appkey
000101r 1  A9 rr        	lda     #<(_tempBuffer)
000103r 1  A2 rr        	ldx     #>(_tempBuffer)
000105r 1  20 rr rr     	jsr     _strlen
000108r 1  E0 00        	cpx     #$00
00010Ar 1  D0 18        	bne     L0002
00010Cr 1  C9 00        	cmp     #$00
00010Er 1  D0 14        	bne     L0002
000110r 1  A9 rr        	lda     #<(_prefs)
000112r 1  A2 rr        	ldx     #>(_prefs)
000114r 1  20 rr rr     	jsr     pushax
000117r 1  A9 01        	lda     #$01
000119r 1  20 rr rr     	jsr     pusha0
00011Cr 1  A9 03        	lda     #$03
00011Er 1  20 rr rr     	jsr     _memset
000121r 1  4C rr rr     	jmp     L0004
000124r 1  A9 rr        L0002:	lda     #<(_prefs)
000126r 1  A2 rr        	ldx     #>(_prefs)
000128r 1  20 rr rr     	jsr     pushax
00012Br 1  A9 rr        	lda     #<(_tempBuffer)
00012Dr 1  A2 rr        	ldx     #>(_tempBuffer)
00012Fr 1  20 rr rr     	jsr     pushax
000132r 1  A2 00        	ldx     #$00
000134r 1  A9 03        	lda     #$03
000136r 1  20 rr rr     	jsr     _strncpy
000139r 1  A2 00        L0004:	ldx     #$00
00013Br 1  AD rr rr     	lda     _prefs+1
00013Er 1  20 rr rr     	jsr     decax1
000141r 1  4C rr rr     	jmp     _setColorMode
000144r 1               
000144r 1               .endproc
000144r 1               
000144r 1               ; ---------------------------------------------------------------
000144r 1               ; void __near__ savePrefs (void)
000144r 1               ; ---------------------------------------------------------------
000144r 1               
000144r 1               .segment	"CODE"
000144r 1               
000144r 1               .proc	_savePrefs: near
000144r 1               
000144r 1               .segment	"CODE"
000144r 1               
000144r 1  A9 00        	lda     #$00
000146r 1  8D rr rr     	sta     _prefs+3
000149r 1  A2 E4        	ldx     #$E4
00014Br 1  A9 1C        	lda     #$1C
00014Dr 1  20 rr rr     	jsr     pushax
000150r 1  A9 01        	lda     #$01
000152r 1  20 rr rr     	jsr     pusha
000155r 1  A9 00        	lda     #$00
000157r 1  20 rr rr     	jsr     pusha
00015Ar 1  A9 rr        	lda     #<(_prefs)
00015Cr 1  A2 rr        	ldx     #>(_prefs)
00015Er 1  4C rr rr     	jmp     _write_appkey
000161r 1               
000161r 1               .endproc
000161r 1               
000161r 1               ; ---------------------------------------------------------------
000161r 1               ; void __near__ applyPrefs (void)
000161r 1               ; ---------------------------------------------------------------
000161r 1               
000161r 1               .segment	"CODE"
000161r 1               
000161r 1               .proc	_applyPrefs: near
000161r 1               
000161r 1               .segment	"CODE"
000161r 1               
000161r 1  60           	rts
000162r 1               
000162r 1               .endproc
000162r 1               
000162r 1               
