ca65 V2.19 - Git 92fa7cb23
Main file   : build/nes/src/screens.c.149378.0.s
Current file: build/nes/src/screens.c.149378.0.s

000000r 1               ;
000000r 1               ; File generated by cc65 v 2.19 - Git 92fa7cb23
000000r 1               ;
000000r 1               	.fopt		compiler,"cc65 v 2.19 - Git 92fa7cb23"
000000r 1               	.setcpu		"6502"
000000r 1               	.smart		on
000000r 1               	.autoimport	on
000000r 1               	.case		on
000000r 1               	.debuginfo	off
000000r 1               	.importzp	c_sp, sreg, regsave, regbank
000000r 1               	.importzp	tmp1, tmp2, tmp3, tmp4, ptr1, ptr2, ptr3, ptr4
000000r 1               	.macpack	longbranch
000000r 2               .macro  jeq     Target
000000r 2                       .if     .match(Target, 0)
000000r 2                       bne     *+5
000000r 2                       jmp     Target
000000r 2                       .elseif .def(Target) .and .const((*-2)-(Target)) .and ((*+2)-(Target) <= 127)
000000r 2                               beq     Target
000000r 2                       .else
000000r 2                               bne     *+5
000000r 2                               jmp     Target
000000r 2                       .endif
000000r 2               .endmacro
000000r 2               .macro  jne     Target
000000r 2                       .if     .match(Target, 0)
000000r 2                               beq     *+5
000000r 2                               jmp     Target
000000r 2                       .elseif .def(Target) .and .const((*-2)-(Target)) .and ((*+2)-(Target) <= 127)
000000r 2                               bne     Target
000000r 2                       .else
000000r 2                               beq     *+5
000000r 2                               jmp     Target
000000r 2                       .endif
000000r 2               .endmacro
000000r 2               .macro  jmi     Target
000000r 2                       .if     .match(Target, 0)
000000r 2                               bpl     *+5
000000r 2                               jmp     Target
000000r 2                       .elseif .def(Target) .and .const((*-2)-(Target)) .and ((*+2)-(Target) <= 127)
000000r 2                               bmi     Target
000000r 2                       .else
000000r 2                               bpl     *+5
000000r 2                               jmp     Target
000000r 2                       .endif
000000r 2               .endmacro
000000r 2               .macro  jpl     Target
000000r 2                       .if     .match(Target, 0)
000000r 2                               bmi     *+5
000000r 2                               jmp     Target
000000r 2                       .elseif .def(Target) .and .const((*-2)-(Target)) .and ((*+2)-(Target) <= 127)
000000r 2                               bpl     Target
000000r 2                       .else
000000r 2                               bmi     *+5
000000r 2                               jmp     Target
000000r 2                       .endif
000000r 2               .endmacro
000000r 2               .macro  jcs     Target
000000r 2                       .if     .match(Target, 0)
000000r 2                               bcc     *+5
000000r 2                               jmp     Target
000000r 2                       .elseif .def(Target) .and .const((*-2)-(Target)) .and ((*+2)-(Target) <= 127)
000000r 2                               bcs     Target
000000r 2                       .else
000000r 2                               bcc     *+5
000000r 2                               jmp     Target
000000r 2                       .endif
000000r 2               .endmacro
000000r 2               .macro  jcc     Target
000000r 2                       .if     .match(Target, 0)
000000r 2                               bcs     *+5
000000r 2                               jmp     Target
000000r 2                       .elseif .def(Target) .and .const((*-2)-(Target)) .and ((*+2)-(Target) <= 127)
000000r 2                               bcc     Target
000000r 2                       .else
000000r 2                               bcs     *+5
000000r 2                               jmp     Target
000000r 2                       .endif
000000r 2               .endmacro
000000r 2               .macro  jvs     Target
000000r 2                       .if     .match(Target, 0)
000000r 2                               bvc     *+5
000000r 2                               jmp     Target
000000r 2                       .elseif .def(Target) .and .const((*-2)-(Target)) .and ((*+2)-(Target) <= 127)
000000r 2                               bvs     Target
000000r 2                       .else
000000r 2                               bvc     *+5
000000r 2                               jmp     Target
000000r 2                       .endif
000000r 2               .endmacro
000000r 2               .macro  jvc     Target
000000r 2                       .if     .match(Target, 0)
000000r 2                               bvs     *+5
000000r 2                               jmp     Target
000000r 2                       .elseif .def(Target) .and .const((*-2)-(Target)) .and ((*+2)-(Target) <= 127)
000000r 2                               bvc     Target
000000r 2                       .else
000000r 2                               bvs     *+5
000000r 2                               jmp     Target
000000r 2                       .endif
000000r 2               .endmacro
000000r 2               
000000r 1               	.import		_waitvsync
000000r 1               	.import		_strcat
000000r 1               	.import		_strcpy
000000r 1               	.import		_strlen
000000r 1               	.import		_apiCall
000000r 1               	.export		_resetScreenWithBorder
000000r 1               	.export		_showHelpScreen
000000r 1               	.export		_welcomeActionVerifyServerDetails
000000r 1               	.export		_welcomeActionVerifyPlayerName
000000r 1               	.export		_showWelcomeScreen
000000r 1               	.export		_tableActionJoinServer
000000r 1               	.export		_showTableSelectionScreen
000000r 1               	.export		_showGameScreen
000000r 1               	.export		_showInGameMenuScreen
000000r 1               	.export		_showPlayerNameScreen
000000r 1               	.export		_inputFieldCycle
000000r 1               	.export		_centerStatusText
000000r 1               	.import		_enableDoubleBuffer
000000r 1               	.import		_disableDoubleBuffer
000000r 1               	.import		_drawBuffer
000000r 1               	.import		_resetScreen
000000r 1               	.import		_clearStatusBar
000000r 1               	.import		_drawStatusTextAt
000000r 1               	.import		_drawStatusText
000000r 1               	.import		_drawText
000000r 1               	.import		_drawChip
000000r 1               	.import		_drawLine
000000r 1               	.import		_hideLine
000000r 1               	.import		_drawBox
000000r 1               	.import		_drawBorder
000000r 1               	.import		_drawLogo
000000r 1               	.import		_cycleNextColor
000000r 1               	.import		_getPlatformKey
000000r 1               	.import		_platformNameEntry
000000r 1               	.import		_inputKey
000000r 1               	.import		_prevRound
000000r 1               	.import		_inputDirY
000000r 1               	.import		_inputTrigger
000000r 1               	.import		_tempBuffer
000000r 1               	.import		_query
000000r 1               	.import		_playerName
000000r 1               	.import		_serverEndpoint
000000r 1               	.import		_clientState
000000r 1               	.import		_i
000000r 1               	.import		_x
000000r 1               	.import		_y
000000r 1               	.import		_prefs
000000r 1               	.import		_pause
000000r 1               	.import		_clearCommonInput
000000r 1               	.import		_readCommonInput
000000r 1               	.import		_savePrefs
000000r 1               	.import		_progressAnim
000000r 1               	.import		_drawPot
000000r 1               	.import		_resetStateIfNewGame
000000r 1               	.import		_drawNamePurse
000000r 1               	.import		_drawBets
000000r 1               	.import		_drawCards
000000r 1               	.import		_checkIfSpectatorStatusChanged
000000r 1               	.import		_checkIfPlayerCountChanged
000000r 1               	.import		_checkFinalFlip
000000r 1               	.import		_highlightActivePlayer
000000r 1               	.import		_animateChipsToPotOnRoundEnd
000000r 1               	.import		_drawGameStatus
000000r 1               	.import		_clearGameState
000000r 1               	.import		_read_appkey
000000r 1               	.import		_write_appkey
000000r 1               	.import		_quit
000000r 1               	.import		_soundSelectMove
000000r 1               	.import		_soundCursor
000000r 1               	.export		_redrawGameScreen
000000r 1               	.export		_centerText
000000r 1               
000000r 1               .segment	"DATA"
000000r 1               
000000r 1               _redrawGameScreen:
000000r 1  00           	.byte	$00
000001r 1               
000001r 1               .segment	"RODATA"
000000r 1               
000000r 1               S001A:
000000r 1  41 2D 4A 4F  	.byte	$41,$2D,$4A,$4F,$49,$4E,$20,$20,$53,$54,$41,$52,$54,$2D,$48,$45
000004r 1  49 4E 20 20  
000008r 1  53 54 41 52  
000010r 1  4C 50 20 20  	.byte	$4C,$50,$20,$20,$53,$45,$4C,$45,$43,$54,$2D,$4E,$41,$4D,$45,$00
000014r 1  53 45 4C 45  
000018r 1  43 54 2D 4E  
000020r 1               S0003:
000020r 1  50 4C 41 59  	.byte	$50,$4C,$41,$59,$45,$52,$53,$20,$41,$52,$45,$20,$44,$45,$41,$4C
000024r 1  45 52 53 20  
000028r 1  41 52 45 20  
000030r 1  54 20 35 20  	.byte	$54,$20,$35,$20,$43,$41,$52,$44,$53,$20,$4F,$56,$45,$52,$00
000034r 1  43 41 52 44  
000038r 1  53 20 4F 56  
00003Fr 1               S0004:
00003Fr 1  46 4F 55 52  	.byte	$46,$4F,$55,$52,$20,$52,$4F,$55,$4E,$44,$53,$2E,$20,$20,$49,$4E
000043r 1  20 52 4F 55  
000047r 1  4E 44 53 2E  
00004Fr 1  20 45 56 45  	.byte	$20,$45,$56,$45,$52,$59,$20,$52,$4F,$55,$4E,$44,$2C,$20,$00
000053r 1  52 59 20 52  
000057r 1  4F 55 4E 44  
00005Er 1               S0005:
00005Er 1  50 4C 41 59  	.byte	$50,$4C,$41,$59,$45,$52,$53,$20,$42,$45,$54,$2C,$20,$43,$41,$4C
000062r 1  45 52 53 20  
000066r 1  42 45 54 2C  
00006Er 1  4C 2C 20 41  	.byte	$4C,$2C,$20,$41,$4E,$44,$20,$52,$41,$49,$53,$45,$2E,$20,$00
000072r 1  4E 44 20 52  
000076r 1  41 49 53 45  
00007Dr 1               S000A:
00007Dr 1  52 41 49 53  	.byte	$52,$41,$49,$53,$45,$20,$20,$20,$4D,$55,$53,$54,$20,$43,$41,$4C
000081r 1  45 20 20 20  
000085r 1  4D 55 53 54  
00008Dr 1  4C 20 54 4F  	.byte	$4C,$20,$54,$4F,$20,$53,$54,$41,$59,$20,$49,$4E,$20,$00
000091r 1  20 53 54 41  
000095r 1  59 20 49 4E  
00009Br 1               S0007:
00009Br 1  46 4F 4C 44  	.byte	$46,$4F,$4C,$44,$20,$20,$2D,$20,$51,$55,$49,$54,$20,$54,$48,$45
00009Fr 1  20 20 2D 20  
0000A3r 1  51 55 49 54  
0000ABr 1  20 48 41 4E  	.byte	$20,$48,$41,$4E,$44,$20,$20,$20,$20,$20,$20,$20,$20,$00
0000AFr 1  44 20 20 20  
0000B3r 1  20 20 20 20  
0000B9r 1               S0008:
0000B9r 1  43 48 45 43  	.byte	$43,$48,$45,$43,$4B,$20,$2D,$20,$46,$52,$45,$45,$20,$50,$41,$53
0000BDr 1  4B 20 2D 20  
0000C1r 1  46 52 45 45  
0000C9r 1  53 20 20 20  	.byte	$53,$20,$20,$20,$20,$20,$20,$20,$20,$20,$20,$20,$20,$00
0000CDr 1  20 20 20 20  
0000D1r 1  20 20 20 20  
0000D7r 1               S0009:
0000D7r 1  42 45 54 20  	.byte	$42,$45,$54,$20,$2F,$20,$2D,$20,$49,$4E,$43,$52,$45,$41,$53,$45
0000DBr 1  2F 20 2D 20  
0000DFr 1  49 4E 43 52  
0000E7r 1  20 42 45 54  	.byte	$20,$42,$45,$54,$2E,$20,$4F,$54,$48,$45,$52,$53,$20,$00
0000EBr 1  2E 20 4F 54  
0000EFr 1  48 45 52 53  
0000F5r 1               S000B:
0000F5r 1  43 41 4C 4C  	.byte	$43,$41,$4C,$4C,$20,$20,$2D,$20,$4D,$41,$54,$43,$48,$20,$54,$48
0000F9r 1  20 20 2D 20  
0000FDr 1  4D 41 54 43  
000105r 1  45 20 43 55  	.byte	$45,$20,$43,$55,$52,$52,$45,$4E,$54,$20,$42,$45,$54,$00
000109r 1  52 52 45 4E  
00010Dr 1  54 20 42 45  
000113r 1               S0002:
000113r 1  48 4F 57 20  	.byte	$48,$4F,$57,$20,$54,$4F,$20,$50,$4C,$41,$59,$20,$35,$20,$43,$41
000117r 1  54 4F 20 50  
00011Br 1  4C 41 59 20  
000123r 1  52 44 20 53  	.byte	$52,$44,$20,$53,$54,$55,$44,$00
000127r 1  54 55 44 00  
00012Br 1               S0019:
00012Br 1  4E 4F 20 54  	.byte	$4E,$4F,$20,$54,$41,$42,$4C,$45,$53,$20,$41,$52,$45,$20,$41,$56
00012Fr 1  41 42 4C 45  
000133r 1  53 20 41 52  
00013Br 1  41 49 4C 41  	.byte	$41,$49,$4C,$41,$42,$4C,$45,$00
00013Fr 1  42 4C 45 00  
000143r 1               S0013:
000143r 1  52 45 46 52  	.byte	$52,$45,$46,$52,$45,$53,$48,$49,$4E,$47,$20,$54,$41,$42,$4C,$45
000147r 1  45 53 48 49  
00014Br 1  4E 47 20 54  
000153r 1  20 4C 49 53  	.byte	$20,$4C,$49,$53,$54,$2E,$2E,$00
000157r 1  54 2E 2E 00  
00015Br 1               S0014:
00015Br 1  43 48 4F 4F  	.byte	$43,$48,$4F,$4F,$53,$45,$20,$41,$20,$54,$41,$42,$4C,$45,$20,$54
00015Fr 1  53 45 20 41  
000163r 1  20 54 41 42  
00016Br 1  4F 20 4A 4F  	.byte	$4F,$20,$4A,$4F,$49,$4E,$00
00016Fr 1  49 4E 00     
000172r 1               S0001:
000172r 1  4C 4F 41 44  	.byte	$4C,$4F,$41,$44,$49,$4E,$47,$20,$49,$4E,$53,$54,$52,$55,$43,$54
000176r 1  49 4E 47 20  
00017Ar 1  49 4E 53 54  
000182r 1  49 4F 4E 53  	.byte	$49,$4F,$4E,$53,$2E,$2E,$00
000186r 1  2E 2E 00     
000189r 1               S001E:
000189r 1  53 45 4C 2B  	.byte	$53,$45,$4C,$2B,$53,$54,$41,$52,$54,$3A,$20,$51,$55,$49,$54,$20
00018Dr 1  53 54 41 52  
000191r 1  54 3A 20 51  
000199r 1  54 41 42 4C  	.byte	$54,$41,$42,$4C,$45,$00
00019Dr 1  45 00        
00019Fr 1               S001D:
00019Fr 1  43 4F 4E 4E  	.byte	$43,$4F,$4E,$4E,$45,$43,$54,$49,$4E,$47,$20,$54,$4F,$20,$53,$45
0001A3r 1  45 43 54 49  
0001A7r 1  4E 47 20 54  
0001AFr 1  52 56 45 52  	.byte	$52,$56,$45,$52,$00
0001B3r 1  00           
0001B4r 1               S000C:
0001B4r 1  50 52 45 53  	.byte	$50,$52,$45,$53,$53,$20,$41,$20,$54,$4F,$20,$43,$4F,$4E,$54,$49
0001B8r 1  53 20 41 20  
0001BCr 1  54 4F 20 43  
0001C4r 1  4E 55 45 00  	.byte	$4E,$55,$45,$00
0001C8r 1               S001F:
0001C8r 1  53 54 41 52  	.byte	$53,$54,$41,$52,$54,$3A,$20,$48,$4F,$57,$20,$54,$4F,$20,$50,$4C
0001CCr 1  54 3A 20 48  
0001D0r 1  4F 57 20 54  
0001D8r 1  41 59 00     	.byte	$41,$59,$00
0001DBr 1               S0010:
0001DBr 1  20 20 20 20  	.byte	$20,$20,$20,$20,$20,$20,$20,$20,$20,$20,$20,$20,$20,$20,$20,$20
0001DFr 1  20 20 20 20  
0001E3r 1  20 20 20 20  
0001EBr 1  20 00        	.byte	$20,$00
0001EDr 1               S000F:
0001EDr 1  45 4E 54 45  	.byte	$45,$4E,$54,$45,$52,$20,$59,$4F,$55,$52,$20,$4E,$41,$4D,$45,$00
0001F1r 1  52 20 59 4F  
0001F5r 1  55 52 20 4E  
0001FDr 1               S0020:
0001FDr 1  42 3A 20 4B  	.byte	$42,$3A,$20,$4B,$45,$45,$50,$20,$50,$4C,$41,$59,$49,$4E,$47,$00
000201r 1  45 45 50 20  
000205r 1  50 4C 41 59  
00020Dr 1               S0021:
00020Dr 1  50 4C 45 41  	.byte	$50,$4C,$45,$41,$53,$45,$20,$57,$41,$49,$54,$00
000211r 1  53 45 20 57  
000215r 1  41 49 54 00  
000219r 1               S0011:
000219r 1  57 45 4C 43  	.byte	$57,$45,$4C,$43,$4F,$4D,$45,$20,$00
00021Dr 1  4F 4D 45 20  
000221r 1  00           
000222r 1               S0012:
000222r 1  26 70 6C 61  	.byte	$26,$70,$6C,$61,$79,$65,$72,$3D,$00
000226r 1  79 65 72 3D  
00022Ar 1  00           
00022Br 1               S0016:
00022Br 1  50 4C 41 59  	.byte	$50,$4C,$41,$59,$45,$52,$53,$00
00022Fr 1  45 52 53 00  
000233r 1               S001C:
000233r 1  3F 74 61 62  	.byte	$3F,$74,$61,$62,$6C,$65,$3D,$00
000237r 1  6C 65 3D 00  
00023Br 1               S0017:
00023Br 1  74 61 62 6C  	.byte	$74,$61,$62,$6C,$65,$73,$00
00023Fr 1  65 73 00     
000242r 1               S0015	:=	S001E+16
000242r 1               S0022:
000242r 1  6C 65 61 76  	.byte	$6C,$65,$61,$76,$65,$00
000246r 1  65 00        
000248r 1               S0006:
000248r 1  4D 4F 56 45  	.byte	$4D,$4F,$56,$45,$53,$00
00024Cr 1  53 00        
00024Er 1               S000D	:=	S0004+29
00024Er 1               S001B	:=	S0004+29
00024Er 1               S0018:
00024Er 1  2A 00        	.byte	$2A,$00
000250r 1               S000E	:=	S0004+29
000250r 1               S0024	:=	S001A+31
000250r 1               S0023	:=	S001A+31
000250r 1               
000250r 1               ; ---------------------------------------------------------------
000250r 1               ; void __near__ resetScreenWithBorder (void)
000250r 1               ; ---------------------------------------------------------------
000250r 1               
000250r 1               .segment	"CODE"
000000r 1               
000000r 1               .proc	_resetScreenWithBorder: near
000000r 1               
000000r 1               .segment	"CODE"
000000r 1               
000000r 1  20 rr rr     	jsr     _resetScreen
000003r 1  4C rr rr     	jmp     _drawBorder
000006r 1               
000006r 1               .endproc
000006r 1               
000006r 1               ; ---------------------------------------------------------------
000006r 1               ; void __near__ showHelpScreen (void)
000006r 1               ; ---------------------------------------------------------------
000006r 1               
000006r 1               .segment	"CODE"
000006r 1               
000006r 1               .proc	_showHelpScreen: near
000006r 1               
000006r 1               .segment	"CODE"
000006r 1               
000006r 1  20 rr rr     	jsr     _enableDoubleBuffer
000009r 1  A9 rr        	lda     #<(S0001)
00000Br 1  A2 rr        	ldx     #>(S0001)
00000Dr 1  20 rr rr     	jsr     _centerStatusText
000010r 1  20 rr rr     	jsr     _drawBuffer
000013r 1  20 rr rr     	jsr     _resetScreenWithBorder
000016r 1  A9 02        	lda     #$02
000018r 1  20 rr rr     	jsr     pusha
00001Br 1  A9 rr        	lda     #<(S0002)
00001Dr 1  A2 rr        	ldx     #>(S0002)
00001Fr 1  20 rr rr     	jsr     _centerText
000022r 1  A9 03        	lda     #$03
000024r 1  8D rr rr     	sta     M0001
000027r 1  EE rr rr     	inc     M0001
00002Ar 1  EE rr rr     	inc     M0001
00002Dr 1  AD rr rr     	lda     M0001
000030r 1  20 rr rr     	jsr     pusha
000033r 1  A9 rr        	lda     #<(S0003)
000035r 1  A2 rr        	ldx     #>(S0003)
000037r 1  20 rr rr     	jsr     _centerText
00003Ar 1  EE rr rr     	inc     M0001
00003Dr 1  AD rr rr     	lda     M0001
000040r 1  20 rr rr     	jsr     pusha
000043r 1  A9 rr        	lda     #<(S0004)
000045r 1  A2 rr        	ldx     #>(S0004)
000047r 1  20 rr rr     	jsr     _centerText
00004Ar 1  EE rr rr     	inc     M0001
00004Dr 1  AD rr rr     	lda     M0001
000050r 1  20 rr rr     	jsr     pusha
000053r 1  A9 rr        	lda     #<(S0005)
000055r 1  A2 rr        	ldx     #>(S0005)
000057r 1  20 rr rr     	jsr     _centerText
00005Ar 1  A9 02        	lda     #$02
00005Cr 1  18           	clc
00005Dr 1  6D rr rr     	adc     M0001
000060r 1  8D rr rr     	sta     M0001
000063r 1  20 rr rr     	jsr     pusha
000066r 1  A9 rr        	lda     #<(S0006)
000068r 1  A2 rr        	ldx     #>(S0006)
00006Ar 1  20 rr rr     	jsr     _centerText
00006Dr 1  EE rr rr     	inc     M0001
000070r 1  EE rr rr     	inc     M0001
000073r 1  AD rr rr     	lda     M0001
000076r 1  20 rr rr     	jsr     pusha
000079r 1  A9 rr        	lda     #<(S0007)
00007Br 1  A2 rr        	ldx     #>(S0007)
00007Dr 1  20 rr rr     	jsr     _centerText
000080r 1  EE rr rr     	inc     M0001
000083r 1  EE rr rr     	inc     M0001
000086r 1  AD rr rr     	lda     M0001
000089r 1  20 rr rr     	jsr     pusha
00008Cr 1  A9 rr        	lda     #<(S0008)
00008Er 1  A2 rr        	ldx     #>(S0008)
000090r 1  20 rr rr     	jsr     _centerText
000093r 1  EE rr rr     	inc     M0001
000096r 1  EE rr rr     	inc     M0001
000099r 1  AD rr rr     	lda     M0001
00009Cr 1  20 rr rr     	jsr     pusha
00009Fr 1  A9 rr        	lda     #<(S0009)
0000A1r 1  A2 rr        	ldx     #>(S0009)
0000A3r 1  20 rr rr     	jsr     _centerText
0000A6r 1  EE rr rr     	inc     M0001
0000A9r 1  AD rr rr     	lda     M0001
0000ACr 1  20 rr rr     	jsr     pusha
0000AFr 1  A9 rr        	lda     #<(S000A)
0000B1r 1  A2 rr        	ldx     #>(S000A)
0000B3r 1  20 rr rr     	jsr     _centerText
0000B6r 1  EE rr rr     	inc     M0001
0000B9r 1  EE rr rr     	inc     M0001
0000BCr 1  AD rr rr     	lda     M0001
0000BFr 1  20 rr rr     	jsr     pusha
0000C2r 1  A9 rr        	lda     #<(S000B)
0000C4r 1  A2 rr        	ldx     #>(S000B)
0000C6r 1  20 rr rr     	jsr     _centerText
0000C9r 1  A9 rr        	lda     #<(S000C)
0000CBr 1  A2 rr        	ldx     #>(S000C)
0000CDr 1  20 rr rr     	jsr     _centerStatusText
0000D0r 1  20 rr rr     	jsr     _drawBuffer
0000D3r 1  20 rr rr     	jsr     _clearCommonInput
0000D6r 1  20 rr rr     L0002:	jsr     _getPlatformKey
0000D9r 1  86 rr        	stx     tmp1
0000DBr 1  05 rr        	ora     tmp1
0000DDr 1  F0 F7        	beq     L0002
0000DFr 1  20 rr rr     	jsr     _resetScreen
0000E2r 1  20 rr rr     	jsr     _drawBuffer
0000E5r 1  A9 01        	lda     #$01
0000E7r 1  8D rr rr     	sta     _redrawGameScreen
0000EAr 1  60           	rts
0000EBr 1               
0000EBr 1               .segment	"BSS"
000000r 1               
000000r 1               M0001:
000000r 1  00           	.res	1,$00
000001r 1               
000001r 1               .endproc
000001r 1               
000001r 1               ; ---------------------------------------------------------------
000001r 1               ; void __near__ welcomeActionVerifyServerDetails (void)
000001r 1               ; ---------------------------------------------------------------
000001r 1               
000001r 1               .segment	"CODE"
0000EBr 1               
0000EBr 1               .proc	_welcomeActionVerifyServerDetails: near
0000EBr 1               
0000EBr 1               .segment	"CODE"
0000EBr 1               
0000EBr 1  A9 01        	lda     #$01
0000EDr 1  20 rr rr     	jsr     pusha0
0000F0r 1  20 rr rr     	jsr     pusha
0000F3r 1  20 rr rr     	jsr     pusha
0000F6r 1  A9 rr        	lda     #<(_tempBuffer)
0000F8r 1  A2 rr        	ldx     #>(_tempBuffer)
0000FAr 1  20 rr rr     	jsr     _read_appkey
0000FDr 1  A9 rr        	lda     #<(_tempBuffer)
0000FFr 1  A2 rr        	ldx     #>(_tempBuffer)
000101r 1  20 rr rr     	jsr     _strlen
000104r 1  8D rr rr     	sta     _i
000107r 1  AD rr rr     	lda     _i
00010Ar 1  F0 3D        	beq     L0004
00010Cr 1  4C rr rr     	jmp     L000A
00010Fr 1  AC rr rr     L0003:	ldy     _i
000112r 1  B9 rr rr     	lda     _tempBuffer,y
000115r 1  C9 3F        	cmp     #$3F
000117r 1  D0 2B        	bne     L000A
000119r 1  A9 rr        	lda     #<(_query)
00011Br 1  A2 rr        	ldx     #>(_query)
00011Dr 1  20 rr rr     	jsr     pushax
000120r 1  A9 rr        	lda     #<(_tempBuffer)
000122r 1  A2 rr        	ldx     #>(_tempBuffer)
000124r 1  18           	clc
000125r 1  6D rr rr     	adc     _i
000128r 1  90 01        	bcc     L0008
00012Ar 1  E8           	inx
00012Br 1  20 rr rr     L0008:	jsr     _strcpy
00012Er 1  AC rr rr     	ldy     _i
000131r 1  A9 00        	lda     #$00
000133r 1  99 rr rr     	sta     _tempBuffer,y
000136r 1  A9 rr        	lda     #<(_serverEndpoint)
000138r 1  A2 rr        	ldx     #>(_serverEndpoint)
00013Ar 1  20 rr rr     	jsr     pushax
00013Dr 1  A9 rr        	lda     #<(_tempBuffer)
00013Fr 1  A2 rr        	ldx     #>(_tempBuffer)
000141r 1  4C rr rr     	jmp     _strcpy
000144r 1  CE rr rr     L000A:	dec     _i
000147r 1  D0 C6        	bne     L0003
000149r 1  60           L0004:	rts
00014Ar 1               
00014Ar 1               .endproc
00014Ar 1               
00014Ar 1               ; ---------------------------------------------------------------
00014Ar 1               ; void __near__ welcomeActionVerifyPlayerName (void)
00014Ar 1               ; ---------------------------------------------------------------
00014Ar 1               
00014Ar 1               .segment	"CODE"
00014Ar 1               
00014Ar 1               .proc	_welcomeActionVerifyPlayerName: near
00014Ar 1               
00014Ar 1               .segment	"CODE"
00014Ar 1               
00014Ar 1  A9 01        	lda     #$01
00014Cr 1  20 rr rr     	jsr     pusha0
00014Fr 1  20 rr rr     	jsr     pusha
000152r 1  A9 00        	lda     #$00
000154r 1  20 rr rr     	jsr     pusha
000157r 1  A9 rr        	lda     #<(_tempBuffer)
000159r 1  A2 rr        	ldx     #>(_tempBuffer)
00015Br 1  20 rr rr     	jsr     _read_appkey
00015Er 1  A9 00        	lda     #$00
000160r 1  8D rr rr     	sta     _tempBuffer+12
000163r 1  AD rr rr     	lda     _tempBuffer
000166r 1  F0 0E        	beq     L0002
000168r 1  A9 rr        	lda     #<(_playerName)
00016Ar 1  A2 rr        	ldx     #>(_playerName)
00016Cr 1  20 rr rr     	jsr     pushax
00016Fr 1  A9 rr        	lda     #<(_tempBuffer)
000171r 1  A2 rr        	ldx     #>(_tempBuffer)
000173r 1  20 rr rr     	jsr     _strcpy
000176r 1  A9 rr        L0002:	lda     #<(_playerName)
000178r 1  A2 rr        	ldx     #>(_playerName)
00017Ar 1  20 rr rr     	jsr     _strlen
00017Dr 1  E0 00        	cpx     #$00
00017Fr 1  D0 07        	bne     L0003
000181r 1  C9 00        	cmp     #$00
000183r 1  D0 03        	bne     L0003
000185r 1  4C rr rr     	jmp     _showPlayerNameScreen
000188r 1  60           L0003:	rts
000189r 1               
000189r 1               .endproc
000189r 1               
000189r 1               ; ---------------------------------------------------------------
000189r 1               ; void __near__ showWelcomeScreen (void)
000189r 1               ; ---------------------------------------------------------------
000189r 1               
000189r 1               .segment	"CODE"
000189r 1               
000189r 1               .proc	_showWelcomeScreen: near
000189r 1               
000189r 1               .segment	"CODE"
000189r 1               
000189r 1  20 rr rr     	jsr     _resetScreenWithBorder
00018Cr 1  20 rr rr     	jsr     _drawLogo
00018Fr 1  20 rr rr     	jsr     _welcomeActionVerifyPlayerName
000192r 1  20 rr rr     	jsr     _welcomeActionVerifyServerDetails
000195r 1  A9 rr        	lda     #<(_tempBuffer)
000197r 1  A2 rr        	ldx     #>(_tempBuffer)
000199r 1  20 rr rr     	jsr     pushax
00019Cr 1  A9 rr        	lda     #<(S0011)
00019Er 1  A2 rr        	ldx     #>(S0011)
0001A0r 1  20 rr rr     	jsr     _strcpy
0001A3r 1  A9 rr        	lda     #<(_tempBuffer)
0001A5r 1  A2 rr        	ldx     #>(_tempBuffer)
0001A7r 1  20 rr rr     	jsr     pushax
0001AAr 1  A9 rr        	lda     #<(_playerName)
0001ACr 1  A2 rr        	ldx     #>(_playerName)
0001AEr 1  20 rr rr     	jsr     _strcat
0001B1r 1  A9 0C        	lda     #$0C
0001B3r 1  20 rr rr     	jsr     pusha
0001B6r 1  A9 rr        	lda     #<(_tempBuffer)
0001B8r 1  A2 rr        	ldx     #>(_tempBuffer)
0001BAr 1  20 rr rr     	jsr     _centerText
0001BDr 1  20 rr rr     	jsr     _drawBuffer
0001C0r 1  A9 2D        	lda     #$2D
0001C2r 1  20 rr rr     	jsr     _pause
0001C5r 1  AD rr rr     	lda     _prefs
0001C8r 1  C9 02        	cmp     #$02
0001CAr 1  F0 0A        	beq     L0003
0001CCr 1  A2 00        	ldx     #$00
0001CEr 1  A9 02        	lda     #$02
0001D0r 1  8D rr rr     	sta     _prefs
0001D3r 1  20 rr rr     	jsr     _savePrefs
0001D6r 1  A9 1E        L0003:	lda     #$1E
0001D8r 1  4C rr rr     	jmp     _pause
0001DBr 1               
0001DBr 1               .endproc
0001DBr 1               
0001DBr 1               ; ---------------------------------------------------------------
0001DBr 1               ; void __near__ tableActionJoinServer (void)
0001DBr 1               ; ---------------------------------------------------------------
0001DBr 1               
0001DBr 1               .segment	"CODE"
0001DBr 1               
0001DBr 1               .proc	_tableActionJoinServer: near
0001DBr 1               
0001DBr 1               .segment	"CODE"
0001DBr 1               
0001DBr 1  20 rr rr     	jsr     _clearGameState
0001DEr 1  A9 rr        	lda     #<(_query)
0001E0r 1  A2 rr        	ldx     #>(_query)
0001E2r 1  20 rr rr     	jsr     pushax
0001E5r 1  A9 rr        	lda     #<(S0012)
0001E7r 1  A2 rr        	ldx     #>(S0012)
0001E9r 1  20 rr rr     	jsr     _strcat
0001ECr 1  A9 rr        	lda     #<(_query)
0001EEr 1  A2 rr        	ldx     #>(_query)
0001F0r 1  20 rr rr     	jsr     pushax
0001F3r 1  A9 rr        	lda     #<(_playerName)
0001F5r 1  A2 rr        	ldx     #>(_playerName)
0001F7r 1  20 rr rr     	jsr     _strcat
0001FAr 1  A9 rr        	lda     #<(_query)
0001FCr 1  A2 rr        	ldx     #>(_query)
0001FEr 1  20 rr rr     	jsr     _strlen
000201r 1  8D rr rr     	sta     _i
000204r 1  4C rr rr     	jmp     L0008
000207r 1  AC rr rr     L0002:	ldy     _i
00020Ar 1  B9 rr rr     	lda     _query,y
00020Dr 1  C9 20        	cmp     #$20
00020Fr 1  D0 08        	bne     L0008
000211r 1  AC rr rr     	ldy     _i
000214r 1  A9 2B        	lda     #$2B
000216r 1  99 rr rr     	sta     _query,y
000219r 1  CE rr rr     L0008:	dec     _i
00021Cr 1  D0 E9        	bne     L0002
00021Er 1  A9 01        	lda     #$01
000220r 1  8D rr rr     	sta     _redrawGameScreen
000223r 1  60           	rts
000224r 1               
000224r 1               .endproc
000224r 1               
000224r 1               ; ---------------------------------------------------------------
000224r 1               ; void __near__ showTableSelectionScreen (void)
000224r 1               ; ---------------------------------------------------------------
000224r 1               
000224r 1               .segment	"CODE"
000224r 1               
000224r 1               .proc	_showTableSelectionScreen: near
000224r 1               
000224r 1               .segment	"CODE"
000224r 1               
000224r 1  A9 00        	lda     #$00
000226r 1  8D rr rr     	sta     M0003
000229r 1  4C rr rr     	jmp     L0031
00022Cr 1  AD rr rr     L0002:	lda     M0003
00022Fr 1  D0 0A        	bne     L0006
000231r 1  A9 rr        	lda     #<(S0013)
000233r 1  A2 rr        	ldx     #>(S0013)
000235r 1  20 rr rr     	jsr     _centerStatusText
000238r 1  20 rr rr     	jsr     _drawBuffer
00023Br 1  20 rr rr     L0006:	jsr     _resetScreenWithBorder
00023Er 1  A9 03        	lda     #$03
000240r 1  20 rr rr     	jsr     pusha
000243r 1  A9 rr        	lda     #<(S0014)
000245r 1  A2 rr        	ldx     #>(S0014)
000247r 1  20 rr rr     	jsr     _centerText
00024Ar 1  A9 03        	lda     #$03
00024Cr 1  20 rr rr     	jsr     pusha
00024Fr 1  A9 05        	lda     #$05
000251r 1  20 rr rr     	jsr     pusha
000254r 1  A9 rr        	lda     #<(S0015)
000256r 1  A2 rr        	ldx     #>(S0015)
000258r 1  20 rr rr     	jsr     _drawText
00025Br 1  A9 16        	lda     #$16
00025Dr 1  20 rr rr     	jsr     pusha
000260r 1  A9 05        	lda     #$05
000262r 1  20 rr rr     	jsr     pusha
000265r 1  A9 rr        	lda     #<(S0016)
000267r 1  A2 rr        	ldx     #>(S0016)
000269r 1  20 rr rr     	jsr     _drawText
00026Cr 1  A9 03        	lda     #$03
00026Er 1  20 rr rr     	jsr     pusha
000271r 1  A9 06        	lda     #$06
000273r 1  20 rr rr     	jsr     pusha
000276r 1  A9 1A        	lda     #$1A
000278r 1  20 rr rr     	jsr     _drawLine
00027Br 1  20 rr rr     	jsr     _drawBuffer
00027Er 1  20 rr rr     	jsr     _waitvsync
000281r 1  AD rr rr     	lda     M0003
000284r 1  D0 07        	bne     L0007
000286r 1  A9 rr        	lda     #<(S0017)
000288r 1  A2 rr        	ldx     #>(S0017)
00028Ar 1  20 rr rr     	jsr     _apiCall
00028Dr 1  A9 00        L0007:	lda     #$00
00028Fr 1  8D rr rr     	sta     M0003
000292r 1  AD rr rr     	lda     _clientState
000295r 1  D0 03 4C rr  	jeq     L0035
000299r 1  rr           
00029Ar 1  A9 00        	lda     #$00
00029Cr 1  8D rr rr     	sta     _i
00029Fr 1  AD rr rr     L0033:	lda     _i
0002A2r 1  CD rr rr     	cmp     _clientState
0002A5r 1  90 03 4C rr  	jcs     L000E
0002A9r 1  rr           
0002AAr 1  AD rr rr     	lda     _i
0002ADr 1  20 rr rr     	jsr     pusha0
0002B0r 1  A9 24        	lda     #$24
0002B2r 1  20 rr rr     	jsr     tosmula0
0002B5r 1  18           	clc
0002B6r 1  69 rr        	adc     #<(_clientState+1)
0002B8r 1  8D rr rr     	sta     M0004
0002BBr 1  8A           	txa
0002BCr 1  69 rr        	adc     #>(_clientState+1)
0002BEr 1  8D rr rr     	sta     M0004+1
0002C1r 1  A9 03        	lda     #$03
0002C3r 1  20 rr rr     	jsr     pusha
0002C6r 1  AD rr rr     	lda     _i
0002C9r 1  0A           	asl     a
0002CAr 1  18           	clc
0002CBr 1  69 07        	adc     #$07
0002CDr 1  20 rr rr     	jsr     pusha
0002D0r 1  AD rr rr     	lda     M0004
0002D3r 1  AE rr rr     	ldx     M0004+1
0002D6r 1  A0 09        	ldy     #$09
0002D8r 1  20 rr rr     	jsr     incaxy
0002DBr 1  20 rr rr     	jsr     _drawText
0002DEr 1  A9 1D        	lda     #$1D
0002E0r 1  20 rr rr     	jsr     pusha0
0002E3r 1  AD rr rr     	lda     M0004
0002E6r 1  AE rr rr     	ldx     M0004+1
0002E9r 1  A0 1E        	ldy     #$1E
0002EBr 1  20 rr rr     	jsr     incaxy
0002EEr 1  20 rr rr     	jsr     _strlen
0002F1r 1  20 rr rr     	jsr     tossubax
0002F4r 1  20 rr rr     	jsr     pusha
0002F7r 1  AD rr rr     	lda     _i
0002FAr 1  0A           	asl     a
0002FBr 1  18           	clc
0002FCr 1  69 07        	adc     #$07
0002FEr 1  20 rr rr     	jsr     pusha
000301r 1  AD rr rr     	lda     M0004
000304r 1  AE rr rr     	ldx     M0004+1
000307r 1  A0 1E        	ldy     #$1E
000309r 1  20 rr rr     	jsr     incaxy
00030Cr 1  20 rr rr     	jsr     _drawText
00030Fr 1  AD rr rr     	lda     M0004
000312r 1  AE rr rr     	ldx     M0004+1
000315r 1  A0 1E        	ldy     #$1E
000317r 1  20 rr rr     	jsr     incaxy
00031Ar 1  85 rr        	sta     ptr1
00031Cr 1  86 rr        	stx     ptr1+1
00031Er 1  A0 00        	ldy     #$00
000320r 1  B1 rr        	lda     (ptr1),y
000322r 1  C9 31        	cmp     #$31
000324r 1  90 2A        	bcc     L0034
000326r 1  A9 1B        	lda     #$1B
000328r 1  20 rr rr     	jsr     pusha0
00032Br 1  AD rr rr     	lda     M0004
00032Er 1  AE rr rr     	ldx     M0004+1
000331r 1  A0 1E        	ldy     #$1E
000333r 1  20 rr rr     	jsr     incaxy
000336r 1  20 rr rr     	jsr     _strlen
000339r 1  20 rr rr     	jsr     tossubax
00033Cr 1  20 rr rr     	jsr     pusha
00033Fr 1  AD rr rr     	lda     _i
000342r 1  0A           	asl     a
000343r 1  18           	clc
000344r 1  69 07        	adc     #$07
000346r 1  20 rr rr     	jsr     pusha
000349r 1  A9 rr        	lda     #<(S0018)
00034Br 1  A2 rr        	ldx     #>(S0018)
00034Dr 1  20 rr rr     	jsr     _drawText
000350r 1  EE rr rr     L0034:	inc     _i
000353r 1  4C rr rr     	jmp     L0033
000356r 1  A9 0C        L0035:	lda     #$0C
000358r 1  20 rr rr     	jsr     pusha
00035Br 1  A9 rr        	lda     #<(S0019)
00035Dr 1  A2 rr        	ldx     #>(S0019)
00035Fr 1  20 rr rr     	jsr     _centerText
000362r 1  A9 rr        L000E:	lda     #<(S001A)
000364r 1  A2 rr        	ldx     #>(S001A)
000366r 1  20 rr rr     	jsr     _drawStatusText
000369r 1  20 rr rr     	jsr     _drawBuffer
00036Cr 1  20 rr rr     	jsr     _disableDoubleBuffer
00036Fr 1  A2 00        	ldx     #$00
000371r 1  8A           	txa
000372r 1  8D rr rr     	sta     M0001
000375r 1  20 rr rr     	jsr     _clearCommonInput
000378r 1  4C rr rr     	jmp     L0027
00037Br 1  20 rr rr     L000F:	jsr     _readCommonInput
00037Er 1  AD rr rr     	lda     _inputKey
000381r 1  C9 68        	cmp     #$68
000383r 1  F0 09        	beq     L0036
000385r 1  C9 48        	cmp     #$48
000387r 1  F0 05        	beq     L0036
000389r 1  A2 00        	ldx     #$00
00038Br 1  4C rr rr     	jmp     L0037
00038Er 1  20 rr rr     L0036:	jsr     _showHelpScreen
000391r 1  4C rr rr     	jmp     L0010
000394r 1  AD rr rr     L0037:	lda     _inputKey
000397r 1  C9 72        	cmp     #$72
000399r 1  F0 04        	beq     L0038
00039Br 1  C9 52        	cmp     #$52
00039Dr 1  D0 05        	bne     L0039
00039Fr 1  A9 01        L0038:	lda     #$01
0003A1r 1  4C rr rr     	jmp     L0010
0003A4r 1  AD rr rr     L0039:	lda     _inputKey
0003A7r 1  C9 63        	cmp     #$63
0003A9r 1  F0 04        	beq     L003A
0003ABr 1  C9 43        	cmp     #$43
0003ADr 1  D0 1D        	bne     L003B
0003AFr 1  A9 01        L003A:	lda     #$01
0003B1r 1  20 rr rr     	jsr     _cycleNextColor
0003B4r 1  18           	clc
0003B5r 1  69 01        	adc     #$01
0003B7r 1  A2 00        	ldx     #$00
0003B9r 1  8D rr rr     	sta     _prefs+1
0003BCr 1  20 rr rr     	jsr     _savePrefs
0003BFr 1  20 rr rr     	jsr     _enableDoubleBuffer
0003C2r 1  A2 00        	ldx     #$00
0003C4r 1  A9 01        	lda     #$01
0003C6r 1  8D rr rr     	sta     M0003
0003C9r 1  4C rr rr     	jmp     L0010
0003CCr 1  AD rr rr     L003B:	lda     _inputKey
0003CFr 1  C9 6E        	cmp     #$6E
0003D1r 1  F0 04        	beq     L003C
0003D3r 1  C9 4E        	cmp     #$4E
0003D5r 1  D0 06        	bne     L003D
0003D7r 1  20 rr rr     L003C:	jsr     _showPlayerNameScreen
0003DAr 1  4C rr rr     	jmp     L0010
0003DDr 1  AD rr rr     L003D:	lda     _inputKey
0003E0r 1  C9 71        	cmp     #$71
0003E2r 1  F0 04        	beq     L003E
0003E4r 1  C9 51        	cmp     #$51
0003E6r 1  D0 05        	bne     L003F
0003E8r 1  A9 01        L003E:	lda     #$01
0003EAr 1  20 rr rr     	jsr     _quit
0003EDr 1  AD rr rr     L003F:	lda     _clientState
0003F0r 1  F0 5B        	beq     L0027
0003F2r 1  AD rr rr     	lda     M0001
0003F5r 1  F0 05        	beq     L0045
0003F7r 1  AD rr rr     	lda     _inputDirY
0003FAr 1  F0 51        	beq     L0027
0003FCr 1  A9 02        L0045:	lda     #$02
0003FEr 1  20 rr rr     	jsr     pusha
000401r 1  AD rr rr     	lda     M0002
000404r 1  0A           	asl     a
000405r 1  18           	clc
000406r 1  69 07        	adc     #$07
000408r 1  20 rr rr     	jsr     pusha
00040Br 1  A9 rr        	lda     #<(S001B)
00040Dr 1  A2 rr        	ldx     #>(S001B)
00040Fr 1  20 rr rr     	jsr     _drawText
000412r 1  AD rr rr     	lda     _inputDirY
000415r 1  18           	clc
000416r 1  6D rr rr     	adc     M0002
000419r 1  8D rr rr     	sta     M0002
00041Cr 1  C9 FF        	cmp     #$FF
00041Er 1  D0 09        	bne     L0048
000420r 1  AD rr rr     	lda     _clientState
000423r 1  38           	sec
000424r 1  E9 01        	sbc     #$01
000426r 1  4C rr rr     	jmp     L0032
000429r 1  AD rr rr     L0048:	lda     M0002
00042Cr 1  CD rr rr     	cmp     _clientState
00042Fr 1  90 05        	bcc     L0049
000431r 1  A9 00        	lda     #$00
000433r 1  8D rr rr     L0032:	sta     M0002
000436r 1  A9 02        L0049:	lda     #$02
000438r 1  20 rr rr     	jsr     pusha
00043Br 1  AD rr rr     	lda     M0002
00043Er 1  0A           	asl     a
00043Fr 1  18           	clc
000440r 1  69 07        	adc     #$07
000442r 1  20 rr rr     	jsr     _drawChip
000445r 1  20 rr rr     	jsr     _soundCursor
000448r 1  A9 01        	lda     #$01
00044Ar 1  8D rr rr     	sta     M0001
00044Dr 1  AD rr rr     L0027:	lda     _inputTrigger
000450r 1  F0 0B        	beq     L0012
000452r 1  AD rr rr     	lda     _clientState
000455r 1  F0 06        	beq     L0012
000457r 1  A2 00        	ldx     #$00
000459r 1  8A           	txa
00045Ar 1  4C rr rr     	jmp     L0010
00045Dr 1  AA           L0012:	tax
00045Er 1  A9 01        	lda     #$01
000460r 1  4C rr rr     	jmp     L000F
000463r 1  20 rr rr     L0010:	jsr     _enableDoubleBuffer
000466r 1  AD rr rr     	lda     _inputTrigger
000469r 1  D0 03 4C rr  	jeq     L0031
00046Dr 1  rr           
00046Er 1  20 rr rr     	jsr     _soundSelectMove
000471r 1  20 rr rr     	jsr     _resetScreenWithBorder
000474r 1  20 rr rr     	jsr     _clearStatusBar
000477r 1  A9 0C        	lda     #$0C
000479r 1  20 rr rr     	jsr     pusha
00047Cr 1  AD rr rr     	lda     M0002
00047Fr 1  20 rr rr     	jsr     pusha0
000482r 1  A9 24        	lda     #$24
000484r 1  20 rr rr     	jsr     tosmula0
000487r 1  18           	clc
000488r 1  69 rr        	adc     #<(_clientState+1)
00048Ar 1  A8           	tay
00048Br 1  8A           	txa
00048Cr 1  69 rr        	adc     #>(_clientState+1)
00048Er 1  AA           	tax
00048Fr 1  98           	tya
000490r 1  A0 09        	ldy     #$09
000492r 1  20 rr rr     	jsr     incaxy
000495r 1  20 rr rr     	jsr     _centerText
000498r 1  A9 rr        	lda     #<(_query)
00049Ar 1  A2 rr        	ldx     #>(_query)
00049Cr 1  20 rr rr     	jsr     pushax
00049Fr 1  A9 rr        	lda     #<(S001C)
0004A1r 1  A2 rr        	ldx     #>(S001C)
0004A3r 1  20 rr rr     	jsr     _strcpy
0004A6r 1  A9 rr        	lda     #<(_query)
0004A8r 1  A2 rr        	ldx     #>(_query)
0004AAr 1  20 rr rr     	jsr     pushax
0004ADr 1  AD rr rr     	lda     M0002
0004B0r 1  20 rr rr     	jsr     pusha0
0004B3r 1  A9 24        	lda     #$24
0004B5r 1  20 rr rr     	jsr     tosmula0
0004B8r 1  18           	clc
0004B9r 1  69 rr        	adc     #<(_clientState+1)
0004BBr 1  A8           	tay
0004BCr 1  8A           	txa
0004BDr 1  69 rr        	adc     #>(_clientState+1)
0004BFr 1  AA           	tax
0004C0r 1  98           	tya
0004C1r 1  20 rr rr     	jsr     _strcat
0004C4r 1  A9 rr        	lda     #<(_tempBuffer)
0004C6r 1  A2 rr        	ldx     #>(_tempBuffer)
0004C8r 1  20 rr rr     	jsr     pushax
0004CBr 1  A9 rr        	lda     #<(_serverEndpoint)
0004CDr 1  A2 rr        	ldx     #>(_serverEndpoint)
0004CFr 1  20 rr rr     	jsr     _strcpy
0004D2r 1  A9 rr        	lda     #<(_tempBuffer)
0004D4r 1  A2 rr        	ldx     #>(_tempBuffer)
0004D6r 1  20 rr rr     	jsr     pushax
0004D9r 1  A9 rr        	lda     #<(_query)
0004DBr 1  A2 rr        	ldx     #>(_query)
0004DDr 1  20 rr rr     	jsr     _strcat
0004E0r 1  A9 01        	lda     #$01
0004E2r 1  20 rr rr     	jsr     pusha0
0004E5r 1  20 rr rr     	jsr     pusha
0004E8r 1  20 rr rr     	jsr     pusha
0004EBr 1  A9 rr        	lda     #<(_tempBuffer)
0004EDr 1  A2 rr        	ldx     #>(_tempBuffer)
0004EFr 1  20 rr rr     	jsr     _write_appkey
0004F2r 1  A9 rr        L0031:	lda     #<(_query)
0004F4r 1  A2 rr        	ldx     #>(_query)
0004F6r 1  20 rr rr     	jsr     _strlen
0004F9r 1  E0 00        	cpx     #$00
0004FBr 1  D0 07        	bne     L004A
0004FDr 1  C9 00        	cmp     #$00
0004FFr 1  D0 03 4C rr  	jeq     L0002
000503r 1  rr           
000504r 1  A9 11        L004A:	lda     #$11
000506r 1  20 rr rr     	jsr     pusha
000509r 1  A9 rr        	lda     #<(S001D)
00050Br 1  A2 rr        	ldx     #>(S001D)
00050Dr 1  20 rr rr     	jsr     _centerText
000510r 1  20 rr rr     	jsr     _drawBuffer
000513r 1  A9 13        	lda     #$13
000515r 1  20 rr rr     	jsr     _progressAnim
000518r 1  4C rr rr     	jmp     _tableActionJoinServer
00051Br 1               
00051Br 1               .segment	"DATA"
000001r 1               
000001r 1               M0002:
000001r 1  00           	.byte	$00
000002r 1               
000002r 1               .segment	"BSS"
000001r 1               
000001r 1               M0001:
000001r 1  00           	.res	1,$00
000002r 1               M0003:
000002r 1  00           	.res	1,$00
000003r 1               M0004:
000003r 1  00 00        	.res	2,$00
000005r 1               
000005r 1               .endproc
000005r 1               
000005r 1               ; ---------------------------------------------------------------
000005r 1               ; void __near__ showGameScreen (void)
000005r 1               ; ---------------------------------------------------------------
000005r 1               
000005r 1               .segment	"CODE"
00051Br 1               
00051Br 1               .proc	_showGameScreen: near
00051Br 1               
00051Br 1               .segment	"CODE"
00051Br 1               
00051Br 1  20 rr rr     	jsr     _checkIfSpectatorStatusChanged
00051Er 1  20 rr rr     	jsr     _checkIfPlayerCountChanged
000521r 1  20 rr rr     	jsr     _animateChipsToPotOnRoundEnd
000524r 1  20 rr rr     	jsr     _checkFinalFlip
000527r 1  AD rr rr     	lda     _redrawGameScreen
00052Ar 1  F0 03        	beq     L0002
00052Cr 1  20 rr rr     	jsr     _resetScreen
00052Fr 1  20 rr rr     L0002:	jsr     _resetStateIfNewGame
000532r 1  20 rr rr     	jsr     _drawPot
000535r 1  AD rr rr     	lda     _clientState+153
000538r 1  C9 02        	cmp     #$02
00053Ar 1  A9 00        	lda     #$00
00053Cr 1  AA           	tax
00053Dr 1  2A           	rol     a
00053Er 1  F0 13        	beq     L0004
000540r 1  20 rr rr     	jsr     _drawNamePurse
000543r 1  20 rr rr     	jsr     _drawBets
000546r 1  A2 00        	ldx     #$00
000548r 1  AD rr rr     	lda     _clientState+81
00054Br 1  C9 05        	cmp     #$05
00054Dr 1  B0 04        	bcs     L0004
00054Fr 1  8A           	txa
000550r 1  20 rr rr     	jsr     _drawCards
000553r 1  20 rr rr     L0004:	jsr     _drawGameStatus
000556r 1  20 rr rr     	jsr     _drawBuffer
000559r 1  20 rr rr     	jsr     _highlightActivePlayer
00055Cr 1  A9 00        	lda     #$00
00055Er 1  8D rr rr     	sta     _redrawGameScreen
000561r 1  AD rr rr     	lda     _clientState+81
000564r 1  8D rr rr     	sta     _prevRound
000567r 1  60           	rts
000568r 1               
000568r 1               .endproc
000568r 1               
000568r 1               ; ---------------------------------------------------------------
000568r 1               ; void __near__ showInGameMenuScreen (void)
000568r 1               ; ---------------------------------------------------------------
000568r 1               
000568r 1               .segment	"CODE"
000568r 1               
000568r 1               .proc	_showInGameMenuScreen: near
000568r 1               
000568r 1               .segment	"CODE"
000568r 1               
000568r 1  A9 00        	lda     #$00
00056Ar 1  20 rr rr     	jsr     pusha
00056Dr 1  20 rr rr     	jsr     pusha
000570r 1  20 rr rr     	jsr     _hideLine
000573r 1  A2 00        	ldx     #$00
000575r 1  A9 01        	lda     #$01
000577r 1  8D rr rr     	sta     _i
00057Ar 1  4C rr rr     	jmp     L0006
00057Dr 1  20 rr rr     L0002:	jsr     _enableDoubleBuffer
000580r 1  20 rr rr     	jsr     _clearStatusBar
000583r 1  20 rr rr     	jsr     _resetScreenWithBorder
000586r 1  20 rr rr     	jsr     _drawBuffer
000589r 1  A9 07        	lda     #$07
00058Br 1  8D rr rr     	sta     _x
00058Er 1  A9 09        	lda     #$09
000590r 1  8D rr rr     	sta     _y
000593r 1  AD rr rr     	lda     _x
000596r 1  38           	sec
000597r 1  E9 03        	sbc     #$03
000599r 1  20 rr rr     	jsr     pusha
00059Cr 1  AD rr rr     	lda     _y
00059Fr 1  38           	sec
0005A0r 1  E9 02        	sbc     #$02
0005A2r 1  20 rr rr     	jsr     pusha
0005A5r 1  A9 16        	lda     #$16
0005A7r 1  20 rr rr     	jsr     pusha
0005AAr 1  A9 09        	lda     #$09
0005ACr 1  20 rr rr     	jsr     _drawBox
0005AFr 1  AD rr rr     	lda     _x
0005B2r 1  20 rr rr     	jsr     pusha
0005B5r 1  AD rr rr     	lda     _y
0005B8r 1  20 rr rr     	jsr     pusha
0005BBr 1  A9 rr        	lda     #<(S001E)
0005BDr 1  A2 rr        	ldx     #>(S001E)
0005BFr 1  20 rr rr     	jsr     _drawText
0005C2r 1  AD rr rr     	lda     _x
0005C5r 1  20 rr rr     	jsr     pusha
0005C8r 1  A9 02        	lda     #$02
0005CAr 1  18           	clc
0005CBr 1  6D rr rr     	adc     _y
0005CEr 1  8D rr rr     	sta     _y
0005D1r 1  20 rr rr     	jsr     pusha
0005D4r 1  A9 rr        	lda     #<(S001F)
0005D6r 1  A2 rr        	ldx     #>(S001F)
0005D8r 1  20 rr rr     	jsr     _drawText
0005DBr 1  AD rr rr     	lda     _x
0005DEr 1  20 rr rr     	jsr     pusha
0005E1r 1  A9 02        	lda     #$02
0005E3r 1  18           	clc
0005E4r 1  6D rr rr     	adc     _y
0005E7r 1  8D rr rr     	sta     _y
0005EAr 1  20 rr rr     	jsr     pusha
0005EDr 1  A9 rr        	lda     #<(S0020)
0005EFr 1  A2 rr        	ldx     #>(S0020)
0005F1r 1  20 rr rr     	jsr     _drawText
0005F4r 1  20 rr rr     	jsr     _drawBuffer
0005F7r 1  20 rr rr     	jsr     _clearCommonInput
0005FAr 1  A2 00        	ldx     #$00
0005FCr 1  A9 01        	lda     #$01
0005FEr 1  8D rr rr     	sta     _i
000601r 1  4C rr rr     	jmp     L0013
000604r 1  20 rr rr     L0005:	jsr     _readCommonInput
000607r 1  A2 00        	ldx     #$00
000609r 1  AD rr rr     	lda     _inputKey
00060Cr 1  C9 03        	cmp     #$03
00060Er 1  F0 3C        	beq     L0012
000610r 1  C9 1B        	cmp     #$1B
000612r 1  F0 38        	beq     L0012
000614r 1  C9 43        	cmp     #$43
000616r 1  F0 17        	beq     L000A
000618r 1  C9 48        	cmp     #$48
00061Ar 1  F0 2B        	beq     L000C
00061Cr 1  C9 51        	cmp     #$51
00061Er 1  F0 32        	beq     L0010
000620r 1  C9 63        	cmp     #$63
000622r 1  F0 0B        	beq     L000A
000624r 1  C9 68        	cmp     #$68
000626r 1  F0 1F        	beq     L000C
000628r 1  C9 71        	cmp     #$71
00062Ar 1  F0 26        	beq     L0010
00062Cr 1  4C rr rr     	jmp     L0013
00062Fr 1  20 rr rr     L000A:	jsr     _cycleNextColor
000632r 1  18           	clc
000633r 1  69 01        	adc     #$01
000635r 1  A2 00        	ldx     #$00
000637r 1  8D rr rr     	sta     _prefs+1
00063Ar 1  20 rr rr     	jsr     _savePrefs
00063Dr 1  A2 00        	ldx     #$00
00063Fr 1  A9 02        	lda     #$02
000641r 1  8D rr rr     	sta     _i
000644r 1  4C rr rr     	jmp     L0013
000647r 1  20 rr rr     L000C:	jsr     _showHelpScreen
00064Ar 1  A2 00        	ldx     #$00
00064Cr 1  8E rr rr     L0012:	stx     _i
00064Fr 1  4C rr rr     	jmp     L0013
000652r 1  20 rr rr     L0010:	jsr     _resetScreenWithBorder
000655r 1  A9 0A        	lda     #$0A
000657r 1  20 rr rr     	jsr     pusha
00065Ar 1  A9 rr        	lda     #<(S0021)
00065Cr 1  A2 rr        	ldx     #>(S0021)
00065Er 1  20 rr rr     	jsr     _centerText
000661r 1  20 rr rr     	jsr     _drawBuffer
000664r 1  A9 rr        	lda     #<(S0022)
000666r 1  A2 rr        	ldx     #>(S0022)
000668r 1  20 rr rr     	jsr     _apiCall
00066Br 1  A9 0C        	lda     #$0C
00066Dr 1  20 rr rr     	jsr     _progressAnim
000670r 1  A9 01        	lda     #$01
000672r 1  20 rr rr     	jsr     pusha0
000675r 1  20 rr rr     	jsr     pusha
000678r 1  20 rr rr     	jsr     pusha
00067Br 1  A9 rr        	lda     #<(S0023)
00067Dr 1  A2 rr        	ldx     #>(S0023)
00067Fr 1  20 rr rr     	jsr     _write_appkey
000682r 1  20 rr rr     	jsr     _clearCommonInput
000685r 1  A9 rr        	lda     #<(_query)
000687r 1  A2 rr        	ldx     #>(_query)
000689r 1  20 rr rr     	jsr     pushax
00068Cr 1  A9 rr        	lda     #<(S0024)
00068Er 1  A2 rr        	ldx     #>(S0024)
000690r 1  20 rr rr     	jsr     _strcpy
000693r 1  4C rr rr     	jmp     _showTableSelectionScreen
000696r 1  AD rr rr     L0013:	lda     _i
000699r 1  C9 01        	cmp     #$01
00069Br 1  D0 03 4C rr  	jeq     L0005
00069Fr 1  rr           
0006A0r 1  AD rr rr     L0006:	lda     _i
0006A3r 1  F0 03 4C rr  	jne     L0002
0006A7r 1  rr           
0006A8r 1  A9 01        	lda     #$01
0006AAr 1  8D rr rr     	sta     _redrawGameScreen
0006ADr 1  20 rr rr     	jsr     _resetScreen
0006B0r 1  20 rr rr     	jsr     _drawBuffer
0006B3r 1  20 rr rr     	jsr     _showGameScreen
0006B6r 1  4C rr rr     	jmp     _clearCommonInput
0006B9r 1               
0006B9r 1               .endproc
0006B9r 1               
0006B9r 1               ; ---------------------------------------------------------------
0006B9r 1               ; void __near__ showPlayerNameScreen (void)
0006B9r 1               ; ---------------------------------------------------------------
0006B9r 1               
0006B9r 1               .segment	"CODE"
0006B9r 1               
0006B9r 1               .proc	_showPlayerNameScreen: near
0006B9r 1               
0006B9r 1               .segment	"CODE"
0006B9r 1               
0006B9r 1  20 rr rr     	jsr     _enableDoubleBuffer
0006BCr 1  20 rr rr     	jsr     _resetScreenWithBorder
0006BFr 1  20 rr rr     	jsr     _clearStatusBar
0006C2r 1  20 rr rr     	jsr     _drawLogo
0006C5r 1  20 rr rr     	jsr     _drawBuffer
0006C8r 1  20 rr rr     	jsr     _disableDoubleBuffer
0006CBr 1  A9 0C        	lda     #$0C
0006CDr 1  20 rr rr     	jsr     pusha
0006D0r 1  A9 rr        	lda     #<(S000F)
0006D2r 1  A2 rr        	ldx     #>(S000F)
0006D4r 1  20 rr rr     	jsr     _centerText
0006D7r 1  A9 0B        	lda     #$0B
0006D9r 1  20 rr rr     	jsr     pusha
0006DCr 1  A9 0E        	lda     #$0E
0006DEr 1  20 rr rr     	jsr     pusha
0006E1r 1  A9 09        	lda     #$09
0006E3r 1  20 rr rr     	jsr     pusha
0006E6r 1  A9 01        	lda     #$01
0006E8r 1  20 rr rr     	jsr     _drawBox
0006EBr 1  A9 0C        	lda     #$0C
0006EDr 1  20 rr rr     	jsr     pusha
0006F0r 1  A9 0F        	lda     #$0F
0006F2r 1  20 rr rr     	jsr     pusha
0006F5r 1  A9 rr        	lda     #<(_playerName)
0006F7r 1  A2 rr        	ldx     #>(_playerName)
0006F9r 1  20 rr rr     	jsr     _drawText
0006FCr 1  A9 rr        	lda     #<(_playerName)
0006FEr 1  A2 rr        	ldx     #>(_playerName)
000700r 1  20 rr rr     	jsr     _strlen
000703r 1  A2 00        	ldx     #$00
000705r 1  8D rr rr     	sta     _i
000708r 1  20 rr rr     	jsr     _clearCommonInput
00070Br 1  A9 0C        	lda     #$0C
00070Dr 1  20 rr rr     	jsr     pusha
000710r 1  A9 0F        	lda     #$0F
000712r 1  20 rr rr     	jsr     pusha
000715r 1  A9 08        	lda     #$08
000717r 1  20 rr rr     	jsr     pusha
00071Ar 1  A9 rr        	lda     #<(_playerName)
00071Cr 1  A2 rr        	ldx     #>(_playerName)
00071Er 1  20 rr rr     	jsr     _platformNameEntry
000721r 1  20 rr rr     	jsr     _enableDoubleBuffer
000724r 1  A9 0C        	lda     #$0C
000726r 1  8D rr rr     	sta     _y
000729r 1  A2 00        	ldx     #$00
00072Br 1  AD rr rr     L0006:	lda     _y
00072Er 1  C9 11        	cmp     #$11
000730r 1  B0 12        	bcs     L0003
000732r 1  20 rr rr     	jsr     pusha
000735r 1  A9 rr        	lda     #<(S0010)
000737r 1  A2 rr        	ldx     #>(S0010)
000739r 1  20 rr rr     	jsr     _centerText
00073Cr 1  A2 00        	ldx     #$00
00073Er 1  EE rr rr     	inc     _y
000741r 1  4C rr rr     	jmp     L0006
000744r 1  20 rr rr     L0003:	jsr     _drawBuffer
000747r 1  A9 01        	lda     #$01
000749r 1  20 rr rr     	jsr     pusha0
00074Cr 1  20 rr rr     	jsr     pusha
00074Fr 1  A9 00        	lda     #$00
000751r 1  20 rr rr     	jsr     pusha
000754r 1  A9 rr        	lda     #<(_playerName)
000756r 1  A2 rr        	ldx     #>(_playerName)
000758r 1  4C rr rr     	jmp     _write_appkey
00075Br 1               
00075Br 1               .endproc
00075Br 1               
00075Br 1               ; ---------------------------------------------------------------
00075Br 1               ; unsigned char __near__ inputFieldCycle (unsigned char x, unsigned char y, unsigned char max, char *buffer)
00075Br 1               ; ---------------------------------------------------------------
00075Br 1               
00075Br 1               .segment	"CODE"
00075Br 1               
00075Br 1               .proc	_inputFieldCycle: near
00075Br 1               
00075Br 1               .segment	"CODE"
00075Br 1               
00075Br 1  20 rr rr     	jsr     pushax
00075Er 1  AD rr rr     	lda     M0001
000761r 1  C9 01        	cmp     #$01
000763r 1  F0 09        	beq     L002D
000765r 1  AD rr rr     	lda     M0003
000768r 1  A0 03        	ldy     #$03
00076Ar 1  D1 rr        	cmp     (c_sp),y
00076Cr 1  F0 3D        	beq     L0002
00076Er 1  A9 00        L002D:	lda     #$00
000770r 1  8D rr rr     	sta     M0001
000773r 1  A0 03        	ldy     #$03
000775r 1  B1 rr        	lda     (c_sp),y
000777r 1  8D rr rr     	sta     M0003
00077Ar 1  20 rr rr     	jsr     ldax0sp
00077Dr 1  20 rr rr     	jsr     _strlen
000780r 1  8D rr rr     	sta     M0002
000783r 1  A0 04        	ldy     #$04
000785r 1  B1 rr        	lda     (c_sp),y
000787r 1  20 rr rr     	jsr     pusha
00078Ar 1  A0 04        	ldy     #$04
00078Cr 1  B1 rr        	lda     (c_sp),y
00078Er 1  20 rr rr     	jsr     pusha
000791r 1  A0 03        	ldy     #$03
000793r 1  20 rr rr     	jsr     ldaxysp
000796r 1  20 rr rr     	jsr     _drawText
000799r 1  A0 04        	ldy     #$04
00079Br 1  B1 rr        	lda     (c_sp),y
00079Dr 1  18           	clc
00079Er 1  6D rr rr     	adc     M0002
0007A1r 1  20 rr rr     	jsr     pusha
0007A4r 1  A0 04        	ldy     #$04
0007A6r 1  B1 rr        	lda     (c_sp),y
0007A8r 1  20 rr rr     	jsr     _drawChip
0007ABr 1  20 rr rr     L0002:	jsr     _getPlatformKey
0007AEr 1  A2 00        	ldx     #$00
0007B0r 1  8D rr rr     	sta     _inputKey
0007B3r 1  AD rr rr     	lda     _inputKey
0007B6r 1  D0 03 4C rr  	jeq     L0001
0007BAr 1  rr           
0007BBr 1  8A           	txa
0007BCr 1  8D rr rr     	sta     M0001
0007BFr 1  20 rr rr     	jsr     _disableDoubleBuffer
0007C2r 1  AD rr rr     	lda     _inputKey
0007C5r 1  C9 0D        	cmp     #$0D
0007C7r 1  D0 2B        	bne     L0030
0007C9r 1  AD rr rr     	lda     M0002
0007CCr 1  C9 02        	cmp     #$02
0007CEr 1  90 24        	bcc     L0030
0007D0r 1  A9 01        	lda     #$01
0007D2r 1  8D rr rr     	sta     M0001
0007D5r 1  A0 04        	ldy     #$04
0007D7r 1  B1 rr        	lda     (c_sp),y
0007D9r 1  18           	clc
0007DAr 1  69 01        	adc     #$01
0007DCr 1  18           	clc
0007DDr 1  6D rr rr     	adc     _i
0007E0r 1  20 rr rr     	jsr     pusha
0007E3r 1  A0 04        	ldy     #$04
0007E5r 1  B1 rr        	lda     (c_sp),y
0007E7r 1  20 rr rr     	jsr     pusha
0007EAr 1  A9 rr        	lda     #<(S000D)
0007ECr 1  A2 rr        	ldx     #>(S000D)
0007EEr 1  20 rr rr     	jsr     _drawText
0007F1r 1  4C rr rr     	jmp     L0010
0007F4r 1  AD rr rr     L0030:	lda     _inputKey
0007F7r 1  C9 08        	cmp     #$08
0007F9r 1  D0 3D        	bne     L0033
0007FBr 1  AD rr rr     	lda     M0002
0007FEr 1  F0 38        	beq     L0033
000800r 1  A2 00        	ldx     #$00
000802r 1  CE rr rr     	dec     M0002
000805r 1  AD rr rr     	lda     M0002
000808r 1  18           	clc
000809r 1  A0 00        	ldy     #$00
00080Br 1  71 rr        	adc     (c_sp),y
00080Dr 1  85 rr        	sta     ptr1
00080Fr 1  8A           	txa
000810r 1  C8           	iny
000811r 1  71 rr        	adc     (c_sp),y
000813r 1  85 rr        	sta     ptr1+1
000815r 1  8A           	txa
000816r 1  88           	dey
000817r 1  91 rr        	sta     (ptr1),y
000819r 1  A0 04        	ldy     #$04
00081Br 1  B1 rr        	lda     (c_sp),y
00081Dr 1  18           	clc
00081Er 1  69 01        	adc     #$01
000820r 1  18           	clc
000821r 1  6D rr rr     	adc     M0002
000824r 1  20 rr rr     	jsr     pusha
000827r 1  A0 04        	ldy     #$04
000829r 1  B1 rr        	lda     (c_sp),y
00082Br 1  20 rr rr     	jsr     pusha
00082Er 1  A9 rr        	lda     #<(S000E)
000830r 1  A2 rr        	ldx     #>(S000E)
000832r 1  20 rr rr     	jsr     _drawText
000835r 1  4C rr rr     	jmp     L0010
000838r 1  AD rr rr     L0033:	lda     M0002
00083Br 1  A0 02        	ldy     #$02
00083Dr 1  D1 rr        	cmp     (c_sp),y
00083Fr 1  B0 51        	bcs     L0010
000841r 1  AD rr rr     	lda     M0002
000844r 1  F0 07        	beq     L0037
000846r 1  AD rr rr     	lda     _inputKey
000849r 1  C9 20        	cmp     #$20
00084Br 1  F0 21        	beq     L004A
00084Dr 1  AD rr rr     L0037:	lda     _inputKey
000850r 1  C9 61        	cmp     #$61
000852r 1  90 04        	bcc     L003B
000854r 1  C9 7B        	cmp     #$7B
000856r 1  90 16        	bcc     L004A
000858r 1  AD rr rr     L003B:	lda     _inputKey
00085Br 1  C9 30        	cmp     #$30
00085Dr 1  90 04        	bcc     L003F
00085Fr 1  C9 3A        	cmp     #$3A
000861r 1  90 0B        	bcc     L004A
000863r 1  AD rr rr     L003F:	lda     _inputKey
000866r 1  C9 41        	cmp     #$41
000868r 1  90 28        	bcc     L0010
00086Ar 1  C9 5B        	cmp     #$5B
00086Cr 1  B0 24        	bcs     L0010
00086Er 1  20 rr rr     L004A:	jsr     ldptr10sp
000871r 1  AC rr rr     	ldy     M0002
000874r 1  AD rr rr     	lda     _inputKey
000877r 1  91 rr        	sta     (ptr1),y
000879r 1  A2 00        	ldx     #$00
00087Br 1  EE rr rr     	inc     M0002
00087Er 1  AD rr rr     	lda     M0002
000881r 1  18           	clc
000882r 1  A0 00        	ldy     #$00
000884r 1  71 rr        	adc     (c_sp),y
000886r 1  85 rr        	sta     ptr1
000888r 1  8A           	txa
000889r 1  C8           	iny
00088Ar 1  71 rr        	adc     (c_sp),y
00088Cr 1  85 rr        	sta     ptr1+1
00088Er 1  8A           	txa
00088Fr 1  88           	dey
000890r 1  91 rr        	sta     (ptr1),y
000892r 1  A0 04        L0010:	ldy     #$04
000894r 1  B1 rr        	lda     (c_sp),y
000896r 1  20 rr rr     	jsr     pusha
000899r 1  A0 04        	ldy     #$04
00089Br 1  B1 rr        	lda     (c_sp),y
00089Dr 1  20 rr rr     	jsr     pusha
0008A0r 1  A0 03        	ldy     #$03
0008A2r 1  20 rr rr     	jsr     ldaxysp
0008A5r 1  20 rr rr     	jsr     _drawText
0008A8r 1  A0 04        	ldy     #$04
0008AAr 1  B1 rr        	lda     (c_sp),y
0008ACr 1  18           	clc
0008ADr 1  6D rr rr     	adc     M0002
0008B0r 1  20 rr rr     	jsr     pusha
0008B3r 1  A0 04        	ldy     #$04
0008B5r 1  B1 rr        	lda     (c_sp),y
0008B7r 1  20 rr rr     	jsr     _drawChip
0008BAr 1  AD rr rr     	lda     M0001
0008BDr 1  C9 01        	cmp     #$01
0008BFr 1  20 rr rr     	jsr     booleq
0008C2r 1  4C rr rr     L0001:	jmp     incsp5
0008C5r 1               
0008C5r 1               .segment	"BSS"
000005r 1               
000005r 1               M0001:
000005r 1  00           	.res	1,$00
000006r 1               M0002:
000006r 1  00           	.res	1,$00
000007r 1               M0003:
000007r 1  00           	.res	1,$00
000008r 1               
000008r 1               .endproc
000008r 1               
000008r 1               ; ---------------------------------------------------------------
000008r 1               ; void __near__ centerStatusText (const char *text)
000008r 1               ; ---------------------------------------------------------------
000008r 1               
000008r 1               .segment	"CODE"
0008C5r 1               
0008C5r 1               .proc	_centerStatusText: near
0008C5r 1               
0008C5r 1               .segment	"CODE"
0008C5r 1               
0008C5r 1  20 rr rr     	jsr     pushax
0008C8r 1  20 rr rr     	jsr     _clearStatusBar
0008CBr 1  A9 20        	lda     #$20
0008CDr 1  20 rr rr     	jsr     pusha0
0008D0r 1  A0 03        	ldy     #$03
0008D2r 1  20 rr rr     	jsr     ldaxysp
0008D5r 1  20 rr rr     	jsr     _strlen
0008D8r 1  20 rr rr     	jsr     tossubax
0008DBr 1  20 rr rr     	jsr     shrax1
0008DEr 1  20 rr rr     	jsr     pusha
0008E1r 1  A0 02        	ldy     #$02
0008E3r 1  20 rr rr     	jsr     ldaxysp
0008E6r 1  20 rr rr     	jsr     _drawStatusTextAt
0008E9r 1  4C rr rr     	jmp     incsp2
0008ECr 1               
0008ECr 1               .endproc
0008ECr 1               
0008ECr 1               ; ---------------------------------------------------------------
0008ECr 1               ; void __near__ centerText (unsigned char y, const char *text)
0008ECr 1               ; ---------------------------------------------------------------
0008ECr 1               
0008ECr 1               .segment	"CODE"
0008ECr 1               
0008ECr 1               .proc	_centerText: near
0008ECr 1               
0008ECr 1               .segment	"CODE"
0008ECr 1               
0008ECr 1  20 rr rr     	jsr     pushax
0008EFr 1  A9 10        	lda     #$10
0008F1r 1  20 rr rr     	jsr     pusha0
0008F4r 1  A0 03        	ldy     #$03
0008F6r 1  20 rr rr     	jsr     ldaxysp
0008F9r 1  20 rr rr     	jsr     _strlen
0008FCr 1  20 rr rr     	jsr     shrax1
0008FFr 1  20 rr rr     	jsr     tossubax
000902r 1  20 rr rr     	jsr     pusha
000905r 1  A0 03        	ldy     #$03
000907r 1  B1 rr        	lda     (c_sp),y
000909r 1  20 rr rr     	jsr     pusha
00090Cr 1  A0 03        	ldy     #$03
00090Er 1  20 rr rr     	jsr     ldaxysp
000911r 1  20 rr rr     	jsr     _drawText
000914r 1  4C rr rr     	jmp     incsp3
000917r 1               
000917r 1               .endproc
000917r 1               
000917r 1               
