ca65 V2.19 - Git 92fa7cb23
Main file   : build/nes/src/stateclient.c.149382.0.s
Current file: build/nes/src/stateclient.c.149382.0.s

000000r 1               ;
000000r 1               ; File generated by cc65 v 2.19 - Git 92fa7cb23
000000r 1               ;
000000r 1               	.fopt		compiler,"cc65 v 2.19 - Git 92fa7cb23"
000000r 1               	.setcpu		"6502"
000000r 1               	.smart		on
000000r 1               	.autoimport	on
000000r 1               	.case		on
000000r 1               	.debuginfo	off
000000r 1               	.importzp	c_sp, sreg, regsave, regbank
000000r 1               	.importzp	tmp1, tmp2, tmp3, tmp4, ptr1, ptr2, ptr3, ptr4
000000r 1               	.macpack	longbranch
000000r 2               .macro  jeq     Target
000000r 2                       .if     .match(Target, 0)
000000r 2                       bne     *+5
000000r 2                       jmp     Target
000000r 2                       .elseif .def(Target) .and .const((*-2)-(Target)) .and ((*+2)-(Target) <= 127)
000000r 2                               beq     Target
000000r 2                       .else
000000r 2                               bne     *+5
000000r 2                               jmp     Target
000000r 2                       .endif
000000r 2               .endmacro
000000r 2               .macro  jne     Target
000000r 2                       .if     .match(Target, 0)
000000r 2                               beq     *+5
000000r 2                               jmp     Target
000000r 2                       .elseif .def(Target) .and .const((*-2)-(Target)) .and ((*+2)-(Target) <= 127)
000000r 2                               bne     Target
000000r 2                       .else
000000r 2                               beq     *+5
000000r 2                               jmp     Target
000000r 2                       .endif
000000r 2               .endmacro
000000r 2               .macro  jmi     Target
000000r 2                       .if     .match(Target, 0)
000000r 2                               bpl     *+5
000000r 2                               jmp     Target
000000r 2                       .elseif .def(Target) .and .const((*-2)-(Target)) .and ((*+2)-(Target) <= 127)
000000r 2                               bmi     Target
000000r 2                       .else
000000r 2                               bpl     *+5
000000r 2                               jmp     Target
000000r 2                       .endif
000000r 2               .endmacro
000000r 2               .macro  jpl     Target
000000r 2                       .if     .match(Target, 0)
000000r 2                               bmi     *+5
000000r 2                               jmp     Target
000000r 2                       .elseif .def(Target) .and .const((*-2)-(Target)) .and ((*+2)-(Target) <= 127)
000000r 2                               bpl     Target
000000r 2                       .else
000000r 2                               bmi     *+5
000000r 2                               jmp     Target
000000r 2                       .endif
000000r 2               .endmacro
000000r 2               .macro  jcs     Target
000000r 2                       .if     .match(Target, 0)
000000r 2                               bcc     *+5
000000r 2                               jmp     Target
000000r 2                       .elseif .def(Target) .and .const((*-2)-(Target)) .and ((*+2)-(Target) <= 127)
000000r 2                               bcs     Target
000000r 2                       .else
000000r 2                               bcc     *+5
000000r 2                               jmp     Target
000000r 2                       .endif
000000r 2               .endmacro
000000r 2               .macro  jcc     Target
000000r 2                       .if     .match(Target, 0)
000000r 2                               bcs     *+5
000000r 2                               jmp     Target
000000r 2                       .elseif .def(Target) .and .const((*-2)-(Target)) .and ((*+2)-(Target) <= 127)
000000r 2                               bcc     Target
000000r 2                       .else
000000r 2                               bcs     *+5
000000r 2                               jmp     Target
000000r 2                       .endif
000000r 2               .endmacro
000000r 2               .macro  jvs     Target
000000r 2                       .if     .match(Target, 0)
000000r 2                               bvc     *+5
000000r 2                               jmp     Target
000000r 2                       .elseif .def(Target) .and .const((*-2)-(Target)) .and ((*+2)-(Target) <= 127)
000000r 2                               bvs     Target
000000r 2                       .else
000000r 2                               bvc     *+5
000000r 2                               jmp     Target
000000r 2                       .endif
000000r 2               .endmacro
000000r 2               .macro  jvc     Target
000000r 2                       .if     .match(Target, 0)
000000r 2                               bvs     *+5
000000r 2                               jmp     Target
000000r 2                       .elseif .def(Target) .and .const((*-2)-(Target)) .and ((*+2)-(Target) <= 127)
000000r 2                               bvc     Target
000000r 2                       .else
000000r 2                               bvs     *+5
000000r 2                               jmp     Target
000000r 2                       .endif
000000r 2               .endmacro
000000r 2               
000000r 1               	.import		_strcat
000000r 1               	.import		_strcpy
000000r 1               	.export		_getStateFromServer
000000r 1               	.export		_apiCall
000000r 1               	.import		_tempBuffer
000000r 1               	.import		_query
000000r 1               	.import		_serverEndpoint
000000r 1               	.import		_clientState
000000r 1               	.import		_requestedMove
000000r 1               	.import		_getResponse
000000r 1               	.export		_urlBuffer
000000r 1               
000000r 1               .segment	"RODATA"
000000r 1               
000000r 1               S0005:
000000r 1  3F 62 69 6E  	.byte	$3F,$62,$69,$6E,$3D,$31,$00
000004r 1  3D 31 00     
000007r 1               S0003:
000007r 1  26 62 69 6E  	.byte	$26,$62,$69,$6E,$3D,$31,$00
00000Br 1  3D 31 00     
00000Er 1               S0008:
00000Er 1  73 74 61 74  	.byte	$73,$74,$61,$74,$65,$00
000012r 1  65 00        
000014r 1               S0007:
000014r 1  6D 6F 76 65  	.byte	$6D,$6F,$76,$65,$2F,$00
000018r 1  2F 00        
00001Ar 1               S0001:
00001Ar 1  4E 3A 00     	.byte	$4E,$3A,$00
00001Dr 1               S0002	:=	S0005+6
00001Dr 1               
00001Dr 1               .segment	"BSS"
000000r 1               
000000r 1               _urlBuffer:
000000r 1  00 00 00 00  	.res	128,$00
000004r 1  00 00 00 00  
000008r 1  00 00 00 00  
000080r 1               
000080r 1               ; ---------------------------------------------------------------
000080r 1               ; unsigned char __near__ getStateFromServer (void)
000080r 1               ; ---------------------------------------------------------------
000080r 1               
000080r 1               .segment	"CODE"
000000r 1               
000000r 1               .proc	_getStateFromServer: near
000000r 1               
000000r 1               .segment	"CODE"
000000r 1               
000000r 1  AD rr rr     	lda     _requestedMove
000003r 1  0D rr rr     	ora     _requestedMove+1
000006r 1  F0 29        	beq     L0002
000008r 1  A9 rr        	lda     #<(_tempBuffer)
00000Ar 1  A2 rr        	ldx     #>(_tempBuffer)
00000Cr 1  20 rr rr     	jsr     pushax
00000Fr 1  A9 rr        	lda     #<(S0007)
000011r 1  A2 rr        	ldx     #>(S0007)
000013r 1  20 rr rr     	jsr     _strcpy
000016r 1  A9 rr        	lda     #<(_tempBuffer)
000018r 1  A2 rr        	ldx     #>(_tempBuffer)
00001Ar 1  20 rr rr     	jsr     pushax
00001Dr 1  AD rr rr     	lda     _requestedMove
000020r 1  AE rr rr     	ldx     _requestedMove+1
000023r 1  20 rr rr     	jsr     _strcat
000026r 1  A9 00        	lda     #$00
000028r 1  8D rr rr     	sta     _requestedMove
00002Br 1  8D rr rr     	sta     _requestedMove+1
00002Er 1  4C rr rr     	jmp     L0003
000031r 1  A9 rr        L0002:	lda     #<(_tempBuffer)
000033r 1  A2 rr        	ldx     #>(_tempBuffer)
000035r 1  20 rr rr     	jsr     pushax
000038r 1  A9 rr        	lda     #<(S0008)
00003Ar 1  A2 rr        	ldx     #>(S0008)
00003Cr 1  20 rr rr     	jsr     _strcpy
00003Fr 1  A9 rr        L0003:	lda     #<(_tempBuffer)
000041r 1  A2 rr        	ldx     #>(_tempBuffer)
000043r 1  4C rr rr     	jmp     _apiCall
000046r 1               
000046r 1               .endproc
000046r 1               
000046r 1               ; ---------------------------------------------------------------
000046r 1               ; unsigned char __near__ apiCall (const char *path)
000046r 1               ; ---------------------------------------------------------------
000046r 1               
000046r 1               .segment	"CODE"
000046r 1               
000046r 1               .proc	_apiCall: near
000046r 1               
000046r 1               .segment	"CODE"
000046r 1               
000046r 1  20 rr rr     	jsr     pushax
000049r 1  AD rr rr     	lda     _serverEndpoint
00004Cr 1  C9 4E        	cmp     #$4E
00004Er 1  F0 0E        	beq     L0002
000050r 1  A9 rr        	lda     #<(_urlBuffer)
000052r 1  A2 rr        	ldx     #>(_urlBuffer)
000054r 1  20 rr rr     	jsr     pushax
000057r 1  A9 rr        	lda     #<(S0001)
000059r 1  A2 rr        	ldx     #>(S0001)
00005Br 1  4C rr rr     	jmp     L0006
00005Er 1  A9 rr        L0002:	lda     #<(_urlBuffer)
000060r 1  A2 rr        	ldx     #>(_urlBuffer)
000062r 1  20 rr rr     	jsr     pushax
000065r 1  A9 rr        	lda     #<(S0002)
000067r 1  A2 rr        	ldx     #>(S0002)
000069r 1  20 rr rr     L0006:	jsr     _strcpy
00006Cr 1  A9 rr        	lda     #<(_urlBuffer)
00006Er 1  A2 rr        	ldx     #>(_urlBuffer)
000070r 1  20 rr rr     	jsr     pushax
000073r 1  A9 rr        	lda     #<(_serverEndpoint)
000075r 1  A2 rr        	ldx     #>(_serverEndpoint)
000077r 1  20 rr rr     	jsr     _strcat
00007Ar 1  A9 rr        	lda     #<(_urlBuffer)
00007Cr 1  A2 rr        	ldx     #>(_urlBuffer)
00007Er 1  20 rr rr     	jsr     pushax
000081r 1  A0 03        	ldy     #$03
000083r 1  20 rr rr     	jsr     ldaxysp
000086r 1  20 rr rr     	jsr     _strcat
000089r 1  A9 rr        	lda     #<(_urlBuffer)
00008Br 1  A2 rr        	ldx     #>(_urlBuffer)
00008Dr 1  20 rr rr     	jsr     pushax
000090r 1  A9 rr        	lda     #<(_query)
000092r 1  A2 rr        	ldx     #>(_query)
000094r 1  20 rr rr     	jsr     _strcat
000097r 1  A9 rr        	lda     #<(_urlBuffer)
000099r 1  A2 rr        	ldx     #>(_urlBuffer)
00009Br 1  20 rr rr     	jsr     pushax
00009Er 1  AD rr rr     	lda     _query
0000A1r 1  F0 07        	beq     L0004
0000A3r 1  A9 rr        	lda     #<(S0003)
0000A5r 1  A2 rr        	ldx     #>(S0003)
0000A7r 1  4C rr rr     	jmp     L0005
0000AAr 1  A9 rr        L0004:	lda     #<(S0005)
0000ACr 1  A2 rr        	ldx     #>(S0005)
0000AEr 1  20 rr rr     L0005:	jsr     _strcat
0000B1r 1  A9 rr        	lda     #<(_urlBuffer)
0000B3r 1  A2 rr        	ldx     #>(_urlBuffer)
0000B5r 1  20 rr rr     	jsr     pushax
0000B8r 1  A9 rr        	lda     #<(_clientState)
0000BAr 1  A2 rr        	ldx     #>(_clientState)
0000BCr 1  20 rr rr     	jsr     pushax
0000BFr 1  A2 01        	ldx     #$01
0000C1r 1  A9 A2        	lda     #$A2
0000C3r 1  20 rr rr     	jsr     _getResponse
0000C6r 1  4C rr rr     	jmp     incsp2
0000C9r 1               
0000C9r 1               .endproc
0000C9r 1               
0000C9r 1               
